Archive member included because of file (symbol)

c:\Users\dan\AppData\Roaming\Code\User\globalStorage\vexrobotics.vexcode\sdk\cpp\V5\V5_20220726_10_00_00/vexv5\libv5rt.a(v5_startup.c.obj)
                              (vexStartup)
c:\Users\dan\AppData\Roaming\Code\User\globalStorage\vexrobotics.vexcode\sdk\cpp\V5\V5_20220726_10_00_00/vexv5\libv5rt.a(v5_util.c.obj)
                              c:\Users\dan\AppData\Roaming\Code\User\globalStorage\vexrobotics.vexcode\sdk\cpp\V5\V5_20220726_10_00_00/vexv5\libv5rt.a(v5_startup.c.obj) (vexStdlibVersionLinked)
c:\Users\dan\AppData\Roaming\Code\User\globalStorage\vexrobotics.vexcode\sdk\cpp\V5\V5_20220726_10_00_00/vexv5\libv5rt.a(v5_apijump.c.obj)
                              c:\Users\dan\AppData\Roaming\Code\User\globalStorage\vexrobotics.vexcode\sdk\cpp\V5\V5_20220726_10_00_00/vexv5\libv5rt.a(v5_startup.c.obj) (vexPrivateApiEnable)
c:\Users\dan\AppData\Roaming\Code\User\globalStorage\vexrobotics.vexcode\sdk\cpp\V5\V5_20220726_10_00_00/vexv5\libv5rt.a(v5_apiversions.c.obj)
                              c:\Users\dan\AppData\Roaming\Code\User\globalStorage\vexrobotics.vexcode\sdk\cpp\V5\V5_20220726_10_00_00/vexv5\libv5rt.a(v5_apijump.c.obj) (vexSystemVersion)
c:\Users\dan\AppData\Roaming\Code\User\globalStorage\vexrobotics.vexcode\sdk\cpp\V5\V5_20220726_10_00_00/vexv5\libv5rt.a(vex_global.cpp.obj)
                              build/src/main.o (vex::wait(double, vex::timeUnits))
c:\Users\dan\AppData\Roaming\Code\User\globalStorage\vexrobotics.vexcode\sdk\cpp\V5\V5_20220726_10_00_00/vexv5\libv5rt.a(vex_motor.cpp.obj)
                              build/src/main.o (vex::motor::~motor())
c:\Users\dan\AppData\Roaming\Code\User\globalStorage\vexrobotics.vexcode\sdk\cpp\V5\V5_20220726_10_00_00/vexv5\libv5rt.a(vex_imu.cpp.obj)
                              build/src/main.o (vex::inertial::setHeading(double, vex::rotationUnits))
c:\Users\dan\AppData\Roaming\Code\User\globalStorage\vexrobotics.vexcode\sdk\cpp\V5\V5_20220726_10_00_00/vexv5\libv5rt.a(vex_rotation.cpp.obj)
                              build/src/main.o (vex::rotation::~rotation())
c:\Users\dan\AppData\Roaming\Code\User\globalStorage\vexrobotics.vexcode\sdk\cpp\V5\V5_20220726_10_00_00/vexv5\libv5rt.a(vex_controller.cpp.obj)
                              build/src/main.o (vex::controller::~controller())
c:\Users\dan\AppData\Roaming\Code\User\globalStorage\vexrobotics.vexcode\sdk\cpp\V5\V5_20220726_10_00_00/vexv5\libv5rt.a(vex_task.cpp.obj)
                              build/src/main.o (vex::task::task(int (*)()))
c:\Users\dan\AppData\Roaming\Code\User\globalStorage\vexrobotics.vexcode\sdk\cpp\V5\V5_20220726_10_00_00/vexv5\libv5rt.a(vex_thread.cpp.obj)
                              c:\Users\dan\AppData\Roaming\Code\User\globalStorage\vexrobotics.vexcode\sdk\cpp\V5\V5_20220726_10_00_00/vexv5\libv5rt.a(vex_global.cpp.obj) (vex::this_thread::sleep_for(unsigned long))
c:\Users\dan\AppData\Roaming\Code\User\globalStorage\vexrobotics.vexcode\sdk\cpp\V5\V5_20220726_10_00_00/vexv5\libv5rt.a(vex_event.cpp.obj)
                              c:\Users\dan\AppData\Roaming\Code\User\globalStorage\vexrobotics.vexcode\sdk\cpp\V5\V5_20220726_10_00_00/vexv5\libv5rt.a(vex_imu.cpp.obj) (vex::event::init(unsigned long, unsigned long, void (*)()))
c:\Users\dan\AppData\Roaming\Code\User\globalStorage\vexrobotics.vexcode\sdk\cpp\V5\V5_20220726_10_00_00/vexv5\libv5rt.a(vex_mevent.cpp.obj)
                              c:\Users\dan\AppData\Roaming\Code\User\globalStorage\vexrobotics.vexcode\sdk\cpp\V5\V5_20220726_10_00_00/vexv5\libv5rt.a(vex_controller.cpp.obj) (vex::mevent::mevent(unsigned long, unsigned long))
c:\Users\dan\AppData\Roaming\Code\User\globalStorage\vexrobotics.vexcode\sdk\cpp\V5\V5_20220726_10_00_00/vexv5\libv5rt.a(vex_brain.cpp.obj)
                              build/src/main.o (vex::brain::brain())
c:\Users\dan\AppData\Roaming\Code\User\globalStorage\vexrobotics.vexcode\sdk\cpp\V5\V5_20220726_10_00_00/vexv5\libv5rt.a(vex_competition.cpp.obj)
                              build/src/main.o (vex::competition::competition())
c:\Users\dan\AppData\Roaming\Code\User\globalStorage\vexrobotics.vexcode\sdk\cpp\V5\V5_20220726_10_00_00/vexv5\libv5rt.a(vex_triport.cpp.obj)
                              c:\Users\dan\AppData\Roaming\Code\User\globalStorage\vexrobotics.vexcode\sdk\cpp\V5\V5_20220726_10_00_00/vexv5\libv5rt.a(vex_brain.cpp.obj) (vex::triport::~triport())
c:\Users\dan\AppData\Roaming\Code\User\globalStorage\vexrobotics.vexcode\sdk\cpp\V5\V5_20220726_10_00_00/vexv5\libv5rt.a(vex_color.cpp.obj)
                              c:\Users\dan\AppData\Roaming\Code\User\globalStorage\vexrobotics.vexcode\sdk\cpp\V5\V5_20220726_10_00_00/vexv5\libv5rt.a(vex_brain.cpp.obj) (vex::color::operator unsigned long() const)
c:\Users\dan\AppData\Roaming\Code\User\globalStorage\vexrobotics.vexcode\sdk\cpp\V5\V5_20220726_10_00_00/vexv5\libv5rt.a(vex_timer.cpp.obj)
[...]
Memory Configuration

Name             Origin             Length             Attributes
ps7_ddr_0_S_AXI_BASEADDR 0x03800000         0x04800000
*default*        0x00000000         0xffffffff

Linker script and memory map

                0x00002000                _STACK_SIZE = DEFINED (_STACK_SIZE)?_STACK_SIZE:0x2000
                0x00100000                _HEAP_SIZE = DEFINED (_HEAP_SIZE)?_HEAP_SIZE:0x100000
                0x00000400                _ABORT_STACK_SIZE = DEFINED (_ABORT_STACK_SIZE)?_ABORT_STACK_SIZE:0x400
                0x00000800                _SUPERVISOR_STACK_SIZE = DEFINED (_SUPERVISOR_STACK_SIZE)?_SUPERVISOR_STACK_SIZE:0x800
                0x00000400                _IRQ_STACK_SIZE = DEFINED (_IRQ_STACK_SIZE)?_IRQ_STACK_SIZE:0x400
                0x00000400                _FIQ_STACK_SIZE = DEFINED (_FIQ_STACK_SIZE)?_FIQ_STACK_SIZE:0x400
                0x00000400                _UNDEF_STACK_SIZE = DEFINED (_UNDEF_STACK_SIZE)?_UNDEF_STACK_SIZE:0x400

.text           0x03800000     0x6e98
 *(.vectors)
 *(.boot_data)
 .boot_data     0x03800000       0x20 c:\Users\dan\AppData\Roaming\Code\User\globalStorage\vexrobotics.vexcode\sdk\cpp\V5\V5_20220726_10_00_00/vexv5\libv5rt.a(v5_startup.c.obj)
                0x03800000                vexCodeSig
                0x00000020                . = 0x20
 *(.boot)
 .boot          0x03800020       0xbc c:\Users\dan\AppData\Roaming\Code\User\globalStorage\vexrobotics.vexcode\sdk\cpp\V5\V5_20220726_10_00_00/vexv5\libv5rt.a(v5_startup.c.obj)
                0x03800020                vexStartup
                0x03800100                . = ALIGN (0x40)
 *fill*         0x038000dc       0x24 
 *(.freertos_vectors)
 *(.text)
 *(.text.*)
 .text._ZN3vex11motor_groupC2IJNS_5motorES2_EEERS2_DpRT_
                0x03800100       0x44 build/src/main.o
                0x03800100                vex::motor_group::motor_group<vex::motor, vex::motor>(vex::motor&, vex::motor&, vex::motor&)
 .text._Z8stopCatav
                0x03800144        0xc build/src/main.o
                0x03800144                stopCata()
 .text._Z13bringCataDownf
                0x03800150       0xc8 build/src/main.o
                0x03800150                bringCataDown(float)
 .text._Z13bringCataDownv
                0x03800218       0x1c build/src/main.o
                0x03800218                bringCataDown()
 .text._Z13cataMatchLoadv
                0x03800234        0xc build/src/main.o
                0x03800234                cataMatchLoad()
 .text._Z13fullCataCyclev
                0x03800240       0x70 build/src/main.o
                0x03800240                fullCataCycle()
 .text._Z10toggleCatav
                0x038002b0       0x80 build/src/main.o
                0x038002b0                toggleCata()
 .text._Z11toggleWingsv
                0x03800330       0x2c build/src/main.o
                0x03800330                toggleWings()
 .text._Z13toggleBlockerv
                0x0380035c       0x2c build/src/main.o
                0x0380035c                toggleBlocker()
 .text._Z9smartTurnf
                0x03800388      0x1dc build/src/main.o
                0x03800388                smartTurn(float)
 *fill*         0x03800564        0x4 
 .text._Z13smartTurnOdomf
                0x03800568      0x1b4 build/src/main.o
                0x03800568                smartTurnOdom(float)
 .text._Z13turnToHeadingf
                0x0380071c       0x80 build/src/main.o
                0x0380071c                turnToHeading(float)
 .text._Z17turnToHeadingOdomf
                0x0380079c       0x80 build/src/main.o
                0x0380079c                turnToHeadingOdom(float)
 *fill*         0x0380081c        0x4 
 .text._Z10odomUpdatev
                0x03800820      0x28c build/src/main.o
                0x03800820                odomUpdate()
 *fill*         0x03800aac        0x4 
 .text._Z8straightfN3vex13distanceUnitsE
                0x03800ab0      0x1a8 build/src/main.o
                0x03800ab0                straight(float, vex::distanceUnits)
 .text._Z8straightff
                0x03800c58       0x6c build/src/main.o
                0x03800c58                straight(float, float)
 *fill*         0x03800cc4        0x4 
 .text._Z4slamN3vex13directionTypeE
                0x03800cc8      0x140 build/src/main.o
                0x03800cc8                slam(vex::directionType)
 .text._Z3arcffN3vex8turnTypeE
                0x03800e08      0x2b8 build/src/main.o
                0x03800e08                arc(float, float, vex::turnType)
 .text._Z11moveToPointff
                0x038010c0       0xd0 build/src/main.o
                0x038010c0                moveToPoint(float, float)
 .text._Z9pre_autonv
                0x03801190      0x128 build/src/main.o
                0x03801190                pre_auton()
 .text._Z12oppositeSidev
                0x038012b8      0x1f0 build/src/main.o
                0x038012b8                oppositeSide()
 .text._Z16oppositeSideElimv
                0x038014a8      0x278 build/src/main.o
                0x038014a8                oppositeSideElim()
 .text._Z8sameSidev
                0x03801720      0x220 build/src/main.o
                0x03801720                sameSide()
 .text._Z11AWPSameSidev
                0x03801940      0x188 build/src/main.o
                0x03801940                AWPSameSide()
 .text._Z17programmingSkillsv
                0x03801ac8      0x3a0 build/src/main.o
                0x03801ac8                programmingSkills()
 .text._Z7testingv
                0x03801e68       0x1c build/src/main.o
                0x03801e68                testing()
 .text.__cxx_global_array_dtor
                0x03801e84       0x2c build/src/main.o
 .text._Z14autonSelectionv
                0x03801eb0       0xd0 build/src/main.o
                0x03801eb0                autonSelection()
 .text._Z11usercontrolv
                0x03801f80      0x3d8 build/src/main.o
                0x03801f80                usercontrol()
 .text.main     0x03802358      0x170 build/src/main.o
                0x03802358                main
 .text._GLOBAL__sub_I_main.cpp
                0x038024c8      0x508 build/src/main.o
 .text.vexMain  0x038029d0       0xb0 c:\Users\dan\AppData\Roaming\Code\User\globalStorage\vexrobotics.vexcode\sdk\cpp\V5\V5_20220726_10_00_00/vexv5\libv5rt.a(v5_startup.c.obj)
                0x038029d0                vexMain
 .text.__vex_function_prolog
                0x03802a80       0x18 c:\Users\dan\AppData\Roaming\Code\User\globalStorage\vexrobotics.vexcode\sdk\cpp\V5\V5_20220726_10_00_00/vexv5\libv5rt.a(v5_startup.c.obj)
                0x03802a80                __vex_function_prolog
 .text._init    0x03802a98        0x4 c:\Users\dan\AppData\Roaming\Code\User\globalStorage\vexrobotics.vexcode\sdk\cpp\V5\V5_20220726_10_00_00/vexv5\libv5rt.a(v5_startup.c.obj)
                0x03802a98                _init
 .text._fini    0x03802a9c        0x4 c:\Users\dan\AppData\Roaming\Code\User\globalStorage\vexrobotics.vexcode\sdk\cpp\V5\V5_20220726_10_00_00/vexv5\libv5rt.a(v5_startup.c.obj)
                0x03802a9c                _fini
 .text.vexStdlibVersionLinked
                0x03802aa0        0xc c:\Users\dan\AppData\Roaming\Code\User\globalStorage\vexrobotics.vexcode\sdk\cpp\V5\V5_20220726_10_00_00/vexv5\libv5rt.a(v5_util.c.obj)
                0x03802aa0                vexStdlibVersionLinked
 .text.vexStdlibVersionVerify
                0x03802aac       0x30 c:\Users\dan\AppData\Roaming\Code\User\globalStorage\vexrobotics.vexcode\sdk\cpp\V5\V5_20220726_10_00_00/vexv5\libv5rt.a(v5_util.c.obj)
                0x03802aac                vexStdlibVersionVerify
 .text.vexPrivateApiEnable
                0x03802adc       0x10 c:\Users\dan\AppData\Roaming\Code\User\globalStorage\vexrobotics.vexcode\sdk\cpp\V5\V5_20220726_10_00_00/vexv5\libv5rt.a(v5_apijump.c.obj)
                0x03802adc                vexPrivateApiEnable
 .text.vexStdlibMismatchError
                0x03802aec       0x3c c:\Users\dan\AppData\Roaming\Code\User\globalStorage\vexrobotics.vexcode\sdk\cpp\V5\V5_20220726_10_00_00/vexv5\libv5rt.a(v5_apijump.c.obj)
                0x03802aec                vexStdlibMismatchError
 .text.vexTaskAdd
                0x03802b28       0x10 c:\Users\dan\AppData\Roaming\Code\User\globalStorage\vexrobotics.vexcode\sdk\cpp\V5\V5_20220726_10_00_00/vexv5\libv5rt.a(v5_apijump.c.obj)
                0x03802b28                vexTaskAdd
 .text.vexTasksRun
                0x03802b38       0x10 c:\Users\dan\AppData\Roaming\Code\User\globalStorage\vexrobotics.vexcode\sdk\cpp\V5\V5_20220726_10_00_00/vexv5\libv5rt.a(v5_apijump.c.obj)
                0x03802b38                vexTasksRun
 .text.vexTaskYield
                0x03802b48       0x10 c:\Users\dan\AppData\Roaming\Code\User\globalStorage\vexrobotics.vexcode\sdk\cpp\V5\V5_20220726_10_00_00/vexv5\libv5rt.a(v5_apijump.c.obj)
                0x03802b48                vexTaskYield
 .text.vexTaskCheckTimeslice
                0x03802b58       0x10 c:\Users\dan\AppData\Roaming\Code\User\globalStorage\vexrobotics.vexcode\sdk\cpp\V5\V5_20220726_10_00_00/vexv5\libv5rt.a(v5_apijump.c.obj)
                0x03802b58                vexTaskCheckTimeslice
 .text.vexTaskSleep
                0x03802b68       0x10 c:\Users\dan\AppData\Roaming\Code\User\globalStorage\vexrobotics.vexcode\sdk\cpp\V5\V5_20220726_10_00_00/vexv5\libv5rt.a(v5_apijump.c.obj)
                0x03802b68                vexTaskSleep
 .text.vexTasksDump
                0x03802b78       0x1c c:\Users\dan\AppData\Roaming\Code\User\globalStorage\vexrobotics.vexcode\sdk\cpp\V5\V5_20220726_10_00_00/vexv5\libv5rt.a(v5_apijump.c.obj)
                0x03802b78                vexTasksDump
 .text.vexTaskGetTaskIndex
                0x03802b94       0x10 c:\Users\dan\AppData\Roaming\Code\User\globalStorage\vexrobotics.vexcode\sdk\cpp\V5\V5_20220726_10_00_00/vexv5\libv5rt.a(v5_apijump.c.obj)
                0x03802b94                vexTaskGetTaskIndex
 .text.vexTaskStopAll
                0x03802ba4       0x10 c:\Users\dan\AppData\Roaming\Code\User\globalStorage\vexrobotics.vexcode\sdk\cpp\V5\V5_20220726_10_00_00/vexv5\libv5rt.a(v5_apijump.c.obj)
                0x03802ba4                vexTaskStopAll
 .text.vexTaskRemoveAllUser
                0x03802bb4       0x34 c:\Users\dan\AppData\Roaming\Code\User\globalStorage\vexrobotics.vexcode\sdk\cpp\V5\V5_20220726_10_00_00/vexv5\libv5rt.a(v5_apijump.c.obj)
                0x03802bb4                vexTaskRemoveAllUser
 .text.vexTaskCompletionIdSet
                0x03802be8       0x10 c:\Users\dan\AppData\Roaming\Code\User\globalStorage\vexrobotics.vexcode\sdk\cpp\V5\V5_20220726_10_00_00/vexv5\libv5rt.a(v5_apijump.c.obj)
                0x03802be8                vexTaskCompletionIdSet
 .text.vexTaskStopWithId
                0x03802bf8       0x10 c:\Users\dan\AppData\Roaming\Code\User\globalStorage\vexrobotics.vexcode\sdk\cpp\V5\V5_20220726_10_00_00/vexv5\libv5rt.a(v5_apijump.c.obj)
                0x03802bf8                vexTaskStopWithId
 .text.vexCriticalSection
                0x03802c08       0x2c c:\Users\dan\AppData\Roaming\Code\User\globalStorage\vexrobotics.vexcode\sdk\cpp\V5\V5_20220726_10_00_00/vexv5\libv5rt.a(v5_apijump.c.obj)
                0x03802c08                vexCriticalSection
 .text.vexEventAdd
                0x03802c34       0x34 c:\Users\dan\AppData\Roaming\Code\User\globalStorage\vexrobotics.vexcode\sdk\cpp\V5\V5_20220726_10_00_00/vexv5\libv5rt.a(v5_apijump.c.obj)
                0x03802c34                vexEventAdd
 .text.vexEventUserIndexGet
                0x03802c68       0x1c c:\Users\dan\AppData\Roaming\Code\User\globalStorage\vexrobotics.vexcode\sdk\cpp\V5\V5_20220726_10_00_00/vexv5\libv5rt.a(v5_apijump.c.obj)
                0x03802c68                vexEventUserIndexGet
 .text.vexEventAddWithArg
                0x03802c84       0x3c c:\Users\dan\AppData\Roaming\Code\User\globalStorage\vexrobotics.vexcode\sdk\cpp\V5\V5_20220726_10_00_00/vexv5\libv5rt.a(v5_apijump.c.obj)
                0x03802c84                vexEventAddWithArg
 .text.vexEventsCleanup
                0x03802cc0       0x2c c:\Users\dan\AppData\Roaming\Code\User\globalStorage\vexrobotics.vexcode\sdk\cpp\V5\V5_20220726_10_00_00/vexv5\libv5rt.a(v5_apijump.c.obj)
                0x03802cc0                vexEventsCleanup
 .text.vexDebug
                0x03802cec       0x38 c:\Users\dan\AppData\Roaming\Code\User\globalStorage\vexrobotics.vexcode\sdk\cpp\V5\V5_20220726_10_00_00/vexv5\libv5rt.a(v5_apijump.c.obj)
                0x03802cec                vexDebug
 .text.vex_sprintf
                0x03802d24       0x40 c:\Users\dan\AppData\Roaming\Code\User\globalStorage\vexrobotics.vexcode\sdk\cpp\V5\V5_20220726_10_00_00/vexv5\libv5rt.a(v5_apijump.c.obj)
                0x03802d24                vex_sprintf
 .text.vex_vsnprintf
                0x03802d64       0x3c c:\Users\dan\AppData\Roaming\Code\User\globalStorage\vexrobotics.vexcode\sdk\cpp\V5\V5_20220726_10_00_00/vexv5\libv5rt.a(v5_apijump.c.obj)
                0x03802d64                vex_vsnprintf
 .text.vexSystemTimeGet
                0x03802da0       0x1c c:\Users\dan\AppData\Roaming\Code\User\globalStorage\vexrobotics.vexcode\sdk\cpp\V5\V5_20220726_10_00_00/vexv5\libv5rt.a(v5_apijump.c.obj)
                0x03802da0                vexSystemTimeGet
 .text.vexSystemExitRequest
                0x03802dbc       0x1c c:\Users\dan\AppData\Roaming\Code\User\globalStorage\vexrobotics.vexcode\sdk\cpp\V5\V5_20220726_10_00_00/vexv5\libv5rt.a(v5_apijump.c.obj)
                0x03802dbc                vexSystemExitRequest
 .text.vexDeviceGetByIndex
                0x03802dd8       0x24 c:\Users\dan\AppData\Roaming\Code\User\globalStorage\vexrobotics.vexcode\sdk\cpp\V5\V5_20220726_10_00_00/vexv5\libv5rt.a(v5_apijump.c.obj)
                0x03802dd8                vexDeviceGetByIndex
 .text.vexControllerGet
                0x03802dfc       0x2c c:\Users\dan\AppData\Roaming\Code\User\globalStorage\vexrobotics.vexcode\sdk\cpp\V5\V5_20220726_10_00_00/vexv5\libv5rt.a(v5_apijump.c.obj)
                0x03802dfc                vexControllerGet
 .text.vexControllerTextSet
                0x03802e28       0x74 c:\Users\dan\AppData\Roaming\Code\User\globalStorage\vexrobotics.vexcode\sdk\cpp\V5\V5_20220726_10_00_00/vexv5\libv5rt.a(v5_apijump.c.obj)
                0x03802e28                vexControllerTextSet
 .text.vexDeviceAdiPortConfigSet
                0x03802e9c       0x34 c:\Users\dan\AppData\Roaming\Code\User\globalStorage\vexrobotics.vexcode\sdk\cpp\V5\V5_20220726_10_00_00/vexv5\libv5rt.a(v5_apijump.c.obj)
                0x03802e9c                vexDeviceAdiPortConfigSet
 .text.vexDeviceAdiPortConfigGet
                0x03802ed0       0x2c c:\Users\dan\AppData\Roaming\Code\User\globalStorage\vexrobotics.vexcode\sdk\cpp\V5\V5_20220726_10_00_00/vexv5\libv5rt.a(v5_apijump.c.obj)
                0x03802ed0                vexDeviceAdiPortConfigGet
 .text.vexDeviceAdiValueSet
                0x03802efc       0x34 c:\Users\dan\AppData\Roaming\Code\User\globalStorage\vexrobotics.vexcode\sdk\cpp\V5\V5_20220726_10_00_00/vexv5\libv5rt.a(v5_apijump.c.obj)
                0x03802efc                vexDeviceAdiValueSet
 .text.vexDeviceAdiValueGet
                0x03802f30       0x2c c:\Users\dan\AppData\Roaming\Code\User\globalStorage\vexrobotics.vexcode\sdk\cpp\V5\V5_20220726_10_00_00/vexv5\libv5rt.a(v5_apijump.c.obj)
                0x03802f30                vexDeviceAdiValueGet
 .text.vexDeviceMotorVelocitySet
                0x03802f5c       0x2c c:\Users\dan\AppData\Roaming\Code\User\globalStorage\vexrobotics.vexcode\sdk\cpp\V5\V5_20220726_10_00_00/vexv5\libv5rt.a(v5_apijump.c.obj)
                0x03802f5c                vexDeviceMotorVelocitySet
 .text.vexDeviceMotorVelocityGet
                0x03802f88       0x24 c:\Users\dan\AppData\Roaming\Code\User\globalStorage\vexrobotics.vexcode\sdk\cpp\V5\V5_20220726_10_00_00/vexv5\libv5rt.a(v5_apijump.c.obj)
                0x03802f88                vexDeviceMotorVelocityGet
 .text.vexDeviceMotorActualVelocityGet
                0x03802fac       0x24 c:\Users\dan\AppData\Roaming\Code\User\globalStorage\vexrobotics.vexcode\sdk\cpp\V5\V5_20220726_10_00_00/vexv5\libv5rt.a(v5_apijump.c.obj)
                0x03802fac                vexDeviceMotorActualVelocityGet
 .text.vexDeviceMotorModeGet
                0x03802fd0       0x24 c:\Users\dan\AppData\Roaming\Code\User\globalStorage\vexrobotics.vexcode\sdk\cpp\V5\V5_20220726_10_00_00/vexv5\libv5rt.a(v5_apijump.c.obj)
                0x03802fd0                vexDeviceMotorModeGet
 .text.vexDeviceMotorZeroPositionFlagGet
                0x03802ff4       0x24 c:\Users\dan\AppData\Roaming\Code\User\globalStorage\vexrobotics.vexcode\sdk\cpp\V5\V5_20220726_10_00_00/vexv5\libv5rt.a(v5_apijump.c.obj)
                0x03802ff4                vexDeviceMotorZeroPositionFlagGet
 .text.vexDeviceMotorReverseFlagSet
                0x03803018       0x2c c:\Users\dan\AppData\Roaming\Code\User\globalStorage\vexrobotics.vexcode\sdk\cpp\V5\V5_20220726_10_00_00/vexv5\libv5rt.a(v5_apijump.c.obj)
                0x03803018                vexDeviceMotorReverseFlagSet
 .text.vexDeviceMotorEncoderUnitsSet
                0x03803044       0x2c c:\Users\dan\AppData\Roaming\Code\User\globalStorage\vexrobotics.vexcode\sdk\cpp\V5\V5_20220726_10_00_00/vexv5\libv5rt.a(v5_apijump.c.obj)
                0x03803044                vexDeviceMotorEncoderUnitsSet
 .text.vexDeviceMotorBrakeModeSet
                0x03803070       0x2c c:\Users\dan\AppData\Roaming\Code\User\globalStorage\vexrobotics.vexcode\sdk\cpp\V5\V5_20220726_10_00_00/vexv5\libv5rt.a(v5_apijump.c.obj)
                0x03803070                vexDeviceMotorBrakeModeSet
 .text.vexDeviceMotorPositionSet
                0x0380309c       0x34 c:\Users\dan\AppData\Roaming\Code\User\globalStorage\vexrobotics.vexcode\sdk\cpp\V5\V5_20220726_10_00_00/vexv5\libv5rt.a(v5_apijump.c.obj)
                0x0380309c                vexDeviceMotorPositionSet
 .text.vexDeviceMotorPositionGet
                0x038030d0       0x24 c:\Users\dan\AppData\Roaming\Code\User\globalStorage\vexrobotics.vexcode\sdk\cpp\V5\V5_20220726_10_00_00/vexv5\libv5rt.a(v5_apijump.c.obj)
                0x038030d0                vexDeviceMotorPositionGet
 .text.vexDeviceMotorRelativeTargetSet
                0x038030f4       0x3c c:\Users\dan\AppData\Roaming\Code\User\globalStorage\vexrobotics.vexcode\sdk\cpp\V5\V5_20220726_10_00_00/vexv5\libv5rt.a(v5_apijump.c.obj)
                0x038030f4                vexDeviceMotorRelativeTargetSet
 .text.vexDeviceMotorGearingSet
                0x03803130       0x2c c:\Users\dan\AppData\Roaming\Code\User\globalStorage\vexrobotics.vexcode\sdk\cpp\V5\V5_20220726_10_00_00/vexv5\libv5rt.a(v5_apijump.c.obj)
                0x03803130                vexDeviceMotorGearingSet
 .text.vexDeviceMotorGearingGet
                0x0380315c       0x24 c:\Users\dan\AppData\Roaming\Code\User\globalStorage\vexrobotics.vexcode\sdk\cpp\V5\V5_20220726_10_00_00/vexv5\libv5rt.a(v5_apijump.c.obj)
                0x0380315c                vexDeviceMotorGearingGet
 .text.vexDeviceImuReset
                0x03803180       0x24 c:\Users\dan\AppData\Roaming\Code\User\globalStorage\vexrobotics.vexcode\sdk\cpp\V5\V5_20220726_10_00_00/vexv5\libv5rt.a(v5_apijump.c.obj)
                0x03803180                vexDeviceImuReset
 .text.vexDeviceImuHeadingGet
                0x038031a4       0x24 c:\Users\dan\AppData\Roaming\Code\User\globalStorage\vexrobotics.vexcode\sdk\cpp\V5\V5_20220726_10_00_00/vexv5\libv5rt.a(v5_apijump.c.obj)
                0x038031a4                vexDeviceImuHeadingGet
 .text.vexDeviceImuDegreesGet
                0x038031c8       0x24 c:\Users\dan\AppData\Roaming\Code\User\globalStorage\vexrobotics.vexcode\sdk\cpp\V5\V5_20220726_10_00_00/vexv5\libv5rt.a(v5_apijump.c.obj)
                0x038031c8                vexDeviceImuDegreesGet
 .text.vexDeviceImuStatusGet
                0x038031ec       0x24 c:\Users\dan\AppData\Roaming\Code\User\globalStorage\vexrobotics.vexcode\sdk\cpp\V5\V5_20220726_10_00_00/vexv5\libv5rt.a(v5_apijump.c.obj)
                0x038031ec                vexDeviceImuStatusGet
 .text.vexDeviceAbsEncPositionGet
                0x03803210       0x24 c:\Users\dan\AppData\Roaming\Code\User\globalStorage\vexrobotics.vexcode\sdk\cpp\V5\V5_20220726_10_00_00/vexv5\libv5rt.a(v5_apijump.c.obj)
                0x03803210                vexDeviceAbsEncPositionGet
 .text.vexDeviceAbsEncAngleGet
                0x03803234       0x24 c:\Users\dan\AppData\Roaming\Code\User\globalStorage\vexrobotics.vexcode\sdk\cpp\V5\V5_20220726_10_00_00/vexv5\libv5rt.a(v5_apijump.c.obj)
                0x03803234                vexDeviceAbsEncAngleGet
 .text.vexDeviceAbsEncReverseFlagSet
                0x03803258       0x2c c:\Users\dan\AppData\Roaming\Code\User\globalStorage\vexrobotics.vexcode\sdk\cpp\V5\V5_20220726_10_00_00/vexv5\libv5rt.a(v5_apijump.c.obj)
                0x03803258                vexDeviceAbsEncReverseFlagSet
 .text.vexDisplayForegroundColor
                0x03803284       0x24 c:\Users\dan\AppData\Roaming\Code\User\globalStorage\vexrobotics.vexcode\sdk\cpp\V5\V5_20220726_10_00_00/vexv5\libv5rt.a(v5_apijump.c.obj)
                0x03803284                vexDisplayForegroundColor
 .text.vexDisplayBackgroundColor
                0x038032a8       0x24 c:\Users\dan\AppData\Roaming\Code\User\globalStorage\vexrobotics.vexcode\sdk\cpp\V5\V5_20220726_10_00_00/vexv5\libv5rt.a(v5_apijump.c.obj)
                0x038032a8                vexDisplayBackgroundColor
 .text.vexDisplayBackgroundColorGet
                0x038032cc       0x1c c:\Users\dan\AppData\Roaming\Code\User\globalStorage\vexrobotics.vexcode\sdk\cpp\V5\V5_20220726_10_00_00/vexv5\libv5rt.a(v5_apijump.c.obj)
                0x038032cc                vexDisplayBackgroundColorGet
 .text.vexDisplayPixelSet
                0x038032e8       0x38 c:\Users\dan\AppData\Roaming\Code\User\globalStorage\vexrobotics.vexcode\sdk\cpp\V5\V5_20220726_10_00_00/vexv5\libv5rt.a(v5_apijump.c.obj)
                0x038032e8                vexDisplayPixelSet
 .text.vexDisplayLineDraw
                0x03803320       0x4c c:\Users\dan\AppData\Roaming\Code\User\globalStorage\vexrobotics.vexcode\sdk\cpp\V5\V5_20220726_10_00_00/vexv5\libv5rt.a(v5_apijump.c.obj)
                0x03803320                vexDisplayLineDraw
 .text.vexDisplayRectClear
                0x0380336c       0x4c c:\Users\dan\AppData\Roaming\Code\User\globalStorage\vexrobotics.vexcode\sdk\cpp\V5\V5_20220726_10_00_00/vexv5\libv5rt.a(v5_apijump.c.obj)
                0x0380336c                vexDisplayRectClear
 .text.vexDisplayVPrintf
                0x038033b8       0x50 c:\Users\dan\AppData\Roaming\Code\User\globalStorage\vexrobotics.vexcode\sdk\cpp\V5\V5_20220726_10_00_00/vexv5\libv5rt.a(v5_apijump.c.obj)
                0x038033b8                vexDisplayVPrintf
 .text.vexDisplayTextReference
                0x03803408       0x24 c:\Users\dan\AppData\Roaming\Code\User\globalStorage\vexrobotics.vexcode\sdk\cpp\V5\V5_20220726_10_00_00/vexv5\libv5rt.a(v5_apijump.c.obj)
                0x03803408                vexDisplayTextReference
 .text.vexDisplayTextSize
                0x0380342c       0x2c c:\Users\dan\AppData\Roaming\Code\User\globalStorage\vexrobotics.vexcode\sdk\cpp\V5\V5_20220726_10_00_00/vexv5\libv5rt.a(v5_apijump.c.obj)
                0x0380342c                vexDisplayTextSize
 .text.vexDisplayFontNamedSet
                0x03803458       0x24 c:\Users\dan\AppData\Roaming\Code\User\globalStorage\vexrobotics.vexcode\sdk\cpp\V5\V5_20220726_10_00_00/vexv5\libv5rt.a(v5_apijump.c.obj)
                0x03803458                vexDisplayFontNamedSet
 .text.vexDisplayPenSizeGet
                0x0380347c       0x1c c:\Users\dan\AppData\Roaming\Code\User\globalStorage\vexrobotics.vexcode\sdk\cpp\V5\V5_20220726_10_00_00/vexv5\libv5rt.a(v5_apijump.c.obj)
                0x0380347c                vexDisplayPenSizeGet
 .text.vexSystemStdlibImpureDataAddr
                0x03803498       0x28 c:\Users\dan\AppData\Roaming\Code\User\globalStorage\vexrobotics.vexcode\sdk\cpp\V5\V5_20220726_10_00_00/vexv5\libv5rt.a(v5_apijump.c.obj)
                0x03803498                vexSystemStdlibImpureDataAddr
 .text.vexSystemStdlibImpureDataSize
                0x038034c0       0x28 c:\Users\dan\AppData\Roaming\Code\User\globalStorage\vexrobotics.vexcode\sdk\cpp\V5\V5_20220726_10_00_00/vexv5\libv5rt.a(v5_apijump.c.obj)
                0x038034c0                vexSystemStdlibImpureDataSize
 .text.vexSystemSaveUserData
                0x038034e8       0x3c c:\Users\dan\AppData\Roaming\Code\User\globalStorage\vexrobotics.vexcode\sdk\cpp\V5\V5_20220726_10_00_00/vexv5\libv5rt.a(v5_apijump.c.obj)
                0x038034e8                vexSystemSaveUserData
 .text.vexTouchDataGet
                0x03803524       0x10 c:\Users\dan\AppData\Roaming\Code\User\globalStorage\vexrobotics.vexcode\sdk\cpp\V5\V5_20220726_10_00_00/vexv5\libv5rt.a(v5_apijump.c.obj)
                0x03803524                vexTouchDataGet
 .text.vexDisplayThemeIdGet
                0x03803534       0x38 c:\Users\dan\AppData\Roaming\Code\User\globalStorage\vexrobotics.vexcode\sdk\cpp\V5\V5_20220726_10_00_00/vexv5\libv5rt.a(v5_apijump.c.obj)
                0x03803534                vexDisplayThemeIdGet
 .text.vexDisplayRender
                0x0380356c       0x2c c:\Users\dan\AppData\Roaming\Code\User\globalStorage\vexrobotics.vexcode\sdk\cpp\V5\V5_20220726_10_00_00/vexv5\libv5rt.a(v5_apijump.c.obj)
                0x0380356c                vexDisplayRender
 .text.vexDeviceEventMaskSet
                0x03803598       0x48 c:\Users\dan\AppData\Roaming\Code\User\globalStorage\vexrobotics.vexcode\sdk\cpp\V5\V5_20220726_10_00_00/vexv5\libv5rt.a(v5_apijump.c.obj)
                0x03803598                vexDeviceEventMaskSet
 .text.vexDeviceEventMaskGet
                0x038035e0       0x3c c:\Users\dan\AppData\Roaming\Code\User\globalStorage\vexrobotics.vexcode\sdk\cpp\V5\V5_20220726_10_00_00/vexv5\libv5rt.a(v5_apijump.c.obj)
                0x038035e0                vexDeviceEventMaskGet
 .text.vexSystemVersion
                0x0380361c       0x10 c:\Users\dan\AppData\Roaming\Code\User\globalStorage\vexrobotics.vexcode\sdk\cpp\V5\V5_20220726_10_00_00/vexv5\libv5rt.a(v5_apiversions.c.obj)
                0x0380361c                vexSystemVersion
 .text.vexStdlibVersion
                0x0380362c       0x10 c:\Users\dan\AppData\Roaming\Code\User\globalStorage\vexrobotics.vexcode\sdk\cpp\V5\V5_20220726_10_00_00/vexv5\libv5rt.a(v5_apiversions.c.obj)
                0x0380362c                vexStdlibVersion
 *fill*         0x0380363c        0x4 
 .text._ZN3vex4waitEdNS_9timeUnitsE
                0x03803640       0x30 c:\Users\dan\AppData\Roaming\Code\User\globalStorage\vexrobotics.vexcode\sdk\cpp\V5\V5_20220726_10_00_00/vexv5\libv5rt.a(vex_global.cpp.obj)
                0x03803640                vex::wait(double, vex::timeUnits)
 .text._ZN3vex5motorD2Ev
                0x03803670       0x20 c:\Users\dan\AppData\Roaming\Code\User\globalStorage\vexrobotics.vexcode\sdk\cpp\V5\V5_20220726_10_00_00/vexv5\libv5rt.a(vex_motor.cpp.obj)
                0x03803670                vex::motor::~motor()
                0x03803670                vex::motor::~motor()
 .text._ZN3vex5motorD0Ev
                0x03803690       0x1c c:\Users\dan\AppData\Roaming\Code\User\globalStorage\vexrobotics.vexcode\sdk\cpp\V5\V5_20220726_10_00_00/vexv5\libv5rt.a(vex_motor.cpp.obj)
                0x03803690                vex::motor::~motor()
 .text._ZN3vex5motor9installedEv
                0x038036ac       0x18 c:\Users\dan\AppData\Roaming\Code\User\globalStorage\vexrobotics.vexcode\sdk\cpp\V5\V5_20220726_10_00_00/vexv5\libv5rt.a(vex_motor.cpp.obj)
                0x038036ac                vex::motor::installed()
 .text._ZN3vex5motor15defaultStoppingENS_9brakeTypeE
                0x038036c4       0x30 c:\Users\dan\AppData\Roaming\Code\User\globalStorage\vexrobotics.vexcode\sdk\cpp\V5\V5_20220726_10_00_00/vexv5\libv5rt.a(vex_motor.cpp.obj)
                0x038036c4                vex::motor::defaultStopping(vex::brakeType)
 .text._ZN3vex5motor11setStoppingENS_9brakeTypeE
                0x038036f4        0x4 c:\Users\dan\AppData\Roaming\Code\User\globalStorage\vexrobotics.vexcode\sdk\cpp\V5\V5_20220726_10_00_00/vexv5\libv5rt.a(vex_motor.cpp.obj)
                0x038036f4                vex::motor::setStopping(vex::brakeType)
 .text._ZN3vex5motorC2El
                0x038036f8       0x78 c:\Users\dan\AppData\Roaming\Code\User\globalStorage\vexrobotics.vexcode\sdk\cpp\V5\V5_20220726_10_00_00/vexv5\libv5rt.a(vex_motor.cpp.obj)
                0x038036f8                vex::motor::motor(long)
                0x038036f8                vex::motor::motor(long)
 .text._ZN3vex5motorC2ElNS_11gearSettingEb
                0x03803770       0x34 c:\Users\dan\AppData\Roaming\Code\User\globalStorage\vexrobotics.vexcode\sdk\cpp\V5\V5_20220726_10_00_00/vexv5\libv5rt.a(vex_motor.cpp.obj)
                0x03803770                vex::motor::motor(long, vex::gearSetting, bool)
                0x03803770                vex::motor::motor(long, vex::gearSetting, bool)
 .text._ZN3vex5motor14isSpinningModeEv
                0x038037a4       0x48 c:\Users\dan\AppData\Roaming\Code\User\globalStorage\vexrobotics.vexcode\sdk\cpp\V5\V5_20220726_10_00_00/vexv5\libv5rt.a(vex_motor.cpp.obj)
                0x038037a4                vex::motor::isSpinningMode()
 .text._ZN3vex5motor10isSpinningEv
                0x038037ec       0x44 c:\Users\dan\AppData\Roaming\Code\User\globalStorage\vexrobotics.vexcode\sdk\cpp\V5\V5_20220726_10_00_00/vexv5\libv5rt.a(vex_motor.cpp.obj)
                0x038037ec                vex::motor::isSpinning()
 .text._ZN3vex5motor4stopENS_9brakeTypeE
                0x03803830       0x30 c:\Users\dan\AppData\Roaming\Code\User\globalStorage\vexrobotics.vexcode\sdk\cpp\V5\V5_20220726_10_00_00/vexv5\libv5rt.a(vex_motor.cpp.obj)
                0x03803830                vex::motor::stop(vex::brakeType)
 .text._ZN3vex5motor4stopEv
                0x03803860        0x8 c:\Users\dan\AppData\Roaming\Code\User\globalStorage\vexrobotics.vexcode\sdk\cpp\V5\V5_20220726_10_00_00/vexv5\libv5rt.a(vex_motor.cpp.obj)
                0x03803860                vex::motor::stop()
 .text._ZN3vex5motor16velocityToScaledEdNS_13velocityUnitsE
                0x03803868       0x5c c:\Users\dan\AppData\Roaming\Code\User\globalStorage\vexrobotics.vexcode\sdk\cpp\V5\V5_20220726_10_00_00/vexv5\libv5rt.a(vex_motor.cpp.obj)
                0x03803868                vex::motor::velocityToScaled(double, vex::velocityUnits)
 .text._ZN3vex5motor8velocityENS_13velocityUnitsE
                0x038038c4       0x30 c:\Users\dan\AppData\Roaming\Code\User\globalStorage\vexrobotics.vexcode\sdk\cpp\V5\V5_20220726_10_00_00/vexv5\libv5rt.a(vex_motor.cpp.obj)
                0x038038c4                vex::motor::velocity(vex::velocityUnits)
 .text._ZN3vex5motor5valueEv
                0x038038f4       0x1c c:\Users\dan\AppData\Roaming\Code\User\globalStorage\vexrobotics.vexcode\sdk\cpp\V5\V5_20220726_10_00_00/vexv5\libv5rt.a(vex_motor.cpp.obj)
                0x038038f4                vex::motor::value()
 .text._ZN3vex5motor16scaledToVelocityEdNS_13velocityUnitsE
                0x03803910       0xa4 c:\Users\dan\AppData\Roaming\Code\User\globalStorage\vexrobotics.vexcode\sdk\cpp\V5\V5_20220726_10_00_00/vexv5\libv5rt.a(vex_motor.cpp.obj)
                0x03803910                vex::motor::scaledToVelocity(double, vex::velocityUnits)
 .text._ZN3vex5motor4spinENS_13directionTypeEdNS_13velocityUnitsE
                0x038039b4       0x5c c:\Users\dan\AppData\Roaming\Code\User\globalStorage\vexrobotics.vexcode\sdk\cpp\V5\V5_20220726_10_00_00/vexv5\libv5rt.a(vex_motor.cpp.obj)
                0x038039b4                vex::motor::spin(vex::directionType, double, vex::velocityUnits)
 .text._ZN3vex5motor4spinENS_13directionTypeE
                0x03803a10       0x28 c:\Users\dan\AppData\Roaming\Code\User\globalStorage\vexrobotics.vexcode\sdk\cpp\V5\V5_20220726_10_00_00/vexv5\libv5rt.a(vex_motor.cpp.obj)
                0x03803a10                vex::motor::spin(vex::directionType)
 .text._ZN3vex5motor11setVelocityEdNS_13velocityUnitsE
                0x03803a38       0x54 c:\Users\dan\AppData\Roaming\Code\User\globalStorage\vexrobotics.vexcode\sdk\cpp\V5\V5_20220726_10_00_00/vexv5\libv5rt.a(vex_motor.cpp.obj)
                0x03803a38                vex::motor::setVelocity(double, vex::velocityUnits)
 .text._ZN3vex5motor16setRotationUnitsENS_13rotationUnitsE
                0x03803a8c       0x1c c:\Users\dan\AppData\Roaming\Code\User\globalStorage\vexrobotics.vexcode\sdk\cpp\V5\V5_20220726_10_00_00/vexv5\libv5rt.a(vex_motor.cpp.obj)
                0x03803a8c                vex::motor::setRotationUnits(vex::rotationUnits)
 .text._ZN3vex5motor7spinForEdNS_13rotationUnitsEdNS_13velocityUnitsEb
                0x03803aa8       0xf4 c:\Users\dan\AppData\Roaming\Code\User\globalStorage\vexrobotics.vexcode\sdk\cpp\V5\V5_20220726_10_00_00/vexv5\libv5rt.a(vex_motor.cpp.obj)
                0x03803aa8                vex::motor::spinFor(double, vex::rotationUnits, double, vex::velocityUnits, bool)
 .text._ZN3vex5motor7spinForENS_13directionTypeEdNS_13rotationUnitsEdNS_13velocityUnitsEb
                0x03803b9c       0x34 c:\Users\dan\AppData\Roaming\Code\User\globalStorage\vexrobotics.vexcode\sdk\cpp\V5\V5_20220726_10_00_00/vexv5\libv5rt.a(vex_motor.cpp.obj)
                0x03803b9c                vex::motor::spinFor(vex::directionType, double, vex::rotationUnits, double, vex::velocityUnits, bool)
 .text._ZN3vex5motor7spinForEdNS_13rotationUnitsEb
                0x03803bd0       0x34 c:\Users\dan\AppData\Roaming\Code\User\globalStorage\vexrobotics.vexcode\sdk\cpp\V5\V5_20220726_10_00_00/vexv5\libv5rt.a(vex_motor.cpp.obj)
                0x03803bd0                vex::motor::spinFor(double, vex::rotationUnits, bool)
 .text._ZN3vex5motor8positionENS_13rotationUnitsE
                0x03803c04       0x44 c:\Users\dan\AppData\Roaming\Code\User\globalStorage\vexrobotics.vexcode\sdk\cpp\V5\V5_20220726_10_00_00/vexv5\libv5rt.a(vex_motor.cpp.obj)
                0x03803c04                vex::motor::position(vex::rotationUnits)
 .text._ZN3vex8inertial11getTurnTypeEv
                0x03803c48        0x8 c:\Users\dan\AppData\Roaming\Code\User\globalStorage\vexrobotics.vexcode\sdk\cpp\V5\V5_20220726_10_00_00/vexv5\libv5rt.a(vex_imu.cpp.obj)
                0x03803c48                vex::inertial::getTurnType()
 .text._ZThn16_N3vex8inertial11getTurnTypeEv
                0x03803c50        0x8 c:\Users\dan\AppData\Roaming\Code\User\globalStorage\vexrobotics.vexcode\sdk\cpp\V5\V5_20220726_10_00_00/vexv5\libv5rt.a(vex_imu.cpp.obj)
                0x03803c50                non-virtual thunk to vex::inertial::getTurnType()
 .text._ZN3vex8inertial10setHeadingEdNS_13rotationUnitsE
                0x03803c58       0x58 c:\Users\dan\AppData\Roaming\Code\User\globalStorage\vexrobotics.vexcode\sdk\cpp\V5\V5_20220726_10_00_00/vexv5\libv5rt.a(vex_imu.cpp.obj)
                0x03803c58                vex::inertial::setHeading(double, vex::rotationUnits)
 .text._ZThn16_N3vex8inertial10setHeadingEdNS_13rotationUnitsE
                0x03803cb0        0x8 c:\Users\dan\AppData\Roaming\Code\User\globalStorage\vexrobotics.vexcode\sdk\cpp\V5\V5_20220726_10_00_00/vexv5\libv5rt.a(vex_imu.cpp.obj)
                0x03803cb0                non-virtual thunk to vex::inertial::setHeading(double, vex::rotationUnits)
 .text._ZN3vex8inertial11setRotationEdNS_13rotationUnitsE
                0x03803cb8       0x58 c:\Users\dan\AppData\Roaming\Code\User\globalStorage\vexrobotics.vexcode\sdk\cpp\V5\V5_20220726_10_00_00/vexv5\libv5rt.a(vex_imu.cpp.obj)
                0x03803cb8                vex::inertial::setRotation(double, vex::rotationUnits)
 .text._ZThn16_N3vex8inertial11setRotationEdNS_13rotationUnitsE
                0x03803d10        0x8 c:\Users\dan\AppData\Roaming\Code\User\globalStorage\vexrobotics.vexcode\sdk\cpp\V5\V5_20220726_10_00_00/vexv5\libv5rt.a(vex_imu.cpp.obj)
                0x03803d10                non-virtual thunk to vex::inertial::setRotation(double, vex::rotationUnits)
 .text._ZN3vex8inertialD2Ev
                0x03803d18       0x20 c:\Users\dan\AppData\Roaming\Code\User\globalStorage\vexrobotics.vexcode\sdk\cpp\V5\V5_20220726_10_00_00/vexv5\libv5rt.a(vex_imu.cpp.obj)
                0x03803d18                vex::inertial::~inertial()
                0x03803d18                vex::inertial::~inertial()
 .text._ZThn16_N3vex8inertialD1Ev
                0x03803d38        0x8 c:\Users\dan\AppData\Roaming\Code\User\globalStorage\vexrobotics.vexcode\sdk\cpp\V5\V5_20220726_10_00_00/vexv5\libv5rt.a(vex_imu.cpp.obj)
                0x03803d38                non-virtual thunk to vex::inertial::~inertial()
 .text._ZN3vex8inertialD0Ev
                0x03803d40       0x1c c:\Users\dan\AppData\Roaming\Code\User\globalStorage\vexrobotics.vexcode\sdk\cpp\V5\V5_20220726_10_00_00/vexv5\libv5rt.a(vex_imu.cpp.obj)
                0x03803d40                vex::inertial::~inertial()
 .text._ZThn16_N3vex8inertialD0Ev
                0x03803d5c        0x8 c:\Users\dan\AppData\Roaming\Code\User\globalStorage\vexrobotics.vexcode\sdk\cpp\V5\V5_20220726_10_00_00/vexv5\libv5rt.a(vex_imu.cpp.obj)
                0x03803d5c                non-virtual thunk to vex::inertial::~inertial()
 .text._ZN3vex8inertial9installedEv
                0x03803d64       0x18 c:\Users\dan\AppData\Roaming\Code\User\globalStorage\vexrobotics.vexcode\sdk\cpp\V5\V5_20220726_10_00_00/vexv5\libv5rt.a(vex_imu.cpp.obj)
                0x03803d64                vex::inertial::installed()
 .text._ZN3vex8inertial5angleENS_13rotationUnitsE
                0x03803d7c       0x6c c:\Users\dan\AppData\Roaming\Code\User\globalStorage\vexrobotics.vexcode\sdk\cpp\V5\V5_20220726_10_00_00/vexv5\libv5rt.a(vex_imu.cpp.obj)
                0x03803d7c                vex::inertial::angle(vex::rotationUnits)
 .text._ZThn16_N3vex8inertial5angleENS_13rotationUnitsE
                0x03803de8        0x8 c:\Users\dan\AppData\Roaming\Code\User\globalStorage\vexrobotics.vexcode\sdk\cpp\V5\V5_20220726_10_00_00/vexv5\libv5rt.a(vex_imu.cpp.obj)
                0x03803de8                non-virtual thunk to vex::inertial::angle(vex::rotationUnits)
 .text._ZN3vex8inertial7headingENS_13rotationUnitsE
                0x03803df0        0x4 c:\Users\dan\AppData\Roaming\Code\User\globalStorage\vexrobotics.vexcode\sdk\cpp\V5\V5_20220726_10_00_00/vexv5\libv5rt.a(vex_imu.cpp.obj)
                0x03803df0                vex::inertial::heading(vex::rotationUnits)
 .text._ZThn16_N3vex8inertial7headingENS_13rotationUnitsE
                0x03803df4        0x8 c:\Users\dan\AppData\Roaming\Code\User\globalStorage\vexrobotics.vexcode\sdk\cpp\V5\V5_20220726_10_00_00/vexv5\libv5rt.a(vex_imu.cpp.obj)
                0x03803df4                non-virtual thunk to vex::inertial::heading(vex::rotationUnits)
 .text._ZN3vex8inertial5valueEv
                0x03803dfc       0x1c c:\Users\dan\AppData\Roaming\Code\User\globalStorage\vexrobotics.vexcode\sdk\cpp\V5\V5_20220726_10_00_00/vexv5\libv5rt.a(vex_imu.cpp.obj)
                0x03803dfc                vex::inertial::value()
 .text._ZN3vex8inertial8rotationENS_13rotationUnitsE
                0x03803e18       0x48 c:\Users\dan\AppData\Roaming\Code\User\globalStorage\vexrobotics.vexcode\sdk\cpp\V5\V5_20220726_10_00_00/vexv5\libv5rt.a(vex_imu.cpp.obj)
                0x03803e18                vex::inertial::rotation(vex::rotationUnits)
 .text._ZThn16_N3vex8inertial8rotationENS_13rotationUnitsE
                0x03803e60        0x8 c:\Users\dan\AppData\Roaming\Code\User\globalStorage\vexrobotics.vexcode\sdk\cpp\V5\V5_20220726_10_00_00/vexv5\libv5rt.a(vex_imu.cpp.obj)
                0x03803e60                non-virtual thunk to vex::inertial::rotation(vex::rotationUnits)
 .text._ZN3vex8inertial13isCalibratingEv
                0x03803e68       0x38 c:\Users\dan\AppData\Roaming\Code\User\globalStorage\vexrobotics.vexcode\sdk\cpp\V5\V5_20220726_10_00_00/vexv5\libv5rt.a(vex_imu.cpp.obj)
                0x03803e68                vex::inertial::isCalibrating()
 .text._ZThn16_N3vex8inertial13isCalibratingEv
                0x03803ea0        0x8 c:\Users\dan\AppData\Roaming\Code\User\globalStorage\vexrobotics.vexcode\sdk\cpp\V5\V5_20220726_10_00_00/vexv5\libv5rt.a(vex_imu.cpp.obj)
                0x03803ea0                non-virtual thunk to vex::inertial::isCalibrating()
 .text._ZN3vex8inertialC2ElNS_8turnTypeE
                0x03803ea8       0x4c c:\Users\dan\AppData\Roaming\Code\User\globalStorage\vexrobotics.vexcode\sdk\cpp\V5\V5_20220726_10_00_00/vexv5\libv5rt.a(vex_imu.cpp.obj)
                0x03803ea8                vex::inertial::inertial(long, vex::turnType)
                0x03803ea8                vex::inertial::inertial(long, vex::turnType)
 .text._ZN3vex8inertial12resetHeadingEv
                0x03803ef4       0x20 c:\Users\dan\AppData\Roaming\Code\User\globalStorage\vexrobotics.vexcode\sdk\cpp\V5\V5_20220726_10_00_00/vexv5\libv5rt.a(vex_imu.cpp.obj)
                0x03803ef4                vex::inertial::resetHeading()
 .text._ZN3vex8inertial16startCalibrationEl
                0x03803f14       0x20 c:\Users\dan\AppData\Roaming\Code\User\globalStorage\vexrobotics.vexcode\sdk\cpp\V5\V5_20220726_10_00_00/vexv5\libv5rt.a(vex_imu.cpp.obj)
                0x03803f14                vex::inertial::startCalibration(long)
 .text._ZN3vex8inertial9calibrateEl
                0x03803f34        0xc c:\Users\dan\AppData\Roaming\Code\User\globalStorage\vexrobotics.vexcode\sdk\cpp\V5\V5_20220726_10_00_00/vexv5\libv5rt.a(vex_imu.cpp.obj)
                0x03803f34                vex::inertial::calibrate(long)
                0x03803f38                non-virtual thunk to vex::inertial::calibrate(long)
 .text._ZN3vex8rotationD2Ev
                0x03803f40       0x20 c:\Users\dan\AppData\Roaming\Code\User\globalStorage\vexrobotics.vexcode\sdk\cpp\V5\V5_20220726_10_00_00/vexv5\libv5rt.a(vex_rotation.cpp.obj)
                0x03803f40                vex::rotation::~rotation()
                0x03803f40                vex::rotation::~rotation()
 .text._ZN3vex8rotationD0Ev
                0x03803f60       0x1c c:\Users\dan\AppData\Roaming\Code\User\globalStorage\vexrobotics.vexcode\sdk\cpp\V5\V5_20220726_10_00_00/vexv5\libv5rt.a(vex_rotation.cpp.obj)
                0x03803f60                vex::rotation::~rotation()
 .text._ZN3vex8rotation9installedEv
                0x03803f7c       0x18 c:\Users\dan\AppData\Roaming\Code\User\globalStorage\vexrobotics.vexcode\sdk\cpp\V5\V5_20220726_10_00_00/vexv5\libv5rt.a(vex_rotation.cpp.obj)
                0x03803f7c                vex::rotation::installed()
 .text._ZN3vex8rotation5valueEv
                0x03803f94        0x8 c:\Users\dan\AppData\Roaming\Code\User\globalStorage\vexrobotics.vexcode\sdk\cpp\V5\V5_20220726_10_00_00/vexv5\libv5rt.a(vex_rotation.cpp.obj)
                0x03803f94                vex::rotation::value()
 .text._ZN3vex8rotationC2Elb
                0x03803f9c       0x30 c:\Users\dan\AppData\Roaming\Code\User\globalStorage\vexrobotics.vexcode\sdk\cpp\V5\V5_20220726_10_00_00/vexv5\libv5rt.a(vex_rotation.cpp.obj)
                0x03803f9c                vex::rotation::rotation(long, bool)
                0x03803f9c                vex::rotation::rotation(long, bool)
 *fill*         0x03803fcc        0x4 
 .text._ZN3vex8rotation8positionENS_13rotationUnitsE
                0x03803fd0       0x50 c:\Users\dan\AppData\Roaming\Code\User\globalStorage\vexrobotics.vexcode\sdk\cpp\V5\V5_20220726_10_00_00/vexv5\libv5rt.a(vex_rotation.cpp.obj)
                0x03803fd0                vex::rotation::position(vex::rotationUnits)
 .text._ZN3vex10controllerD2Ev
                0x03804020        0x4 c:\Users\dan\AppData\Roaming\Code\User\globalStorage\vexrobotics.vexcode\sdk\cpp\V5\V5_20220726_10_00_00/vexv5\libv5rt.a(vex_controller.cpp.obj)
                0x03804020                vex::controller::~controller()
                0x03804020                vex::controller::~controller()
 .text._ZN3vex10controller5valueE19_V5_ControllerIndex
                0x03804024        0x8 c:\Users\dan\AppData\Roaming\Code\User\globalStorage\vexrobotics.vexcode\sdk\cpp\V5\V5_20220726_10_00_00/vexv5\libv5rt.a(vex_controller.cpp.obj)
                0x03804024                vex::controller::value(_V5_ControllerIndex)
 .text._ZNK3vex10controller6button8pressingEv
                0x0380402c       0xc8 c:\Users\dan\AppData\Roaming\Code\User\globalStorage\vexrobotics.vexcode\sdk\cpp\V5\V5_20220726_10_00_00/vexv5\libv5rt.a(vex_controller.cpp.obj)
                0x0380402c                vex::controller::button::pressing() const
 .text._ZNK3vex10controller6button7pressedEPFvvE
                0x038040f4      0x108 c:\Users\dan\AppData\Roaming\Code\User\globalStorage\vexrobotics.vexcode\sdk\cpp\V5\V5_20220726_10_00_00/vexv5\libv5rt.a(vex_controller.cpp.obj)
                0x038040f4                vex::controller::button::pressed(void (*)()) const
 .text._ZNK3vex10controller6button8releasedEPFvvE
                0x038041fc      0x108 c:\Users\dan\AppData\Roaming\Code\User\globalStorage\vexrobotics.vexcode\sdk\cpp\V5\V5_20220726_10_00_00/vexv5\libv5rt.a(vex_controller.cpp.obj)
                0x038041fc                vex::controller::button::released(void (*)()) const
 .text._ZNK3vex10controller6button21_buttonToPressedEventEv
                0x03804304       0x20 c:\Users\dan\AppData\Roaming\Code\User\globalStorage\vexrobotics.vexcode\sdk\cpp\V5\V5_20220726_10_00_00/vexv5\libv5rt.a(vex_controller.cpp.obj)
                0x03804304                vex::controller::button::_buttonToPressedEvent() const
 .text._ZNK3vex10controller6button22_buttonToReleasedEventEv
                0x03804324       0x20 c:\Users\dan\AppData\Roaming\Code\User\globalStorage\vexrobotics.vexcode\sdk\cpp\V5\V5_20220726_10_00_00/vexv5\libv5rt.a(vex_controller.cpp.obj)
                0x03804324                vex::controller::button::_buttonToReleasedEvent() const
 .text._ZN3vex10controller6buttonC2ENS0_11tButtonTypeEPS0_
                0x03804344       0x48 c:\Users\dan\AppData\Roaming\Code\User\globalStorage\vexrobotics.vexcode\sdk\cpp\V5\V5_20220726_10_00_00/vexv5\libv5rt.a(vex_controller.cpp.obj)
                0x03804344                vex::controller::button::button(vex::controller::tButtonType, vex::controller*)
                0x03804344                vex::controller::button::button(vex::controller::tButtonType, vex::controller*)
 .text._ZNK3vex10controller4axis5valueEv
                0x0380438c       0x58 c:\Users\dan\AppData\Roaming\Code\User\globalStorage\vexrobotics.vexcode\sdk\cpp\V5\V5_20220726_10_00_00/vexv5\libv5rt.a(vex_controller.cpp.obj)
                0x0380438c                vex::controller::axis::value() const
 .text._ZNK3vex10controller4axis8positionENS_12percentUnitsE
                0x038043e4       0x1c c:\Users\dan\AppData\Roaming\Code\User\globalStorage\vexrobotics.vexcode\sdk\cpp\V5\V5_20220726_10_00_00/vexv5\libv5rt.a(vex_controller.cpp.obj)
                0x038043e4                vex::controller::axis::position(vex::percentUnits) const
 .text._ZNK3vex10controller4axis23_joystickToChangedEventEv
                0x03804400       0x20 c:\Users\dan\AppData\Roaming\Code\User\globalStorage\vexrobotics.vexcode\sdk\cpp\V5\V5_20220726_10_00_00/vexv5\libv5rt.a(vex_controller.cpp.obj)
                0x03804400                vex::controller::axis::_joystickToChangedEvent() const
 .text._ZN3vex10controller4axisC2ENS0_9tAxisTypeEPS0_
                0x03804420       0x2c c:\Users\dan\AppData\Roaming\Code\User\globalStorage\vexrobotics.vexcode\sdk\cpp\V5\V5_20220726_10_00_00/vexv5\libv5rt.a(vex_controller.cpp.obj)
                0x03804420                vex::controller::axis::axis(vex::controller::tAxisType, vex::controller*)
                0x03804420                vex::controller::axis::axis(vex::controller::tAxisType, vex::controller*)
 .text._ZN3vex10controllerC2ENS_14controllerTypeE
                0x0380444c      0x16c c:\Users\dan\AppData\Roaming\Code\User\globalStorage\vexrobotics.vexcode\sdk\cpp\V5\V5_20220726_10_00_00/vexv5\libv5rt.a(vex_controller.cpp.obj)
                0x0380444c                vex::controller::controller(vex::controllerType)
                0x0380444c                vex::controller::controller(vex::controllerType)
 .text._ZN3vex10controller3lcd15getControllerIdEv
                0x038045b8       0x10 c:\Users\dan\AppData\Roaming\Code\User\globalStorage\vexrobotics.vexcode\sdk\cpp\V5\V5_20220726_10_00_00/vexv5\libv5rt.a(vex_controller.cpp.obj)
                0x038045b8                vex::controller::lcd::getControllerId()
 .text._ZN3vex10controller3lcd5printEPKcz
                0x038045c8       0x80 c:\Users\dan\AppData\Roaming\Code\User\globalStorage\vexrobotics.vexcode\sdk\cpp\V5\V5_20220726_10_00_00/vexv5\libv5rt.a(vex_controller.cpp.obj)
                0x038045c8                vex::controller::lcd::print(char const*, ...)
 .text._ZN3vex10controller3lcd7newLineEv
                0x03804648       0x20 c:\Users\dan\AppData\Roaming\Code\User\globalStorage\vexrobotics.vexcode\sdk\cpp\V5\V5_20220726_10_00_00/vexv5\libv5rt.a(vex_controller.cpp.obj)
                0x03804648                vex::controller::lcd::newLine()
 .text._ZN3vex4taskC2EPFivE
                0x03804668       0x5c c:\Users\dan\AppData\Roaming\Code\User\globalStorage\vexrobotics.vexcode\sdk\cpp\V5\V5_20220726_10_00_00/vexv5\libv5rt.a(vex_task.cpp.obj)
                0x03804668                vex::task::task(int (*)())
                0x03804668                vex::task::task(int (*)())
 .text._ZN3vex4taskD2Ev
                0x038046c4        0x4 c:\Users\dan\AppData\Roaming\Code\User\globalStorage\vexrobotics.vexcode\sdk\cpp\V5\V5_20220726_10_00_00/vexv5\libv5rt.a(vex_task.cpp.obj)
                0x038046c4                vex::task::~task()
                0x038046c4                vex::task::~task()
 .text._ZN3vex4task4stopEPvi
                0x038046c8       0x1c c:\Users\dan\AppData\Roaming\Code\User\globalStorage\vexrobotics.vexcode\sdk\cpp\V5\V5_20220726_10_00_00/vexv5\libv5rt.a(vex_task.cpp.obj)
                0x038046c8                vex::task::stop(void*, int)
 .text._ZN3vex4task6_indexEPFivE
                0x038046e4       0x14 c:\Users\dan\AppData\Roaming\Code\User\globalStorage\vexrobotics.vexcode\sdk\cpp\V5\V5_20220726_10_00_00/vexv5\libv5rt.a(vex_task.cpp.obj)
                0x038046e4                vex::task::_index(int (*)())
 .text._ZN3vex4task8_stopAllEv
                0x038046f8       0x3c c:\Users\dan\AppData\Roaming\Code\User\globalStorage\vexrobotics.vexcode\sdk\cpp\V5\V5_20220726_10_00_00/vexv5\libv5rt.a(vex_task.cpp.obj)
                0x038046f8                vex::task::_stopAll()
 .text._ZN3vex11this_thread9sleep_forEm
                0x03804734        0x4 c:\Users\dan\AppData\Roaming\Code\User\globalStorage\vexrobotics.vexcode\sdk\cpp\V5\V5_20220726_10_00_00/vexv5\libv5rt.a(vex_thread.cpp.obj)
                0x03804734                vex::this_thread::sleep_for(unsigned long)
 .text._ZN3vex5event4initEmmPFvvE
                0x03804738        0x4 c:\Users\dan\AppData\Roaming\Code\User\globalStorage\vexrobotics.vexcode\sdk\cpp\V5\V5_20220726_10_00_00/vexv5\libv5rt.a(vex_event.cpp.obj)
                0x03804738                vex::event::init(unsigned long, unsigned long, void (*)())
 .text._ZN3vex5event4initEmmPFvPvES1_
                0x0380473c        0x4 c:\Users\dan\AppData\Roaming\Code\User\globalStorage\vexrobotics.vexcode\sdk\cpp\V5\V5_20220726_10_00_00/vexv5\libv5rt.a(vex_event.cpp.obj)
                0x0380473c                vex::event::init(unsigned long, unsigned long, void (*)(void*), void*)
 .text._ZN3vex5event9userindexEv
                0x03804740        0x4 c:\Users\dan\AppData\Roaming\Code\User\globalStorage\vexrobotics.vexcode\sdk\cpp\V5\V5_20220726_10_00_00/vexv5\libv5rt.a(vex_event.cpp.obj)
                0x03804740                vex::event::userindex()
 .text._ZZN3vex6meventC4EmmENUlvE_4_FUNEv
                0x03804744        0x4 c:\Users\dan\AppData\Roaming\Code\User\globalStorage\vexrobotics.vexcode\sdk\cpp\V5\V5_20220726_10_00_00/vexv5\libv5rt.a(vex_mevent.cpp.obj)
 .text._ZN3vex6meventC2Emm
                0x03804748       0x70 c:\Users\dan\AppData\Roaming\Code\User\globalStorage\vexrobotics.vexcode\sdk\cpp\V5\V5_20220726_10_00_00/vexv5\libv5rt.a(vex_mevent.cpp.obj)
                0x03804748                vex::mevent::mevent(unsigned long, unsigned long)
                0x03804748                vex::mevent::mevent(unsigned long, unsigned long)
 .text._ZN3vex5brain9_getIndexEv
                0x038047b8       0x10 c:\Users\dan\AppData\Roaming\Code\User\globalStorage\vexrobotics.vexcode\sdk\cpp\V5\V5_20220726_10_00_00/vexv5\libv5rt.a(vex_brain.cpp.obj)
                0x038047b8                vex::brain::_getIndex()
 .text._ZN3vex5brain3lcd9setCursorEll
                0x038047c8       0x44 c:\Users\dan\AppData\Roaming\Code\User\globalStorage\vexrobotics.vexcode\sdk\cpp\V5\V5_20220726_10_00_00/vexv5\libv5rt.a(vex_brain.cpp.obj)
                0x038047c8                vex::brain::lcd::setCursor(long, long)
 .text._ZN3vex5brain3lcd7setFontENS_8fontTypeE
                0x0380480c      0x23c c:\Users\dan\AppData\Roaming\Code\User\globalStorage\vexrobotics.vexcode\sdk\cpp\V5\V5_20220726_10_00_00/vexv5\libv5rt.a(vex_brain.cpp.obj)
                0x0380480c                vex::brain::lcd::setFont(vex::fontType)
 .text._ZN3vex5brain3lcdC2Ev
                0x03804a48       0x94 c:\Users\dan\AppData\Roaming\Code\User\globalStorage\vexrobotics.vexcode\sdk\cpp\V5\V5_20220726_10_00_00/vexv5\libv5rt.a(vex_brain.cpp.obj)
                0x03804a48                vex::brain::lcd::lcd()
                0x03804a48                vex::brain::lcd::lcd()
 .text._ZN3vex5brainC2Ev
                0x03804adc       0x3c c:\Users\dan\AppData\Roaming\Code\User\globalStorage\vexrobotics.vexcode\sdk\cpp\V5\V5_20220726_10_00_00/vexv5\libv5rt.a(vex_brain.cpp.obj)
                0x03804adc                vex::brain::brain()
                0x03804adc                vex::brain::brain()
 .text._ZN3vex5brain3lcd11setPenColorERKNS_5colorE
                0x03804b18       0x14 c:\Users\dan\AppData\Roaming\Code\User\globalStorage\vexrobotics.vexcode\sdk\cpp\V5\V5_20220726_10_00_00/vexv5\libv5rt.a(vex_brain.cpp.obj)
                0x03804b18                vex::brain::lcd::setPenColor(vex::color const&)
 .text._ZN3vex5brain3lcd7printAtEllPKcz
                0x03804b2c       0x54 c:\Users\dan\AppData\Roaming\Code\User\globalStorage\vexrobotics.vexcode\sdk\cpp\V5\V5_20220726_10_00_00/vexv5\libv5rt.a(vex_brain.cpp.obj)
                0x03804b2c                vex::brain::lcd::printAt(long, long, char const*, ...)
 .text._ZN3vex5brain3lcd12_clearScreenEm
                0x03804b80       0x38 c:\Users\dan\AppData\Roaming\Code\User\globalStorage\vexrobotics.vexcode\sdk\cpp\V5\V5_20220726_10_00_00/vexv5\libv5rt.a(vex_brain.cpp.obj)
                0x03804b80                vex::brain::lcd::_clearScreen(unsigned long)
 .text._ZN3vex5brain3lcd11clearScreenERKNS_5colorE
                0x03804bb8       0x20 c:\Users\dan\AppData\Roaming\Code\User\globalStorage\vexrobotics.vexcode\sdk\cpp\V5\V5_20220726_10_00_00/vexv5\libv5rt.a(vex_brain.cpp.obj)
                0x03804bb8                vex::brain::lcd::clearScreen(vex::color const&)
 .text._ZN3vex5brain3lcd11clearScreenEv
                0x03804bd8       0x2c c:\Users\dan\AppData\Roaming\Code\User\globalStorage\vexrobotics.vexcode\sdk\cpp\V5\V5_20220726_10_00_00/vexv5\libv5rt.a(vex_brain.cpp.obj)
                0x03804bd8                vex::brain::lcd::clearScreen()
 .text._ZN3vex5brain3lcd9drawPixelEii
                0x03804c04       0x14 c:\Users\dan\AppData\Roaming\Code\User\globalStorage\vexrobotics.vexcode\sdk\cpp\V5\V5_20220726_10_00_00/vexv5\libv5rt.a(vex_brain.cpp.obj)
                0x03804c04                vex::brain::lcd::drawPixel(int, int)
 .text._ZN3vex5brain3lcd8drawLineEiiii
                0x03804c18      0x2c4 c:\Users\dan\AppData\Roaming\Code\User\globalStorage\vexrobotics.vexcode\sdk\cpp\V5\V5_20220726_10_00_00/vexv5\libv5rt.a(vex_brain.cpp.obj)
                0x03804c18                vex::brain::lcd::drawLine(int, int, int, int)
 .text._ZN3vex5brain3lcd9xPositionEv
                0x03804edc       0x24 c:\Users\dan\AppData\Roaming\Code\User\globalStorage\vexrobotics.vexcode\sdk\cpp\V5\V5_20220726_10_00_00/vexv5\libv5rt.a(vex_brain.cpp.obj)
                0x03804edc                vex::brain::lcd::xPosition()
 .text._ZN3vex5brain3lcd9yPositionEv
                0x03804f00       0x24 c:\Users\dan\AppData\Roaming\Code\User\globalStorage\vexrobotics.vexcode\sdk\cpp\V5\V5_20220726_10_00_00/vexv5\libv5rt.a(vex_brain.cpp.obj)
                0x03804f00                vex::brain::lcd::yPosition()
 .text._ZN3vex5brain3lcd8pressingEv
                0x03804f24       0x20 c:\Users\dan\AppData\Roaming\Code\User\globalStorage\vexrobotics.vexcode\sdk\cpp\V5\V5_20220726_10_00_00/vexv5\libv5rt.a(vex_brain.cpp.obj)
                0x03804f24                vex::brain::lcd::pressing()
 .text._ZN3vex5brain3lcd6renderEv
                0x03804f44        0xc c:\Users\dan\AppData\Roaming\Code\User\globalStorage\vexrobotics.vexcode\sdk\cpp\V5\V5_20220726_10_00_00/vexv5\libv5rt.a(vex_brain.cpp.obj)
                0x03804f44                vex::brain::lcd::render()
 .text._ZN3vex5brain3lcd6renderEbb
                0x03804f50        0xc c:\Users\dan\AppData\Roaming\Code\User\globalStorage\vexrobotics.vexcode\sdk\cpp\V5\V5_20220726_10_00_00/vexv5\libv5rt.a(vex_brain.cpp.obj)
                0x03804f50                vex::brain::lcd::render(bool, bool)
 .text._ZN3vex5brainD2Ev
                0x03804f5c       0x20 c:\Users\dan\AppData\Roaming\Code\User\globalStorage\vexrobotics.vexcode\sdk\cpp\V5\V5_20220726_10_00_00/vexv5\libv5rt.a(vex_brain.cpp.obj)
                0x03804f5c                vex::brain::~brain()
                0x03804f5c                vex::brain::~brain()
 .text._ZN3vex11competition8_disableEPv
                0x03804f7c       0xa4 c:\Users\dan\AppData\Roaming\Code\User\globalStorage\vexrobotics.vexcode\sdk\cpp\V5\V5_20220726_10_00_00/vexv5\libv5rt.a(vex_competition.cpp.obj)
                0x03804f7c                vex::competition::_disable(void*)
 .text._ZN3vex11competition11_autonomousEv
                0x03805020       0x80 c:\Users\dan\AppData\Roaming\Code\User\globalStorage\vexrobotics.vexcode\sdk\cpp\V5\V5_20220726_10_00_00/vexv5\libv5rt.a(vex_competition.cpp.obj)
                0x03805020                vex::competition::_autonomous()
 .text._ZN3vex11competition14_drivercontrolEv
                0x038050a0       0x80 c:\Users\dan\AppData\Roaming\Code\User\globalStorage\vexrobotics.vexcode\sdk\cpp\V5\V5_20220726_10_00_00/vexv5\libv5rt.a(vex_competition.cpp.obj)
                0x038050a0                vex::competition::_drivercontrol()
 .text._ZN3vex11competitionC2Ev
                0x03805120      0x13c c:\Users\dan\AppData\Roaming\Code\User\globalStorage\vexrobotics.vexcode\sdk\cpp\V5\V5_20220726_10_00_00/vexv5\libv5rt.a(vex_competition.cpp.obj)
                0x03805120                vex::competition::competition()
                0x03805120                vex::competition::competition()
 .text._ZN3vex11competitionD2Ev
                0x0380525c        0x4 c:\Users\dan\AppData\Roaming\Code\User\globalStorage\vexrobotics.vexcode\sdk\cpp\V5\V5_20220726_10_00_00/vexv5\libv5rt.a(vex_competition.cpp.obj)
                0x0380525c                vex::competition::~competition()
                0x0380525c                vex::competition::~competition()
 .text._ZN3vex11competition10autonomousEPFvvE
                0x03805260       0x44 c:\Users\dan\AppData\Roaming\Code\User\globalStorage\vexrobotics.vexcode\sdk\cpp\V5\V5_20220726_10_00_00/vexv5\libv5rt.a(vex_competition.cpp.obj)
                0x03805260                vex::competition::autonomous(void (*)())
 .text._ZN3vex11competition13drivercontrolEPFvvE
                0x038052a4       0x44 c:\Users\dan\AppData\Roaming\Code\User\globalStorage\vexrobotics.vexcode\sdk\cpp\V5\V5_20220726_10_00_00/vexv5\libv5rt.a(vex_competition.cpp.obj)
                0x038052a4                vex::competition::drivercontrol(void (*)())
 .text._ZN3vex7triportD2Ev
                0x038052e8       0x38 c:\Users\dan\AppData\Roaming\Code\User\globalStorage\vexrobotics.vexcode\sdk\cpp\V5\V5_20220726_10_00_00/vexv5\libv5rt.a(vex_triport.cpp.obj)
                0x038052e8                vex::triport::~triport()
                0x038052e8                vex::triport::~triport()
 .text._ZN3vex7triportD0Ev
                0x03805320       0x1c c:\Users\dan\AppData\Roaming\Code\User\globalStorage\vexrobotics.vexcode\sdk\cpp\V5\V5_20220726_10_00_00/vexv5\libv5rt.a(vex_triport.cpp.obj)
                0x03805320                vex::triport::~triport()
 .text._ZN3vex7triport9installedEv
                0x0380533c       0x18 c:\Users\dan\AppData\Roaming\Code\User\globalStorage\vexrobotics.vexcode\sdk\cpp\V5\V5_20220726_10_00_00/vexv5\libv5rt.a(vex_triport.cpp.obj)
                0x0380533c                vex::triport::installed()
 .text._ZN3vex7triport4portC2ElPS0_
                0x03805354       0x74 c:\Users\dan\AppData\Roaming\Code\User\globalStorage\vexrobotics.vexcode\sdk\cpp\V5\V5_20220726_10_00_00/vexv5\libv5rt.a(vex_triport.cpp.obj)
                0x03805354                vex::triport::port::port(long, vex::triport*)
                0x03805354                vex::triport::port::port(long, vex::triport*)
 .text._ZN3vex7triportC2El
                0x038053c8       0xf0 c:\Users\dan\AppData\Roaming\Code\User\globalStorage\vexrobotics.vexcode\sdk\cpp\V5\V5_20220726_10_00_00/vexv5\libv5rt.a(vex_triport.cpp.obj)
                0x038053c8                vex::triport::triport(long)
                0x038053c8                vex::triport::triport(long)
 .text._ZN3vex7triport4port4typeENS_11triportTypeE
                0x038054b8       0x30 c:\Users\dan\AppData\Roaming\Code\User\globalStorage\vexrobotics.vexcode\sdk\cpp\V5\V5_20220726_10_00_00/vexv5\libv5rt.a(vex_triport.cpp.obj)
                0x038054b8                vex::triport::port::type(vex::triportType)
 .text._ZN3vex7triport4port4typeEv
                0x038054e8       0x38 c:\Users\dan\AppData\Roaming\Code\User\globalStorage\vexrobotics.vexcode\sdk\cpp\V5\V5_20220726_10_00_00/vexv5\libv5rt.a(vex_triport.cpp.obj)
                0x038054e8                vex::triport::port::type()
 .text._ZN3vex7triport4port5valueEv
                0x03805520       0x14 c:\Users\dan\AppData\Roaming\Code\User\globalStorage\vexrobotics.vexcode\sdk\cpp\V5\V5_20220726_10_00_00/vexv5\libv5rt.a(vex_triport.cpp.obj)
                0x03805520                vex::triport::port::value()
 .text._ZN3vex7triport4port5valueEl
                0x03805534       0x18 c:\Users\dan\AppData\Roaming\Code\User\globalStorage\vexrobotics.vexcode\sdk\cpp\V5\V5_20220726_10_00_00/vexv5\libv5rt.a(vex_triport.cpp.obj)
                0x03805534                vex::triport::port::value(long)
 .text._ZN3vex11__trideviceC2ERNS_7triport4portENS_11triportTypeE
                0x0380554c       0x5c c:\Users\dan\AppData\Roaming\Code\User\globalStorage\vexrobotics.vexcode\sdk\cpp\V5\V5_20220726_10_00_00/vexv5\libv5rt.a(vex_triport.cpp.obj)
                0x0380554c                vex::__tridevice::__tridevice(vex::triport::port&, vex::triportType)
                0x0380554c                vex::__tridevice::__tridevice(vex::triport::port&, vex::triportType)
 .text._ZN3vex11digital_outC2ERNS_7triport4portE
                0x038055a8       0x18 c:\Users\dan\AppData\Roaming\Code\User\globalStorage\vexrobotics.vexcode\sdk\cpp\V5\V5_20220726_10_00_00/vexv5\libv5rt.a(vex_triport.cpp.obj)
                0x038055a8                vex::digital_out::digital_out(vex::triport::port&)
                0x038055a8                vex::digital_out::digital_out(vex::triport::port&)
 .text._ZN3vex11digital_out5valueEv
                0x038055c0        0x8 c:\Users\dan\AppData\Roaming\Code\User\globalStorage\vexrobotics.vexcode\sdk\cpp\V5\V5_20220726_10_00_00/vexv5\libv5rt.a(vex_triport.cpp.obj)
                0x038055c0                vex::digital_out::value()
 .text._ZN3vex11digital_out3setEb
                0x038055c8        0x8 c:\Users\dan\AppData\Roaming\Code\User\globalStorage\vexrobotics.vexcode\sdk\cpp\V5\V5_20220726_10_00_00/vexv5\libv5rt.a(vex_triport.cpp.obj)
                0x038055c8                vex::digital_out::set(bool)
 .text._ZN3vex10pneumaticsC2ERNS_7triport4portE
                0x038055d0       0x14 c:\Users\dan\AppData\Roaming\Code\User\globalStorage\vexrobotics.vexcode\sdk\cpp\V5\V5_20220726_10_00_00/vexv5\libv5rt.a(vex_triport.cpp.obj)
                0x038055d0                vex::pneumatics::pneumatics(vex::triport::port&)
                0x038055d0                vex::pneumatics::pneumatics(vex::triport::port&)
 .text._ZN3vex10pneumaticsD2Ev
                0x038055e4        0x4 c:\Users\dan\AppData\Roaming\Code\User\globalStorage\vexrobotics.vexcode\sdk\cpp\V5\V5_20220726_10_00_00/vexv5\libv5rt.a(vex_triport.cpp.obj)
                0x038055e4                vex::pneumatics::~pneumatics()
                0x038055e4                vex::pneumatics::~pneumatics()
 .text._ZN3vex5colorD2Ev
                0x038055e8        0x4 c:\Users\dan\AppData\Roaming\Code\User\globalStorage\vexrobotics.vexcode\sdk\cpp\V5\V5_20220726_10_00_00/vexv5\libv5rt.a(vex_color.cpp.obj)
                0x038055e8                vex::color::~color()
                0x038055e8                vex::color::~color()
 .text._ZNK3vex5colorcvmEv
                0x038055ec        0x8 c:\Users\dan\AppData\Roaming\Code\User\globalStorage\vexrobotics.vexcode\sdk\cpp\V5\V5_20220726_10_00_00/vexv5\libv5rt.a(vex_color.cpp.obj)
                0x038055ec                vex::color::operator unsigned long() const
 .text.startup._GLOBAL__sub_I__ZN3vex5color5blackE
                0x038055f4      0x164 c:\Users\dan\AppData\Roaming\Code\User\globalStorage\vexrobotics.vexcode\sdk\cpp\V5\V5_20220726_10_00_00/vexv5\libv5rt.a(vex_color.cpp.obj)
 .text._ZN3vex5timerD2Ev
                0x03805758        0x4 c:\Users\dan\AppData\Roaming\Code\User\globalStorage\vexrobotics.vexcode\sdk\cpp\V5\V5_20220726_10_00_00/vexv5\libv5rt.a(vex_timer.cpp.obj)
                0x03805758                vex::timer::~timer()
                0x03805758                vex::timer::~timer()
 .text._ZN3vex5timer5clearEv
                0x0380575c       0x1c c:\Users\dan\AppData\Roaming\Code\User\globalStorage\vexrobotics.vexcode\sdk\cpp\V5\V5_20220726_10_00_00/vexv5\libv5rt.a(vex_timer.cpp.obj)
                0x0380575c                vex::timer::clear()
 .text._ZN3vex5timerC2Ev
                0x03805778       0x14 c:\Users\dan\AppData\Roaming\Code\User\globalStorage\vexrobotics.vexcode\sdk\cpp\V5\V5_20220726_10_00_00/vexv5\libv5rt.a(vex_timer.cpp.obj)
                0x03805778                vex::timer::timer()
                0x03805778                vex::timer::timer()
 .text._ZN3vex11motor_group18motor_group_motorsC2Ev
                0x0380578c       0x28 c:\Users\dan\AppData\Roaming\Code\User\globalStorage\vexrobotics.vexcode\sdk\cpp\V5\V5_20220726_10_00_00/vexv5\libv5rt.a(vex_motorgroup.cpp.obj)
                0x0380578c                vex::motor_group::motor_group_motors::motor_group_motors()
                0x0380578c                vex::motor_group::motor_group_motors::motor_group_motors()
 .text._ZN3vex11motor_groupC2Ev
                0x038057b4       0x1c c:\Users\dan\AppData\Roaming\Code\User\globalStorage\vexrobotics.vexcode\sdk\cpp\V5\V5_20220726_10_00_00/vexv5\libv5rt.a(vex_motorgroup.cpp.obj)
                0x038057b4                vex::motor_group::motor_group()
                0x038057b4                vex::motor_group::motor_group()
 .text._ZN3vex11motor_groupD2Ev
                0x038057d0        0x4 c:\Users\dan\AppData\Roaming\Code\User\globalStorage\vexrobotics.vexcode\sdk\cpp\V5\V5_20220726_10_00_00/vexv5\libv5rt.a(vex_motorgroup.cpp.obj)
                0x038057d0                vex::motor_group::~motor_group()
                0x038057d0                vex::motor_group::~motor_group()
 .text._ZN3vex11motor_group9_addMotorERNS_5motorE
                0x038057d4       0x20 c:\Users\dan\AppData\Roaming\Code\User\globalStorage\vexrobotics.vexcode\sdk\cpp\V5\V5_20220726_10_00_00/vexv5\libv5rt.a(vex_motorgroup.cpp.obj)
                0x038057d4                vex::motor_group::_addMotor(vex::motor&)
 .text._ZN3vex11motor_group11setVelocityEdNS_13velocityUnitsE
                0x038057f4       0x4c c:\Users\dan\AppData\Roaming\Code\User\globalStorage\vexrobotics.vexcode\sdk\cpp\V5\V5_20220726_10_00_00/vexv5\libv5rt.a(vex_motorgroup.cpp.obj)
                0x038057f4                vex::motor_group::setVelocity(double, vex::velocityUnits)
 .text._ZN3vex11motor_group11setStoppingENS_9brakeTypeE
                0x03805840       0x38 c:\Users\dan\AppData\Roaming\Code\User\globalStorage\vexrobotics.vexcode\sdk\cpp\V5\V5_20220726_10_00_00/vexv5\libv5rt.a(vex_motorgroup.cpp.obj)
                0x03805840                vex::motor_group::setStopping(vex::brakeType)
 .text._ZN3vex11motor_group4spinENS_13directionTypeE
                0x03805878       0x38 c:\Users\dan\AppData\Roaming\Code\User\globalStorage\vexrobotics.vexcode\sdk\cpp\V5\V5_20220726_10_00_00/vexv5\libv5rt.a(vex_motorgroup.cpp.obj)
                0x03805878                vex::motor_group::spin(vex::directionType)
 .text._ZN3vex11motor_group4spinENS_13directionTypeEdNS_13velocityUnitsE
                0x038058b0       0x54 c:\Users\dan\AppData\Roaming\Code\User\globalStorage\vexrobotics.vexcode\sdk\cpp\V5\V5_20220726_10_00_00/vexv5\libv5rt.a(vex_motorgroup.cpp.obj)
                0x038058b0                vex::motor_group::spin(vex::directionType, double, vex::velocityUnits)
 .text._ZN3vex11motor_group10isSpinningEv
                0x03805904       0x40 c:\Users\dan\AppData\Roaming\Code\User\globalStorage\vexrobotics.vexcode\sdk\cpp\V5\V5_20220726_10_00_00/vexv5\libv5rt.a(vex_motorgroup.cpp.obj)
                0x03805904                vex::motor_group::isSpinning()
 .text._ZN3vex11motor_group6isDoneEv
                0x03805944       0x14 c:\Users\dan\AppData\Roaming\Code\User\globalStorage\vexrobotics.vexcode\sdk\cpp\V5\V5_20220726_10_00_00/vexv5\libv5rt.a(vex_motorgroup.cpp.obj)
                0x03805944                vex::motor_group::isDone()
 .text._ZN3vex11motor_group4stopEv
                0x03805958       0x30 c:\Users\dan\AppData\Roaming\Code\User\globalStorage\vexrobotics.vexcode\sdk\cpp\V5\V5_20220726_10_00_00/vexv5\libv5rt.a(vex_motorgroup.cpp.obj)
                0x03805958                vex::motor_group::stop()
 .text._ZN3vex11motor_group8positionENS_13rotationUnitsE
                0x03805988        0xc c:\Users\dan\AppData\Roaming\Code\User\globalStorage\vexrobotics.vexcode\sdk\cpp\V5\V5_20220726_10_00_00/vexv5\libv5rt.a(vex_motorgroup.cpp.obj)
                0x03805988                vex::motor_group::position(vex::rotationUnits)
 .text._ZN3vex11motor_group8velocityENS_13velocityUnitsE
                0x03805994        0xc c:\Users\dan\AppData\Roaming\Code\User\globalStorage\vexrobotics.vexcode\sdk\cpp\V5\V5_20220726_10_00_00/vexv5\libv5rt.a(vex_motorgroup.cpp.obj)
                0x03805994                vex::motor_group::velocity(vex::velocityUnits)
 .text._ZN3vex11motor_group20waitForCompletionAllEv
                0x038059a0       0x60 c:\Users\dan\AppData\Roaming\Code\User\globalStorage\vexrobotics.vexcode\sdk\cpp\V5\V5_20220726_10_00_00/vexv5\libv5rt.a(vex_motorgroup.cpp.obj)
                0x038059a0                vex::motor_group::waitForCompletionAll()
 .text._ZN3vex11motor_group7spinForENS_13directionTypeEdNS_13rotationUnitsEdNS_13velocityUnitsEb
                0x03805a00       0xa8 c:\Users\dan\AppData\Roaming\Code\User\globalStorage\vexrobotics.vexcode\sdk\cpp\V5\V5_20220726_10_00_00/vexv5\libv5rt.a(vex_motorgroup.cpp.obj)
                0x03805a00                vex::motor_group::spinFor(vex::directionType, double, vex::rotationUnits, double, vex::velocityUnits, bool)
 .text._ZN3vex11motor_group7spinForEdNS_13rotationUnitsEb
                0x03805aa8       0x78 c:\Users\dan\AppData\Roaming\Code\User\globalStorage\vexrobotics.vexcode\sdk\cpp\V5\V5_20220726_10_00_00/vexv5\libv5rt.a(vex_motorgroup.cpp.obj)
                0x03805aa8                vex::motor_group::spinFor(double, vex::rotationUnits, bool)
 .text.vexAdiPortConfigSet
                0x03805b20       0x28 c:\Users\dan\AppData\Roaming\Code\User\globalStorage\vexrobotics.vexcode\sdk\cpp\V5\V5_20220726_10_00_00/vexv5\libv5rt.a(v5_apiuser.c.obj)
                0x03805b20                vexAdiPortConfigSet
 .text.vexAdiPortConfigGet
                0x03805b48       0x28 c:\Users\dan\AppData\Roaming\Code\User\globalStorage\vexrobotics.vexcode\sdk\cpp\V5\V5_20220726_10_00_00/vexv5\libv5rt.a(v5_apiuser.c.obj)
                0x03805b48                vexAdiPortConfigGet
 .text.vexAdiValueSet
                0x03805b70       0x28 c:\Users\dan\AppData\Roaming\Code\User\globalStorage\vexrobotics.vexcode\sdk\cpp\V5\V5_20220726_10_00_00/vexv5\libv5rt.a(v5_apiuser.c.obj)
                0x03805b70                vexAdiValueSet
 .text.vexAdiValueGet
                0x03805b98       0x20 c:\Users\dan\AppData\Roaming\Code\User\globalStorage\vexrobotics.vexcode\sdk\cpp\V5\V5_20220726_10_00_00/vexv5\libv5rt.a(v5_apiuser.c.obj)
                0x03805b98                vexAdiValueGet
 .text.vexMotorVelocitySet
                0x03805bb8       0x20 c:\Users\dan\AppData\Roaming\Code\User\globalStorage\vexrobotics.vexcode\sdk\cpp\V5\V5_20220726_10_00_00/vexv5\libv5rt.a(v5_apiuser.c.obj)
                0x03805bb8                vexMotorVelocitySet
 .text.vexMotorVelocityGet
                0x03805bd8       0x18 c:\Users\dan\AppData\Roaming\Code\User\globalStorage\vexrobotics.vexcode\sdk\cpp\V5\V5_20220726_10_00_00/vexv5\libv5rt.a(v5_apiuser.c.obj)
                0x03805bd8                vexMotorVelocityGet
 .text.vexMotorActualVelocityGet
                0x03805bf0       0x24 c:\Users\dan\AppData\Roaming\Code\User\globalStorage\vexrobotics.vexcode\sdk\cpp\V5\V5_20220726_10_00_00/vexv5\libv5rt.a(v5_apiuser.c.obj)
                0x03805bf0                vexMotorActualVelocityGet
 .text.vexMotorModeGet
                0x03805c14       0x18 c:\Users\dan\AppData\Roaming\Code\User\globalStorage\vexrobotics.vexcode\sdk\cpp\V5\V5_20220726_10_00_00/vexv5\libv5rt.a(v5_apiuser.c.obj)
                0x03805c14                vexMotorModeGet
 .text.vexMotorZeroPositionFlagGet
                0x03805c2c       0x18 c:\Users\dan\AppData\Roaming\Code\User\globalStorage\vexrobotics.vexcode\sdk\cpp\V5\V5_20220726_10_00_00/vexv5\libv5rt.a(v5_apiuser.c.obj)
                0x03805c2c                vexMotorZeroPositionFlagGet
 .text.vexMotorReverseFlagSet
                0x03805c44       0x20 c:\Users\dan\AppData\Roaming\Code\User\globalStorage\vexrobotics.vexcode\sdk\cpp\V5\V5_20220726_10_00_00/vexv5\libv5rt.a(v5_apiuser.c.obj)
                0x03805c44                vexMotorReverseFlagSet
 .text.vexMotorEncoderUnitsSet
                0x03805c64       0x20 c:\Users\dan\AppData\Roaming\Code\User\globalStorage\vexrobotics.vexcode\sdk\cpp\V5\V5_20220726_10_00_00/vexv5\libv5rt.a(v5_apiuser.c.obj)
                0x03805c64                vexMotorEncoderUnitsSet
 .text.vexMotorBrakeModeSet
                0x03805c84       0x20 c:\Users\dan\AppData\Roaming\Code\User\globalStorage\vexrobotics.vexcode\sdk\cpp\V5\V5_20220726_10_00_00/vexv5\libv5rt.a(v5_apiuser.c.obj)
                0x03805c84                vexMotorBrakeModeSet
 .text.vexMotorPositionSet
                0x03805ca4       0x28 c:\Users\dan\AppData\Roaming\Code\User\globalStorage\vexrobotics.vexcode\sdk\cpp\V5\V5_20220726_10_00_00/vexv5\libv5rt.a(v5_apiuser.c.obj)
                0x03805ca4                vexMotorPositionSet
 .text.vexMotorPositionGet
                0x03805ccc       0x24 c:\Users\dan\AppData\Roaming\Code\User\globalStorage\vexrobotics.vexcode\sdk\cpp\V5\V5_20220726_10_00_00/vexv5\libv5rt.a(v5_apiuser.c.obj)
                0x03805ccc                vexMotorPositionGet
 .text.vexMotorRelativeTargetSet
                0x03805cf0       0x30 c:\Users\dan\AppData\Roaming\Code\User\globalStorage\vexrobotics.vexcode\sdk\cpp\V5\V5_20220726_10_00_00/vexv5\libv5rt.a(v5_apiuser.c.obj)
                0x03805cf0                vexMotorRelativeTargetSet
 .text.vexMotorGearingSet
                0x03805d20       0x20 c:\Users\dan\AppData\Roaming\Code\User\globalStorage\vexrobotics.vexcode\sdk\cpp\V5\V5_20220726_10_00_00/vexv5\libv5rt.a(v5_apiuser.c.obj)
                0x03805d20                vexMotorGearingSet
 .text.vexMotorGearingGet
                0x03805d40       0x18 c:\Users\dan\AppData\Roaming\Code\User\globalStorage\vexrobotics.vexcode\sdk\cpp\V5\V5_20220726_10_00_00/vexv5\libv5rt.a(v5_apiuser.c.obj)
                0x03805d40                vexMotorGearingGet
 .text.vexImuReset
                0x03805d58       0x10 c:\Users\dan\AppData\Roaming\Code\User\globalStorage\vexrobotics.vexcode\sdk\cpp\V5\V5_20220726_10_00_00/vexv5\libv5rt.a(v5_apiuser.c.obj)
                0x03805d58                vexImuReset
 .text.vexImuHeadingGet
                0x03805d68       0x10 c:\Users\dan\AppData\Roaming\Code\User\globalStorage\vexrobotics.vexcode\sdk\cpp\V5\V5_20220726_10_00_00/vexv5\libv5rt.a(v5_apiuser.c.obj)
                0x03805d68                vexImuHeadingGet
 .text.vexImuDegreesGet
                0x03805d78       0x10 c:\Users\dan\AppData\Roaming\Code\User\globalStorage\vexrobotics.vexcode\sdk\cpp\V5\V5_20220726_10_00_00/vexv5\libv5rt.a(v5_apiuser.c.obj)
                0x03805d78                vexImuDegreesGet
 .text.vexImuStatusGet
                0x03805d88       0x10 c:\Users\dan\AppData\Roaming\Code\User\globalStorage\vexrobotics.vexcode\sdk\cpp\V5\V5_20220726_10_00_00/vexv5\libv5rt.a(v5_apiuser.c.obj)
                0x03805d88                vexImuStatusGet
 .text.vexAbsEncPositionGet
                0x03805d98       0x10 c:\Users\dan\AppData\Roaming\Code\User\globalStorage\vexrobotics.vexcode\sdk\cpp\V5\V5_20220726_10_00_00/vexv5\libv5rt.a(v5_apiuser.c.obj)
                0x03805d98                vexAbsEncPositionGet
 .text.vexAbsEncAngleGet
                0x03805da8       0x10 c:\Users\dan\AppData\Roaming\Code\User\globalStorage\vexrobotics.vexcode\sdk\cpp\V5\V5_20220726_10_00_00/vexv5\libv5rt.a(v5_apiuser.c.obj)
                0x03805da8                vexAbsEncAngleGet
 .text.vexAbsEncReverseFlagSet
                0x03805db8       0x18 c:\Users\dan\AppData\Roaming\Code\User\globalStorage\vexrobotics.vexcode\sdk\cpp\V5\V5_20220726_10_00_00/vexv5\libv5rt.a(v5_apiuser.c.obj)
                0x03805db8                vexAbsEncReverseFlagSet
 .text.vexEventMaskSet
                0x03805dd0       0x28 c:\Users\dan\AppData\Roaming\Code\User\globalStorage\vexrobotics.vexcode\sdk\cpp\V5\V5_20220726_10_00_00/vexv5\libv5rt.a(v5_apiuser.c.obj)
                0x03805dd0                vexEventMaskSet
 .text.vexEventMaskGet
                0x03805df8       0x18 c:\Users\dan\AppData\Roaming\Code\User\globalStorage\vexrobotics.vexcode\sdk\cpp\V5\V5_20220726_10_00_00/vexv5\libv5rt.a(v5_apiuser.c.obj)
                0x03805df8                vexEventMaskGet
 .text._ZN3vex6deviceD2Ev
                0x03805e10        0x4 c:\Users\dan\AppData\Roaming\Code\User\globalStorage\vexrobotics.vexcode\sdk\cpp\V5\V5_20220726_10_00_00/vexv5\libv5rt.a(vex_device.cpp.obj)
                0x03805e10                vex::device::~device()
                0x03805e10                vex::device::~device()
 .text._ZN3vex6device5valueEv
                0x03805e14        0x8 c:\Users\dan\AppData\Roaming\Code\User\globalStorage\vexrobotics.vexcode\sdk\cpp\V5\V5_20220726_10_00_00/vexv5\libv5rt.a(vex_device.cpp.obj)
                0x03805e14                vex::device::value()
 .text._ZN3vex6deviceD0Ev
                0x03805e1c       0x14 c:\Users\dan\AppData\Roaming\Code\User\globalStorage\vexrobotics.vexcode\sdk\cpp\V5\V5_20220726_10_00_00/vexv5\libv5rt.a(vex_device.cpp.obj)
                0x03805e1c                vex::device::~device()
 .text._ZN3vex6device4initEl
                0x03805e30       0x30 c:\Users\dan\AppData\Roaming\Code\User\globalStorage\vexrobotics.vexcode\sdk\cpp\V5\V5_20220726_10_00_00/vexv5\libv5rt.a(vex_device.cpp.obj)
                0x03805e30                vex::device::init(long)
 .text._ZN3vex6deviceC2El
                0x03805e60       0x20 c:\Users\dan\AppData\Roaming\Code\User\globalStorage\vexrobotics.vexcode\sdk\cpp\V5\V5_20220726_10_00_00/vexv5\libv5rt.a(vex_device.cpp.obj)
                0x03805e60                vex::device::device(long)
                0x03805e60                vex::device::device(long)
 .text._ZN3vex6device4typeEv
                0x03805e80       0x10 c:\Users\dan\AppData\Roaming\Code\User\globalStorage\vexrobotics.vexcode\sdk\cpp\V5\V5_20220726_10_00_00/vexv5\libv5rt.a(vex_device.cpp.obj)
                0x03805e80                vex::device::type()
 .text._ZN3vex6device9installedEv
                0x03805e90       0x14 c:\Users\dan\AppData\Roaming\Code\User\globalStorage\vexrobotics.vexcode\sdk\cpp\V5\V5_20220726_10_00_00/vexv5\libv5rt.a(vex_device.cpp.obj)
                0x03805e90                vex::device::installed()
 .text.__libc_fini_array
                0x03805ea4       0x30 c:\Users\dan\AppData\Roaming\Code\User\globalStorage\vexrobotics.vexcode\sdk\cpp\V5\V5_20220726_10_00_00/vexv5/gcc/libs\libc.a(lib_a-fini.o)
                0x03805ea4                __libc_fini_array
 .text.__libc_init_array
                0x03805ed4       0x58 c:\Users\dan\AppData\Roaming\Code\User\globalStorage\vexrobotics.vexcode\sdk\cpp\V5\V5_20220726_10_00_00/vexv5/gcc/libs\libc.a(lib_a-init.o)
                0x03805ed4                __libc_init_array
 .text.fmax     0x03805f2c       0x4c c:\Users\dan\AppData\Roaming\Code\User\globalStorage\vexrobotics.vexcode\sdk\cpp\V5\V5_20220726_10_00_00/vexv5/gcc/libs\libm.a(lib_a-s_fmax.o)
                0x03805f2c                fmax
 .text.atanf    0x03805f78      0x1c0 c:\Users\dan\AppData\Roaming\Code\User\globalStorage\vexrobotics.vexcode\sdk\cpp\V5\V5_20220726_10_00_00/vexv5/gcc/libs\libm.a(lib_a-sf_atan.o)
                0x03805f78                atanf
 .text.cosf     0x03806138       0x94 c:\Users\dan\AppData\Roaming\Code\User\globalStorage\vexrobotics.vexcode\sdk\cpp\V5\V5_20220726_10_00_00/vexv5/gcc/libs\libm.a(lib_a-sf_cos.o)
                0x03806138                cosf
 .text.fabsf    0x038061cc        0x8 c:\Users\dan\AppData\Roaming\Code\User\globalStorage\vexrobotics.vexcode\sdk\cpp\V5\V5_20220726_10_00_00/vexv5/gcc/libs\libm.a(lib_a-sf_fabs.o)
                0x038061cc                fabsf
 .text.sinf     0x038061d4       0xa0 c:\Users\dan\AppData\Roaming\Code\User\globalStorage\vexrobotics.vexcode\sdk\cpp\V5\V5_20220726_10_00_00/vexv5/gcc/libs\libm.a(lib_a-sf_sin.o)
                0x038061d4                sinf
 .text.__ieee754_rem_pio2f
                0x03806274      0x278 c:\Users\dan\AppData\Roaming\Code\User\globalStorage\vexrobotics.vexcode\sdk\cpp\V5\V5_20220726_10_00_00/vexv5/gcc/libs\libm.a(lib_a-ef_rem_pio2.o)
                0x03806274                __ieee754_rem_pio2f
 .text.__kernel_cosf
                0x038064ec      0x118 c:\Users\dan\AppData\Roaming\Code\User\globalStorage\vexrobotics.vexcode\sdk\cpp\V5\V5_20220726_10_00_00/vexv5/gcc/libs\libm.a(lib_a-kf_cos.o)
                0x038064ec                __kernel_cosf
 .text.__kernel_rem_pio2f
                0x03806604      0x628 c:\Users\dan\AppData\Roaming\Code\User\globalStorage\vexrobotics.vexcode\sdk\cpp\V5\V5_20220726_10_00_00/vexv5/gcc/libs\libm.a(lib_a-kf_rem_pio2.o)
                0x03806604                __kernel_rem_pio2f
 .text.__kernel_sinf
                0x03806c2c       0x98 c:\Users\dan\AppData\Roaming\Code\User\globalStorage\vexrobotics.vexcode\sdk\cpp\V5\V5_20220726_10_00_00/vexv5/gcc/libs\libm.a(lib_a-kf_sin.o)
                0x03806c2c                __kernel_sinf
 .text.floorf   0x03806cc4       0xb4 c:\Users\dan\AppData\Roaming\Code\User\globalStorage\vexrobotics.vexcode\sdk\cpp\V5\V5_20220726_10_00_00/vexv5/gcc/libs\libm.a(lib_a-sf_floor.o)
                0x03806cc4                floorf
 .text.scalbnf  0x03806d78      0x100 c:\Users\dan\AppData\Roaming\Code\User\globalStorage\vexrobotics.vexcode\sdk\cpp\V5\V5_20220726_10_00_00/vexv5/gcc/libs\libm.a(lib_a-sf_scalbn.o)
                0x03806d78                scalbnf
 .text.copysignf
                0x03806e78        0xc c:\Users\dan\AppData\Roaming\Code\User\globalStorage\vexrobotics.vexcode\sdk\cpp\V5\V5_20220726_10_00_00/vexv5/gcc/libs\libm.a(lib_a-sf_copysign.o)
                0x03806e78                copysignf
 *fill*         0x03806e84        0x4 
 .text.copysignf.__stub
                0x03806e88       0x10 linker stubs
 *(.gnu.linkonce.t.*)
 *(.plt)
 *(.gnu_warning)
 *(.gcc_except_table)
 *(.glue_7)
 .glue_7        0x00000000        0x0 linker stubs
 *(.glue_7t)
 .glue_7t       0x00000000        0x0 linker stubs
 *(.vfp11_veneer)
 .vfp11_veneer  0x00000000        0x0 linker stubs
 *(.ARM.extab)
 *(.gnu.linkonce.armextab.*)

.v4_bx          0x03806e98        0x0
 .v4_bx         0x00000000        0x0 linker stubs

.iplt           0x03806e98        0x0
 .iplt          0x00000000        0x0 build/src/main.o

.init
 *(.init)

.fini
 *(.fini)

.rodata         0x03806e98      0x64c
                0x03806e98                __rodata_start = .
 *(.rodata)
 *(.rodata.*)
 .rodata.str1.1
                0x03806e98       0x77 build/src/main.o
                                 0x78 (size before relaxing)
 .rodata.str1.1
                0x03806f0f       0x2e c:\Users\dan\AppData\Roaming\Code\User\globalStorage\vexrobotics.vexcode\sdk\cpp\V5\V5_20220726_10_00_00/vexv5\libv5rt.a(v5_startup.c.obj)
 *fill*         0x03806f3d        0x3 
 .rodata._ZN3vex3fwdE
                0x03806f40        0x4 c:\Users\dan\AppData\Roaming\Code\User\globalStorage\vexrobotics.vexcode\sdk\cpp\V5\V5_20220726_10_00_00/vexv5\libv5rt.a(vex_global.cpp.obj)
                0x03806f40                vex::fwd
 .rodata._ZN3vex5PORT3E
                0x03806f44        0x4 c:\Users\dan\AppData\Roaming\Code\User\globalStorage\vexrobotics.vexcode\sdk\cpp\V5\V5_20220726_10_00_00/vexv5\libv5rt.a(vex_global.cpp.obj)
                0x03806f44                vex::PORT3
 .rodata._ZN3vex5PORT1E
                0x03806f48        0x4 c:\Users\dan\AppData\Roaming\Code\User\globalStorage\vexrobotics.vexcode\sdk\cpp\V5\V5_20220726_10_00_00/vexv5\libv5rt.a(vex_global.cpp.obj)
                0x03806f48                vex::PORT1
 .rodata._ZN3vex7reverseE
                0x03806f4c        0x4 c:\Users\dan\AppData\Roaming\Code\User\globalStorage\vexrobotics.vexcode\sdk\cpp\V5\V5_20220726_10_00_00/vexv5\libv5rt.a(vex_global.cpp.obj)
                0x03806f4c                vex::reverse
 .rodata._ZN3vex6PORT10E
                0x03806f50        0x4 c:\Users\dan\AppData\Roaming\Code\User\globalStorage\vexrobotics.vexcode\sdk\cpp\V5\V5_20220726_10_00_00/vexv5\libv5rt.a(vex_global.cpp.obj)
                0x03806f50                vex::PORT10
 .rodata._ZN3vex5PORT5E
                0x03806f54        0x4 c:\Users\dan\AppData\Roaming\Code\User\globalStorage\vexrobotics.vexcode\sdk\cpp\V5\V5_20220726_10_00_00/vexv5\libv5rt.a(vex_global.cpp.obj)
                0x03806f54                vex::PORT5
 .rodata._ZN3vex7forwardE
                0x03806f58        0x4 c:\Users\dan\AppData\Roaming\Code\User\globalStorage\vexrobotics.vexcode\sdk\cpp\V5\V5_20220726_10_00_00/vexv5\libv5rt.a(vex_global.cpp.obj)
                0x03806f58                vex::forward
 .rodata._ZN3vex3pctE
                0x03806f5c        0x4 c:\Users\dan\AppData\Roaming\Code\User\globalStorage\vexrobotics.vexcode\sdk\cpp\V5\V5_20220726_10_00_00/vexv5\libv5rt.a(vex_global.cpp.obj)
                0x03806f5c                vex::pct
 .rodata._ZN3vex3secE
                0x03806f60        0x4 c:\Users\dan\AppData\Roaming\Code\User\globalStorage\vexrobotics.vexcode\sdk\cpp\V5\V5_20220726_10_00_00/vexv5\libv5rt.a(vex_global.cpp.obj)
                0x03806f60                vex::sec
 .rodata._ZN3vex4msecE
                0x03806f64        0x4 c:\Users\dan\AppData\Roaming\Code\User\globalStorage\vexrobotics.vexcode\sdk\cpp\V5\V5_20220726_10_00_00/vexv5\libv5rt.a(vex_global.cpp.obj)
                0x03806f64                vex::msec
 .rodata._ZN3vex9ratio36_1E
                0x03806f68        0x4 c:\Users\dan\AppData\Roaming\Code\User\globalStorage\vexrobotics.vexcode\sdk\cpp\V5\V5_20220726_10_00_00/vexv5\libv5rt.a(vex_global.cpp.obj)
                0x03806f68                vex::ratio36_1
 .rodata._ZN3vex5PORT9E
                0x03806f6c        0x4 c:\Users\dan\AppData\Roaming\Code\User\globalStorage\vexrobotics.vexcode\sdk\cpp\V5\V5_20220726_10_00_00/vexv5\libv5rt.a(vex_global.cpp.obj)
                0x03806f6c                vex::PORT9
 .rodata._ZN3vex5PORT2E
                0x03806f70        0x4 c:\Users\dan\AppData\Roaming\Code\User\globalStorage\vexrobotics.vexcode\sdk\cpp\V5\V5_20220726_10_00_00/vexv5\libv5rt.a(vex_global.cpp.obj)
                0x03806f70                vex::PORT2
 .rodata._ZN3vex6PORT11E
                0x03806f74        0x4 c:\Users\dan\AppData\Roaming\Code\User\globalStorage\vexrobotics.vexcode\sdk\cpp\V5\V5_20220726_10_00_00/vexv5\libv5rt.a(vex_global.cpp.obj)
                0x03806f74                vex::PORT11
 .rodata._ZN3vex5PORT6E
                0x03806f78        0x4 c:\Users\dan\AppData\Roaming\Code\User\globalStorage\vexrobotics.vexcode\sdk\cpp\V5\V5_20220726_10_00_00/vexv5\libv5rt.a(vex_global.cpp.obj)
                0x03806f78                vex::PORT6
 .rodata._ZN3vex7primaryE
                0x03806f7c        0x4 c:\Users\dan\AppData\Roaming\Code\User\globalStorage\vexrobotics.vexcode\sdk\cpp\V5\V5_20220726_10_00_00/vexv5\libv5rt.a(vex_global.cpp.obj)
                0x03806f7c                vex::primary
 .rodata._ZN3vex3degE
                0x03806f80        0x4 c:\Users\dan\AppData\Roaming\Code\User\globalStorage\vexrobotics.vexcode\sdk\cpp\V5\V5_20220726_10_00_00/vexv5\libv5rt.a(vex_global.cpp.obj)
                0x03806f80                vex::deg
 .rodata._ZN3vex7percentE
                0x03806f84        0x4 c:\Users\dan\AppData\Roaming\Code\User\globalStorage\vexrobotics.vexcode\sdk\cpp\V5\V5_20220726_10_00_00/vexv5\libv5rt.a(vex_global.cpp.obj)
                0x03806f84                vex::percent
 .rodata._ZN3vex6PORT22E
                0x03806f88        0x4 c:\Users\dan\AppData\Roaming\Code\User\globalStorage\vexrobotics.vexcode\sdk\cpp\V5\V5_20220726_10_00_00/vexv5\libv5rt.a(vex_global.cpp.obj)
                0x03806f88                vex::PORT22
 .rodata._ZN3vex6PORT12E
                0x03806f8c        0x4 c:\Users\dan\AppData\Roaming\Code\User\globalStorage\vexrobotics.vexcode\sdk\cpp\V5\V5_20220726_10_00_00/vexv5\libv5rt.a(vex_global.cpp.obj)
                0x03806f8c                vex::PORT12
 .rodata._ZN3vex5PORT7E
                0x03806f90        0x4 c:\Users\dan\AppData\Roaming\Code\User\globalStorage\vexrobotics.vexcode\sdk\cpp\V5\V5_20220726_10_00_00/vexv5\libv5rt.a(vex_global.cpp.obj)
                0x03806f90                vex::PORT7
 .rodata._ZN3vex4leftE
                0x03806f94        0x4 c:\Users\dan\AppData\Roaming\Code\User\globalStorage\vexrobotics.vexcode\sdk\cpp\V5\V5_20220726_10_00_00/vexv5\libv5rt.a(vex_global.cpp.obj)
                0x03806f94                vex::left
 .rodata._ZN3vex8ratio6_1E
                0x03806f98        0x4 c:\Users\dan\AppData\Roaming\Code\User\globalStorage\vexrobotics.vexcode\sdk\cpp\V5\V5_20220726_10_00_00/vexv5\libv5rt.a(vex_global.cpp.obj)
                0x03806f98                vex::ratio6_1
 .rodata._ZN3vex5PORT4E
                0x03806f9c        0x4 c:\Users\dan\AppData\Roaming\Code\User\globalStorage\vexrobotics.vexcode\sdk\cpp\V5\V5_20220726_10_00_00/vexv5\libv5rt.a(vex_global.cpp.obj)
                0x03806f9c                vex::PORT4
 .rodata._ZN3vex9ratio18_1E
                0x03806fa0        0x4 c:\Users\dan\AppData\Roaming\Code\User\globalStorage\vexrobotics.vexcode\sdk\cpp\V5\V5_20220726_10_00_00/vexv5\libv5rt.a(vex_global.cpp.obj)
                0x03806fa0                vex::ratio18_1
 .rodata._ZN3vex5rightE
                0x03806fa4        0x4 c:\Users\dan\AppData\Roaming\Code\User\globalStorage\vexrobotics.vexcode\sdk\cpp\V5\V5_20220726_10_00_00/vexv5\libv5rt.a(vex_global.cpp.obj)
                0x03806fa4                vex::right
 .rodata._ZTVN3vex5motorE
                0x03806fa8       0x18 c:\Users\dan\AppData\Roaming\Code\User\globalStorage\vexrobotics.vexcode\sdk\cpp\V5\V5_20220726_10_00_00/vexv5\libv5rt.a(vex_motor.cpp.obj)
                0x03806fa8                vtable for vex::motor
 .rodata._ZTVN3vex8inertialE
                0x03806fc0       0x68 c:\Users\dan\AppData\Roaming\Code\User\globalStorage\vexrobotics.vexcode\sdk\cpp\V5\V5_20220726_10_00_00/vexv5\libv5rt.a(vex_imu.cpp.obj)
                0x03806fc0                vtable for vex::inertial
 .rodata._ZTVN3vex8rotationE