Archive member included because of file (symbol)

c:\Users\krish\AppData\Roaming\Code\User\globalStorage\vexrobotics.vexcode\sdk\cpp\V5\V5_20220726_10_00_00/vexv5\libv5rt.a(v5_startup.c.obj)
                              (vexStartup)
c:\Users\krish\AppData\Roaming\Code\User\globalStorage\vexrobotics.vexcode\sdk\cpp\V5\V5_20220726_10_00_00/vexv5\libv5rt.a(v5_util.c.obj)
                              c:\Users\krish\AppData\Roaming\Code\User\globalStorage\vexrobotics.vexcode\sdk\cpp\V5\V5_20220726_10_00_00/vexv5\libv5rt.a(v5_startup.c.obj) (vexStdlibVersionLinked)
c:\Users\krish\AppData\Roaming\Code\User\globalStorage\vexrobotics.vexcode\sdk\cpp\V5\V5_20220726_10_00_00/vexv5\libv5rt.a(v5_apijump.c.obj)
                              c:\Users\krish\AppData\Roaming\Code\User\globalStorage\vexrobotics.vexcode\sdk\cpp\V5\V5_20220726_10_00_00/vexv5\libv5rt.a(v5_startup.c.obj) (vexPrivateApiEnable)
c:\Users\krish\AppData\Roaming\Code\User\globalStorage\vexrobotics.vexcode\sdk\cpp\V5\V5_20220726_10_00_00/vexv5\libv5rt.a(v5_apiversions.c.obj)
                              c:\Users\krish\AppData\Roaming\Code\User\globalStorage\vexrobotics.vexcode\sdk\cpp\V5\V5_20220726_10_00_00/vexv5\libv5rt.a(v5_apijump.c.obj) (vexSystemVersion)
c:\Users\krish\AppData\Roaming\Code\User\globalStorage\vexrobotics.vexcode\sdk\cpp\V5\V5_20220726_10_00_00/vexv5\libv5rt.a(vex_global.cpp.obj)
                              build/src/main.o (vex::wait(double, vex::timeUnits))
c:\Users\krish\AppData\Roaming\Code\User\globalStorage\vexrobotics.vexcode\sdk\cpp\V5\V5_20220726_10_00_00/vexv5\libv5rt.a(vex_motor.cpp.obj)
                              build/src/main.o (vex::motor::~motor())
c:\Users\krish\AppData\Roaming\Code\User\globalStorage\vexrobotics.vexcode\sdk\cpp\V5\V5_20220726_10_00_00/vexv5\libv5rt.a(vex_imu.cpp.obj)
                              build/src/main.o (vex::inertial::setHeading(double, vex::rotationUnits))
c:\Users\krish\AppData\Roaming\Code\User\globalStorage\vexrobotics.vexcode\sdk\cpp\V5\V5_20220726_10_00_00/vexv5\libv5rt.a(vex_rotation.cpp.obj)
                              build/src/main.o (vex::rotation::~rotation())
c:\Users\krish\AppData\Roaming\Code\User\globalStorage\vexrobotics.vexcode\sdk\cpp\V5\V5_20220726_10_00_00/vexv5\libv5rt.a(vex_controller.cpp.obj)
                              build/src/main.o (vex::controller::~controller())
c:\Users\krish\AppData\Roaming\Code\User\globalStorage\vexrobotics.vexcode\sdk\cpp\V5\V5_20220726_10_00_00/vexv5\libv5rt.a(vex_task.cpp.obj)
                              build/src/main.o (vex::task::task())
c:\Users\krish\AppData\Roaming\Code\User\globalStorage\vexrobotics.vexcode\sdk\cpp\V5\V5_20220726_10_00_00/vexv5\libv5rt.a(vex_thread.cpp.obj)
                              build/src/sylib/system.o (vex::this_thread::sleep_for(unsigned long))
c:\Users\krish\AppData\Roaming\Code\User\globalStorage\vexrobotics.vexcode\sdk\cpp\V5\V5_20220726_10_00_00/vexv5\libv5rt.a(vex_event.cpp.obj)
                              c:\Users\krish\AppData\Roaming\Code\User\globalStorage\vexrobotics.vexcode\sdk\cpp\V5\V5_20220726_10_00_00/vexv5\libv5rt.a(vex_imu.cpp.obj) (vex::event::init(unsigned long, unsigned long, void (*)()))
c:\Users\krish\AppData\Roaming\Code\User\globalStorage\vexrobotics.vexcode\sdk\cpp\V5\V5_20220726_10_00_00/vexv5\libv5rt.a(vex_mevent.cpp.obj)
                              c:\Users\krish\AppData\Roaming\Code\User\globalStorage\vexrobotics.vexcode\sdk\cpp\V5\V5_20220726_10_00_00/vexv5\libv5rt.a(vex_controller.cpp.obj) (vex::mevent::mevent(unsigned long, unsigned long))
c:\Users\krish\AppData\Roaming\Code\User\globalStorage\vexrobotics.vexcode\sdk\cpp\V5\V5_20220726_10_00_00/vexv5\libv5rt.a(vex_brain.cpp.obj)
                              build/src/main.o (vex::brain::brain())
c:\Users\krish\AppData\Roaming\Code\User\globalStorage\vexrobotics.vexcode\sdk\cpp\V5\V5_20220726_10_00_00/vexv5\libv5rt.a(vex_competition.cpp.obj)
                              build/src/main.o (vex::competition::competition())
c:\Users\krish\AppData\Roaming\Code\User\globalStorage\vexrobotics.vexcode\sdk\cpp\V5\V5_20220726_10_00_00/vexv5\libv5rt.a(vex_triport.cpp.obj)
                              c:\Users\krish\AppData\Roaming\Code\User\globalStorage\vexrobotics.vexcode\sdk\cpp\V5\V5_20220726_10_00_00/vexv5\libv5rt.a(vex_brain.cpp.obj) (vex::triport::~triport())
c:\Users\krish\AppData\Roaming\Code\User\globalStorage\vexrobotics.vexcode\sdk\cpp\V5\V5_20220726_10_00_00/vexv5\libv5rt.a(vex_color.cpp.obj)
                              c:\Users\krish\AppData\Roaming\Code\User\globalStorage\vexrobotics.vexcode\sdk\cpp\V5\V5_20220726_10_00_00/vexv5\libv5rt.a(vex_brain.cpp.obj) (vex::color::operator unsigned long() const)
c:\Users\krish\AppData\Roaming\Code\User\globalStorage\vexrobotics.vexcode\sdk\cpp\V5\V5_20220726_10_00_00/vexv5\libv5rt.a(vex_timer.cpp.obj)
[...]
Memory Configuration

Name             Origin             Length             Attributes
ps7_ddr_0_S_AXI_BASEADDR 0x03800000         0x04800000
*default*        0x00000000         0xffffffff

Linker script and memory map

                0x00002000                _STACK_SIZE = DEFINED (_STACK_SIZE)?_STACK_SIZE:0x2000
                0x00100000                _HEAP_SIZE = DEFINED (_HEAP_SIZE)?_HEAP_SIZE:0x100000
                0x00000400                _ABORT_STACK_SIZE = DEFINED (_ABORT_STACK_SIZE)?_ABORT_STACK_SIZE:0x400
                0x00000800                _SUPERVISOR_STACK_SIZE = DEFINED (_SUPERVISOR_STACK_SIZE)?_SUPERVISOR_STACK_SIZE:0x800
                0x00000400                _IRQ_STACK_SIZE = DEFINED (_IRQ_STACK_SIZE)?_IRQ_STACK_SIZE:0x400
                0x00000400                _FIQ_STACK_SIZE = DEFINED (_FIQ_STACK_SIZE)?_FIQ_STACK_SIZE:0x400
                0x00000400                _UNDEF_STACK_SIZE = DEFINED (_UNDEF_STACK_SIZE)?_UNDEF_STACK_SIZE:0x400

.text           0x03800000     0x96e8
 *(.vectors)
 *(.boot_data)
 .boot_data     0x03800000       0x20 c:\Users\krish\AppData\Roaming\Code\User\globalStorage\vexrobotics.vexcode\sdk\cpp\V5\V5_20220726_10_00_00/vexv5\libv5rt.a(v5_startup.c.obj)
                0x03800000                vexCodeSig
                0x00000020                . = 0x20
 *(.boot)
 .boot          0x03800020       0xbc c:\Users\krish\AppData\Roaming\Code\User\globalStorage\vexrobotics.vexcode\sdk\cpp\V5\V5_20220726_10_00_00/vexv5\libv5rt.a(v5_startup.c.obj)
                0x03800020                vexStartup
                0x03800100                . = ALIGN (0x40)
 *fill*         0x038000dc       0x24 
 *(.freertos_vectors)
 *(.text)
 .text          0x03800100       0x3a c:\Users\krish\AppData\Roaming\Code\User\globalStorage\vexrobotics.vexcode\sdk\cpp\V5\V5_20220726_10_00_00/vexv5/gcc/libs\libc.a(lib_a-aeabi_memmove-soft.o)
                0x03800100                __aeabi_memmove4
                0x03800100                __aeabi_memmove
                0x03800100                __aeabi_memmove8
 .text          0x0380013a       0x9a c:\Users\krish\AppData\Roaming\Code\User\globalStorage\vexrobotics.vexcode\sdk\cpp\V5\V5_20220726_10_00_00/vexv5/gcc/libs\libc.a(lib_a-aeabi_memset-soft.o)
                0x0380013a                __aeabi_memset8
                0x0380013a                __aeabi_memset
                0x0380013a                __aeabi_memset4
 *(.text.*)
 .text._ZN3vex11motor_groupC2IJNS_5motorES2_EEERS2_DpRT_
                0x038001d4       0x44 build/src/main.o
                0x038001d4                vex::motor_group::motor_group<vex::motor, vex::motor>(vex::motor&, vex::motor&, vex::motor&)
 .text._Z8stopCatav
                0x03800218        0xc build/src/main.o
                0x03800218                stopCata()
 .text._Z13bringCataDownf
                0x03800224       0xc8 build/src/main.o
                0x03800224                bringCataDown(float)
 .text._Z13bringCataDownv
                0x038002ec       0x1c build/src/main.o
                0x038002ec                bringCataDown()
 .text._Z13cataMatchLoadv
                0x03800308        0xc build/src/main.o
                0x03800308                cataMatchLoad()
 *fill*         0x03800314        0x4 
 .text._Z13fullCataCyclev
                0x03800318       0x70 build/src/main.o
                0x03800318                fullCataCycle()
 .text._Z10toggleCatav
                0x03800388       0x80 build/src/main.o
                0x03800388                toggleCata()
 .text._Z11toggleWingsv
                0x03800408       0x2c build/src/main.o
                0x03800408                toggleWings()
 .text._Z13toggleBlockerv
                0x03800434      0x120 build/src/main.o
                0x03800434                toggleBlocker()
 .text._ZNSt6vectorImSaImEEC2ERKS1_
                0x03800554       0x78 build/src/main.o
                0x03800554                std::vector<unsigned long, std::allocator<unsigned long> >::vector(std::vector<unsigned long, std::allocator<unsigned long> > const&)
 *fill*         0x038005cc        0x4 
 .text._Z9smartTurnf
                0x038005d0      0x1dc build/src/main.o
                0x038005d0                smartTurn(float)
 .text._Z13turnToHeadingf
                0x038007ac       0x80 build/src/main.o
                0x038007ac                turnToHeading(float)
 *fill*         0x0380082c        0x4 
 .text._Z10odomUpdatev
                0x03800830      0x300 build/src/main.o
                0x03800830                odomUpdate()
 .text._Z7runOdomv
                0x03800b30       0x40 build/src/main.o
                0x03800b30                runOdom()
 .text._Z8straightfN3vex13distanceUnitsE
                0x03800b70      0x1a8 build/src/main.o
                0x03800b70                straight(float, vex::distanceUnits)
 .text._Z8straightff
                0x03800d18       0x6c build/src/main.o
                0x03800d18                straight(float, float)
 .text._Z8straightf
                0x03800d84        0xc build/src/main.o
                0x03800d84                straight(float)
 .text._Z4slamN3vex13directionTypeE
                0x03800d90      0x140 build/src/main.o
                0x03800d90                slam(vex::directionType)
 .text._Z3arcffN3vex8turnTypeE
                0x03800ed0      0x2b8 build/src/main.o
                0x03800ed0                arc(float, float, vex::turnType)
 .text._Z10followPathRKSt6vectorIS_IiSaIiEESaIS1_EE
                0x03801188      0x31c build/src/main.o
                0x03801188                followPath(std::vector<std::vector<int, std::allocator<int> >, std::allocator<std::vector<int, std::allocator<int> > > > const&)
 *fill*         0x038014a4        0x4 
 .text._Z9pre_autonv
                0x038014a8      0x130 build/src/main.o
                0x038014a8                pre_auton()
 .text._Z12oppositeSidev
                0x038015d8      0x1f0 build/src/main.o
                0x038015d8                oppositeSide()
 .text._Z16oppositeSideElimv
                0x038017c8      0x260 build/src/main.o
                0x038017c8                oppositeSideElim()
 .text._Z8sameSidev
                0x03801a28      0x220 build/src/main.o
                0x03801a28                sameSide()
 .text._Z11AWPSameSidev
                0x03801c48      0x168 build/src/main.o
                0x03801c48                AWPSameSide()
 .text._Z17programmingSkillsv
                0x03801db0      0x338 build/src/main.o
                0x03801db0                programmingSkills()
 .text._Z7testingv
                0x038020e8      0x154 build/src/main.o
                0x038020e8                testing()
 .text._ZNSt6vectorIiSaIiEEC2ESt16initializer_listIiERKS0_
                0x0380223c       0x58 build/src/main.o
                0x0380223c                std::vector<int, std::allocator<int> >::vector(std::initializer_list<int>, std::allocator<int> const&)
 .text._ZNSt6vectorIS_IiSaIiEESaIS1_EED2Ev
                0x03802294       0x50 build/src/main.o
                0x03802294                std::vector<std::vector<int, std::allocator<int> >, std::allocator<std::vector<int, std::allocator<int> > > >::~vector()
 *fill*         0x038022e4        0x4 
 .text._Z11usercontrolv
                0x038022e8      0x550 build/src/main.o
                0x038022e8                usercontrol()
 .text._Z12driverSkillsv
                0x03802838       0xb8 build/src/main.o
                0x03802838                driverSkills()
 .text.main     0x038028f0      0x170 build/src/main.o
                0x038028f0                main
 .text._ZNSt12_Vector_baseImSaImEE11_M_allocateEj
                0x03802a60       0x30 build/src/main.o
                0x03802a60                std::_Vector_base<unsigned long, std::allocator<unsigned long> >::_M_allocate(unsigned int)
 .text._ZNSt12_Vector_baseIiSaIiEE11_M_allocateEj
                0x03802a90       0x30 build/src/main.o
                0x03802a90                std::_Vector_base<int, std::allocator<int> >::_M_allocate(unsigned int)
 .text._ZNSt6vectorIS_IiSaIiEESaIS1_EE19_M_range_initializeIPKS1_EEvT_S7_St20forward_iterator_tag
                0x03802ac0       0x64 build/src/main.o
                0x03802ac0                void std::vector<std::vector<int, std::allocator<int> >, std::allocator<std::vector<int, std::allocator<int> > > >::_M_range_initialize<std::vector<int, std::allocator<int> > const*>(std::vector<int, std::allocator<int> > const*, std::vector<int, std::allocator<int> > const*, std::forward_iterator_tag)
 .text._ZNSt12_Vector_baseISt6vectorIiSaIiEESaIS2_EE11_M_allocateEj
                0x03802b24       0x3c build/src/main.o
                0x03802b24                std::_Vector_base<std::vector<int, std::allocator<int> >, std::allocator<std::vector<int, std::allocator<int> > > >::_M_allocate(unsigned int)
 .text._ZNSt6vectorIiSaIiEEC2ERKS1_
                0x03802b60       0x78 build/src/main.o
                0x03802b60                std::vector<int, std::allocator<int> >::vector(std::vector<int, std::allocator<int> > const&)
 .text._GLOBAL__sub_I_main.cpp
                0x03802bd8      0x62c build/src/main.o
 .text._GLOBAL__sub_I_math.cpp
                0x03803204       0x34 build/src/sylib/math.o
 .text._ZN5sylib11delay_untilEPmm
                0x03803238       0x24 build/src/sylib/system.o
                0x03803238                sylib::delay_until(unsigned long*, unsigned long)
 .text._ZN5sylib6millisEv
                0x0380325c        0x4 build/src/sylib/system.o
                0x0380325c                sylib::millis()
 .text.__cxx_global_array_dtor
                0x03803260       0x2c build/src/sylib/system.o
 .text.__cxx_global_array_dtor.3
                0x0380328c       0x2c build/src/sylib/system.o
 .text._ZNSt6vectorIPN5sylib6DeviceESaIS2_EED2Ev
                0x038032b8       0x24 build/src/sylib/system.o
                0x038032b8                std::vector<sylib::Device*, std::allocator<sylib::Device*> >::~vector()
 .text._ZN5sylib11SylibDaemon16startSylibDaemonEv
                0x038032dc       0x50 build/src/sylib/system.o
                0x038032dc                sylib::SylibDaemon::startSylibDaemon()
 .text._ZN5sylib11SylibDaemon19managerTaskFunctionEv
                0x0380332c      0x298 build/src/sylib/system.o
                0x0380332c                sylib::SylibDaemon::managerTaskFunction()
 .text._ZNSt10unique_ptrIN5sylib4TaskESt14default_deleteIS1_EED2Ev
                0x038035c4       0x30 build/src/sylib/system.o
                0x038035c4                std::unique_ptr<sylib::Task, std::default_delete<sylib::Task> >::~unique_ptr()
 .text._ZN5sylib11SylibDaemonD2Ev
                0x038035f4        0x4 build/src/sylib/system.o
                0x038035f4                sylib::SylibDaemon::~SylibDaemon()
                0x038035f4                sylib::SylibDaemon::~SylibDaemon()
 .text._ZN5sylib11SylibDaemon11getInstanceEv
                0x038035f8       0x70 build/src/sylib/system.o
                0x038035f8                sylib::SylibDaemon::getInstance()
 .text._ZN5sylib11SylibDaemon19createSubTaskUnsafeEPNS_6DeviceE
                0x03803668       0xb8 build/src/sylib/system.o
                0x03803668                sylib::SylibDaemon::createSubTaskUnsafe(sylib::Device*)
 .text._ZN5sylib11SylibDaemon13createSubTaskEPNS_6DeviceE
                0x03803720       0x40 build/src/sylib/system.o
                0x03803720                sylib::SylibDaemon::createSubTask(sylib::Device*)
 .text._ZN5sylib11SylibDaemon13removeSubTaskEPNS_6DeviceE
                0x03803760       0xc0 build/src/sylib/system.o
                0x03803760                sylib::SylibDaemon::removeSubTask(sylib::Device*)
 .text._ZN5sylib6Device12startSubTaskEv
                0x03803820       0xd4 build/src/sylib/system.o
                0x03803820                sylib::Device::startSubTask()
 .text._ZN5sylib6Device11killSubTaskEv
                0x038038f4       0x50 build/src/sylib/system.o
                0x038038f4                sylib::Device::killSubTask()
 .text._ZN5sylib6DeviceC2Eii
                0x03803944       0x48 build/src/sylib/system.o
                0x03803944                sylib::Device::Device(int, int)
 .text._ZN5sylib6DeviceD2Ev
                0x0380398c       0x40 build/src/sylib/system.o
                0x0380398c                sylib::Device::~Device()
                0x0380398c                sylib::Device::~Device()
 .text._ZN5sylib6Device15setUpdateOffsetEi
                0x038039cc        0x8 build/src/sylib/system.o
                0x038039cc                sylib::Device::setUpdateOffset(int)
 .text._ZN5sylib6Device18setUpdateFrequencyEi
                0x038039d4        0x8 build/src/sylib/system.o
                0x038039d4                sylib::Device::setUpdateFrequency(int)
 .text._ZN5sylib10initializeEv
                0x038039dc       0x1c build/src/sylib/system.o
                0x038039dc                sylib::initialize()
 .text._ZNSt10unique_ptrIN5sylib4TaskESt14default_deleteIS1_EE5resetEPS1_
                0x038039f8       0x28 build/src/sylib/system.o
                0x038039f8                std::unique_ptr<sylib::Task, std::default_delete<sylib::Task> >::reset(sylib::Task*)
 .text._ZNSt6vectorIPN5sylib6DeviceESaIS2_EE19_M_emplace_back_auxIJRKS2_EEEvDpOT_
                0x03803a20       0x8c build/src/sylib/system.o
                0x03803a20                void std::vector<sylib::Device*, std::allocator<sylib::Device*> >::_M_emplace_back_aux<sylib::Device* const&>(sylib::Device* const&)
 .text._ZNKSt6vectorIPN5sylib6DeviceESaIS2_EE12_M_check_lenEjPKc
                0x03803aac       0x54 build/src/sylib/system.o
                0x03803aac                std::vector<sylib::Device*, std::allocator<sylib::Device*> >::_M_check_len(unsigned int, char const*) const
 .text._ZNSt12_Vector_baseIPN5sylib6DeviceESaIS2_EE11_M_allocateEj
                0x03803b00       0x30 build/src/sylib/system.o
                0x03803b00                std::_Vector_base<sylib::Device*, std::allocator<sylib::Device*> >::_M_allocate(unsigned int)
 .text._ZSt11__remove_ifIN9__gnu_cxx17__normal_iteratorIPPN5sylib6DeviceESt6vectorIS4_SaIS4_EEEENS0_5__ops16_Iter_equals_valIKS4_EEET_SE_SE_T0_
                0x03803b30       0x44 build/src/sylib/system.o
                0x03803b30                __gnu_cxx::__normal_iterator<sylib::Device**, std::vector<sylib::Device*, std::allocator<sylib::Device*> > > std::__remove_if<__gnu_cxx::__normal_iterator<sylib::Device**, std::vector<sylib::Device*, std::allocator<sylib::Device*> > >, __gnu_cxx::__ops::_Iter_equals_val<sylib::Device* const> >(__gnu_cxx::__normal_iterator<sylib::Device**, std::vector<sylib::Device*, std::allocator<sylib::Device*> > >, __gnu_cxx::__normal_iterator<sylib::Device**, std::vector<sylib::Device*, std::allocator<sylib::Device*> > >, __gnu_cxx::__ops::_Iter_equals_val<sylib::Device* const>)
 .text._ZSt9__find_ifIN9__gnu_cxx17__normal_iteratorIPPN5sylib6DeviceESt6vectorIS4_SaIS4_EEEENS0_5__ops16_Iter_equals_valIKS4_EEET_SE_SE_T0_St26random_access_iterator_tag
                0x03803b74       0xdc build/src/sylib/system.o
                0x03803b74                __gnu_cxx::__normal_iterator<sylib::Device**, std::vector<sylib::Device*, std::allocator<sylib::Device*> > > std::__find_if<__gnu_cxx::__normal_iterator<sylib::Device**, std::vector<sylib::Device*, std::allocator<sylib::Device*> > >, __gnu_cxx::__ops::_Iter_equals_val<sylib::Device* const> >(__gnu_cxx::__normal_iterator<sylib::Device**, std::vector<sylib::Device*, std::allocator<sylib::Device*> > >, __gnu_cxx::__normal_iterator<sylib::Device**, std::vector<sylib::Device*, std::allocator<sylib::Device*> > >, __gnu_cxx::__ops::_Iter_equals_val<sylib::Device* const>, std::random_access_iterator_tag)
 .text._GLOBAL__sub_I_system.cpp
                0x03803c50       0xd4 build/src/sylib/system.o
 .text._GLOBAL__sub_I_sylib.cpp
                0x03803d24       0x34 build/src/sylib/sylib.o
 .text._ZNSt11unique_lockIN5sylib5MutexEEaSEOS2_
                0x03803d58       0x78 build/src/sylib/motor.o
                0x03803d58                std::unique_lock<sylib::Mutex>::operator=(std::unique_lock<sylib::Mutex>&&)
 .text._ZNSt11unique_lockIN5sylib5MutexEE6unlockEv
                0x03803dd0       0x3c build/src/sylib/motor.o
                0x03803dd0                std::unique_lock<sylib::Mutex>::unlock()
 .text._ZNSt11unique_lockIN5sylib5MutexEE4lockEv
                0x03803e0c       0x44 build/src/sylib/motor.o
                0x03803e0c                std::unique_lock<sylib::Mutex>::lock()
 .text._GLOBAL__sub_I_motor.cpp
                0x03803e50       0x34 build/src/sylib/motor.o
 .text._ZN5sylib7AddrledC2EhhhSt6vectorImSaImEE
                0x03803e84      0x2b4 build/src/sylib/addrled.o
                0x03803e84                sylib::Addrled::Addrled(unsigned char, unsigned char, unsigned char, std::vector<unsigned long, std::allocator<unsigned long> >)
                0x03803e84                sylib::Addrled::Addrled(unsigned char, unsigned char, unsigned char, std::vector<unsigned long, std::allocator<unsigned long> >)
 .text._ZN5sylib7Addrled22setAddrledUpdateCyclesEi
                0x03804138       0xa0 build/src/sylib/addrled.o
                0x03804138                sylib::Addrled::setAddrledUpdateCycles(int)
 .text._ZNSt6vectorImSaImEE6resizeEj
                0x038041d8       0x30 build/src/sylib/addrled.o
                0x038041d8                std::vector<unsigned long, std::allocator<unsigned long> >::resize(unsigned int)
 .text._ZN5sylib7AddrledD2Ev
                0x03804208      0x104 build/src/sylib/addrled.o
                0x03804208                sylib::Addrled::~Addrled()
                0x03804208                sylib::Addrled::~Addrled()
 .text._ZNSt6vectorImSaImEED2Ev
                0x0380430c       0x24 build/src/sylib/addrled.o
                0x0380430c                std::vector<unsigned long, std::allocator<unsigned long> >::~vector()
 .text._ZN5sylib7AddrleddeEv
                0x03804330        0x8 build/src/sylib/addrled.o
                0x03804330                sylib::Addrled::operator*()
 .text._ZNSt6vectorIPN5sylib7AddrledESaIS2_EED2Ev
                0x03804338       0x24 build/src/sylib/addrled.o
                0x03804338                std::vector<sylib::Addrled*, std::allocator<sylib::Addrled*> >::~vector()
 *fill*         0x0380435c        0x4 
 .text._ZN5sylib7Addrled6updateEv
                0x03804360      0x500 build/src/sylib/addrled.o
                0x03804360                sylib::Addrled::update()
 .text._ZNSt6vectorImSaImEEaSERKS1_
                0x03804860      0x104 build/src/sylib/addrled.o
                0x03804860                std::vector<unsigned long, std::allocator<unsigned long> >::operator=(std::vector<unsigned long, std::allocator<unsigned long> > const&)
 .text._ZN5sylib7Addrled15interpolate_rgbEmmii
                0x03804964       0xac build/src/sylib/addrled.o
                0x03804964                sylib::Addrled::interpolate_rgb(unsigned long, unsigned long, int, int)
 .text._ZN5sylib7Addrled15interpolate_hsvEmmii
                0x03804a10       0x94 build/src/sylib/addrled.o
                0x03804a10                sylib::Addrled::interpolate_hsv(unsigned long, unsigned long, int, int)
 *fill*         0x03804aa4        0x4 
 .text._ZN5sylib7Addrled10rgb_to_hsvEm
                0x03804aa8      0x150 build/src/sylib/addrled.o
                0x03804aa8                sylib::Addrled::rgb_to_hsv(unsigned long)
 .text._ZN5sylib7Addrled10hsv_to_rgbENS_3hsvE
                0x03804bf8      0x180 build/src/sylib/addrled.o
                0x03804bf8                sylib::Addrled::hsv_to_rgb(sylib::hsv)
 .text._ZN5sylib7Addrled8gradientEmmiibb
                0x03804d78       0xac build/src/sylib/addrled.o
                0x03804d78                sylib::Addrled::gradient(unsigned long, unsigned long, int, int, bool, bool)
 *fill*         0x03804e24        0x4 
 .text._ZN5sylib7Addrled5cycleESt6vectorImSaImEEiib
                0x03804e28       0x98 build/src/sylib/addrled.o
                0x03804e28                sylib::Addrled::cycle(std::vector<unsigned long, std::allocator<unsigned long> >, int, int, bool)
 .text._ZNSt6vectorIPN5sylib7AddrledESaIS2_EE19_M_emplace_back_auxIJS2_EEEvDpOT_
                0x03804ec0       0x8c build/src/sylib/addrled.o
                0x03804ec0                void std::vector<sylib::Addrled*, std::allocator<sylib::Addrled*> >::_M_emplace_back_aux<sylib::Addrled*>(sylib::Addrled*&&)
 .text._ZNKSt6vectorIPN5sylib7AddrledESaIS2_EE12_M_check_lenEjPKc
                0x03804f4c       0x54 build/src/sylib/addrled.o
                0x03804f4c                std::vector<sylib::Addrled*, std::allocator<sylib::Addrled*> >::_M_check_len(unsigned int, char const*) const
 .text._ZNSt12_Vector_baseIPN5sylib7AddrledESaIS2_EE11_M_allocateEj
                0x03804fa0       0x30 build/src/sylib/addrled.o
                0x03804fa0                std::_Vector_base<sylib::Addrled*, std::allocator<sylib::Addrled*> >::_M_allocate(unsigned int)
 .text._ZNSt6vectorImSaImEE17_M_default_appendEj
                0x03804fd0       0xcc build/src/sylib/addrled.o
                0x03804fd0                std::vector<unsigned long, std::allocator<unsigned long> >::_M_default_append(unsigned int)
 .text._ZNKSt6vectorImSaImEE12_M_check_lenEjPKc
                0x0380509c       0x54 build/src/sylib/addrled.o
                0x0380509c                std::vector<unsigned long, std::allocator<unsigned long> >::_M_check_len(unsigned int, char const*) const
 .text._ZSt11__remove_ifIN9__gnu_cxx17__normal_iteratorIPPN5sylib7AddrledESt6vectorIS4_SaIS4_EEEENS0_5__ops16_Iter_equals_valIKS4_EEET_SE_SE_T0_
                0x038050f0       0x44 build/src/sylib/addrled.o
                0x038050f0                __gnu_cxx::__normal_iterator<sylib::Addrled**, std::vector<sylib::Addrled*, std::allocator<sylib::Addrled*> > > std::__remove_if<__gnu_cxx::__normal_iterator<sylib::Addrled**, std::vector<sylib::Addrled*, std::allocator<sylib::Addrled*> > >, __gnu_cxx::__ops::_Iter_equals_val<sylib::Addrled* const> >(__gnu_cxx::__normal_iterator<sylib::Addrled**, std::vector<sylib::Addrled*, std::allocator<sylib::Addrled*> > >, __gnu_cxx::__normal_iterator<sylib::Addrled**, std::vector<sylib::Addrled*, std::allocator<sylib::Addrled*> > >, __gnu_cxx::__ops::_Iter_equals_val<sylib::Addrled* const>)
 .text._ZSt9__find_ifIN9__gnu_cxx17__normal_iteratorIPPN5sylib7AddrledESt6vectorIS4_SaIS4_EEEENS0_5__ops16_Iter_equals_valIKS4_EEET_SE_SE_T0_St26random_access_iterator_tag
                0x03805134       0xdc build/src/sylib/addrled.o
                0x03805134                __gnu_cxx::__normal_iterator<sylib::Addrled**, std::vector<sylib::Addrled*, std::allocator<sylib::Addrled*> > > std::__find_if<__gnu_cxx::__normal_iterator<sylib::Addrled**, std::vector<sylib::Addrled*, std::allocator<sylib::Addrled*> > >, __gnu_cxx::__ops::_Iter_equals_val<sylib::Addrled* const> >(__gnu_cxx::__normal_iterator<sylib::Addrled**, std::vector<sylib::Addrled*, std::allocator<sylib::Addrled*> > >, __gnu_cxx::__normal_iterator<sylib::Addrled**, std::vector<sylib::Addrled*, std::allocator<sylib::Addrled*> > >, __gnu_cxx::__ops::_Iter_equals_val<sylib::Addrled* const>, std::random_access_iterator_tag)
 .text._ZSt8__rotateIN9__gnu_cxx17__normal_iteratorIPmSt6vectorImSaImEEEEEvT_S7_S7_St26random_access_iterator_tag
                0x03805210      0x150 build/src/sylib/addrled.o
                0x03805210                void std::__rotate<__gnu_cxx::__normal_iterator<unsigned long*, std::vector<unsigned long, std::allocator<unsigned long> > > >(__gnu_cxx::__normal_iterator<unsigned long*, std::vector<unsigned long, std::allocator<unsigned long> > >, __gnu_cxx::__normal_iterator<unsigned long*, std::vector<unsigned long, std::allocator<unsigned long> > >, __gnu_cxx::__normal_iterator<unsigned long*, std::vector<unsigned long, std::allocator<unsigned long> > >, std::random_access_iterator_tag)
 .text._GLOBAL__sub_I_addrled.cpp
                0x03805360       0x84 build/src/sylib/addrled.o
 .text.vexMain  0x038053e4       0xb0 c:\Users\krish\AppData\Roaming\Code\User\globalStorage\vexrobotics.vexcode\sdk\cpp\V5\V5_20220726_10_00_00/vexv5\libv5rt.a(v5_startup.c.obj)
                0x038053e4                vexMain
 .text.__vex_function_prolog
                0x03805494       0x18 c:\Users\krish\AppData\Roaming\Code\User\globalStorage\vexrobotics.vexcode\sdk\cpp\V5\V5_20220726_10_00_00/vexv5\libv5rt.a(v5_startup.c.obj)
                0x03805494                __vex_function_prolog
 .text._init    0x038054ac        0x4 c:\Users\krish\AppData\Roaming\Code\User\globalStorage\vexrobotics.vexcode\sdk\cpp\V5\V5_20220726_10_00_00/vexv5\libv5rt.a(v5_startup.c.obj)
                0x038054ac                _init
 .text._fini    0x038054b0        0x4 c:\Users\krish\AppData\Roaming\Code\User\globalStorage\vexrobotics.vexcode\sdk\cpp\V5\V5_20220726_10_00_00/vexv5\libv5rt.a(v5_startup.c.obj)
                0x038054b0                _fini
 .text.vexStdlibVersionLinked
                0x038054b4        0xc c:\Users\krish\AppData\Roaming\Code\User\globalStorage\vexrobotics.vexcode\sdk\cpp\V5\V5_20220726_10_00_00/vexv5\libv5rt.a(v5_util.c.obj)
                0x038054b4                vexStdlibVersionLinked
 .text.vexStdlibVersionVerify
                0x038054c0       0x30 c:\Users\krish\AppData\Roaming\Code\User\globalStorage\vexrobotics.vexcode\sdk\cpp\V5\V5_20220726_10_00_00/vexv5\libv5rt.a(v5_util.c.obj)
                0x038054c0                vexStdlibVersionVerify
 .text.vexPrivateApiEnable
                0x038054f0       0x10 c:\Users\krish\AppData\Roaming\Code\User\globalStorage\vexrobotics.vexcode\sdk\cpp\V5\V5_20220726_10_00_00/vexv5\libv5rt.a(v5_apijump.c.obj)
                0x038054f0                vexPrivateApiEnable
 .text.vexStdlibMismatchError
                0x03805500       0x3c c:\Users\krish\AppData\Roaming\Code\User\globalStorage\vexrobotics.vexcode\sdk\cpp\V5\V5_20220726_10_00_00/vexv5\libv5rt.a(v5_apijump.c.obj)
                0x03805500                vexStdlibMismatchError
 .text.vexTaskAdd
                0x0380553c       0x10 c:\Users\krish\AppData\Roaming\Code\User\globalStorage\vexrobotics.vexcode\sdk\cpp\V5\V5_20220726_10_00_00/vexv5\libv5rt.a(v5_apijump.c.obj)
                0x0380553c                vexTaskAdd
 .text.vexTasksRun
                0x0380554c       0x10 c:\Users\krish\AppData\Roaming\Code\User\globalStorage\vexrobotics.vexcode\sdk\cpp\V5\V5_20220726_10_00_00/vexv5\libv5rt.a(v5_apijump.c.obj)
                0x0380554c                vexTasksRun
 .text.vexTaskYield
                0x0380555c       0x10 c:\Users\krish\AppData\Roaming\Code\User\globalStorage\vexrobotics.vexcode\sdk\cpp\V5\V5_20220726_10_00_00/vexv5\libv5rt.a(v5_apijump.c.obj)
                0x0380555c                vexTaskYield
 .text.vexTaskCheckTimeslice
                0x0380556c       0x10 c:\Users\krish\AppData\Roaming\Code\User\globalStorage\vexrobotics.vexcode\sdk\cpp\V5\V5_20220726_10_00_00/vexv5\libv5rt.a(v5_apijump.c.obj)
                0x0380556c                vexTaskCheckTimeslice
 .text.vexTaskGetIndex
                0x0380557c       0x10 c:\Users\krish\AppData\Roaming\Code\User\globalStorage\vexrobotics.vexcode\sdk\cpp\V5\V5_20220726_10_00_00/vexv5\libv5rt.a(v5_apijump.c.obj)
                0x0380557c                vexTaskGetIndex
 .text.vexTaskSleep
                0x0380558c       0x10 c:\Users\krish\AppData\Roaming\Code\User\globalStorage\vexrobotics.vexcode\sdk\cpp\V5\V5_20220726_10_00_00/vexv5\libv5rt.a(v5_apijump.c.obj)
                0x0380558c                vexTaskSleep
 .text.vexSemaphoreInit
                0x0380559c       0x24 c:\Users\krish\AppData\Roaming\Code\User\globalStorage\vexrobotics.vexcode\sdk\cpp\V5\V5_20220726_10_00_00/vexv5\libv5rt.a(v5_apijump.c.obj)
                0x0380559c                vexSemaphoreInit
 .text.vexSemaphoreLock
                0x038055c0       0x2c c:\Users\krish\AppData\Roaming\Code\User\globalStorage\vexrobotics.vexcode\sdk\cpp\V5\V5_20220726_10_00_00/vexv5\libv5rt.a(v5_apijump.c.obj)
                0x038055c0                vexSemaphoreLock
 .text.vexSemaphoreUnlock
                0x038055ec       0x24 c:\Users\krish\AppData\Roaming\Code\User\globalStorage\vexrobotics.vexcode\sdk\cpp\V5\V5_20220726_10_00_00/vexv5\libv5rt.a(v5_apijump.c.obj)
                0x038055ec                vexSemaphoreUnlock
 .text.vexTasksDump
                0x03805610       0x1c c:\Users\krish\AppData\Roaming\Code\User\globalStorage\vexrobotics.vexcode\sdk\cpp\V5\V5_20220726_10_00_00/vexv5\libv5rt.a(v5_apijump.c.obj)
                0x03805610                vexTasksDump
 .text.vexTaskGetTaskIndex
                0x0380562c       0x10 c:\Users\krish\AppData\Roaming\Code\User\globalStorage\vexrobotics.vexcode\sdk\cpp\V5\V5_20220726_10_00_00/vexv5\libv5rt.a(v5_apijump.c.obj)
                0x0380562c                vexTaskGetTaskIndex
 .text.vexTaskStopAll
                0x0380563c       0x10 c:\Users\krish\AppData\Roaming\Code\User\globalStorage\vexrobotics.vexcode\sdk\cpp\V5\V5_20220726_10_00_00/vexv5\libv5rt.a(v5_apijump.c.obj)
                0x0380563c                vexTaskStopAll
 .text.vexTaskRemoveAllUser
                0x0380564c       0x34 c:\Users\krish\AppData\Roaming\Code\User\globalStorage\vexrobotics.vexcode\sdk\cpp\V5\V5_20220726_10_00_00/vexv5\libv5rt.a(v5_apijump.c.obj)
                0x0380564c                vexTaskRemoveAllUser
 .text.vexTaskCompletionIdSet
                0x03805680       0x10 c:\Users\krish\AppData\Roaming\Code\User\globalStorage\vexrobotics.vexcode\sdk\cpp\V5\V5_20220726_10_00_00/vexv5\libv5rt.a(v5_apijump.c.obj)
                0x03805680                vexTaskCompletionIdSet
 .text.vexTaskStopWithId
                0x03805690       0x10 c:\Users\krish\AppData\Roaming\Code\User\globalStorage\vexrobotics.vexcode\sdk\cpp\V5\V5_20220726_10_00_00/vexv5\libv5rt.a(v5_apijump.c.obj)
                0x03805690                vexTaskStopWithId
 .text.vexTaskGetCallbackAndId
                0x038056a0       0x54 c:\Users\krish\AppData\Roaming\Code\User\globalStorage\vexrobotics.vexcode\sdk\cpp\V5\V5_20220726_10_00_00/vexv5\libv5rt.a(v5_apijump.c.obj)
                0x038056a0                vexTaskGetCallbackAndId
 .text.vexCriticalSection
                0x038056f4       0x2c c:\Users\krish\AppData\Roaming\Code\User\globalStorage\vexrobotics.vexcode\sdk\cpp\V5\V5_20220726_10_00_00/vexv5\libv5rt.a(v5_apijump.c.obj)
                0x038056f4                vexCriticalSection
 .text.vexEventAdd
                0x03805720       0x34 c:\Users\krish\AppData\Roaming\Code\User\globalStorage\vexrobotics.vexcode\sdk\cpp\V5\V5_20220726_10_00_00/vexv5\libv5rt.a(v5_apijump.c.obj)
                0x03805720                vexEventAdd
 .text.vexEventUserIndexGet
                0x03805754       0x1c c:\Users\krish\AppData\Roaming\Code\User\globalStorage\vexrobotics.vexcode\sdk\cpp\V5\V5_20220726_10_00_00/vexv5\libv5rt.a(v5_apijump.c.obj)
                0x03805754                vexEventUserIndexGet
 .text.vexEventAddWithArg
                0x03805770       0x3c c:\Users\krish\AppData\Roaming\Code\User\globalStorage\vexrobotics.vexcode\sdk\cpp\V5\V5_20220726_10_00_00/vexv5\libv5rt.a(v5_apijump.c.obj)
                0x03805770                vexEventAddWithArg
 .text.vexEventsCleanup
                0x038057ac       0x2c c:\Users\krish\AppData\Roaming\Code\User\globalStorage\vexrobotics.vexcode\sdk\cpp\V5\V5_20220726_10_00_00/vexv5\libv5rt.a(v5_apijump.c.obj)
                0x038057ac                vexEventsCleanup
 .text.vexDebug
                0x038057d8       0x38 c:\Users\krish\AppData\Roaming\Code\User\globalStorage\vexrobotics.vexcode\sdk\cpp\V5\V5_20220726_10_00_00/vexv5\libv5rt.a(v5_apijump.c.obj)
                0x038057d8                vexDebug
 .text.vex_sprintf
                0x03805810       0x40 c:\Users\krish\AppData\Roaming\Code\User\globalStorage\vexrobotics.vexcode\sdk\cpp\V5\V5_20220726_10_00_00/vexv5\libv5rt.a(v5_apijump.c.obj)
                0x03805810                vex_sprintf
 .text.vex_vsnprintf
                0x03805850       0x3c c:\Users\krish\AppData\Roaming\Code\User\globalStorage\vexrobotics.vexcode\sdk\cpp\V5\V5_20220726_10_00_00/vexv5\libv5rt.a(v5_apijump.c.obj)
                0x03805850                vex_vsnprintf
 .text.vexSystemTimeGet
                0x0380588c       0x1c c:\Users\krish\AppData\Roaming\Code\User\globalStorage\vexrobotics.vexcode\sdk\cpp\V5\V5_20220726_10_00_00/vexv5\libv5rt.a(v5_apijump.c.obj)
                0x0380588c                vexSystemTimeGet
 .text.vexSystemExitRequest
                0x038058a8       0x1c c:\Users\krish\AppData\Roaming\Code\User\globalStorage\vexrobotics.vexcode\sdk\cpp\V5\V5_20220726_10_00_00/vexv5\libv5rt.a(v5_apijump.c.obj)
                0x038058a8                vexSystemExitRequest
 .text.vexSystemHighResTimeGet
                0x038058c4       0x38 c:\Users\krish\AppData\Roaming\Code\User\globalStorage\vexrobotics.vexcode\sdk\cpp\V5\V5_20220726_10_00_00/vexv5\libv5rt.a(v5_apijump.c.obj)
                0x038058c4                vexSystemHighResTimeGet
 .text.vexDeviceGetByIndex
                0x038058fc       0x24 c:\Users\krish\AppData\Roaming\Code\User\globalStorage\vexrobotics.vexcode\sdk\cpp\V5\V5_20220726_10_00_00/vexv5\libv5rt.a(v5_apijump.c.obj)
                0x038058fc                vexDeviceGetByIndex
 .text.vexControllerGet
                0x03805920       0x2c c:\Users\krish\AppData\Roaming\Code\User\globalStorage\vexrobotics.vexcode\sdk\cpp\V5\V5_20220726_10_00_00/vexv5\libv5rt.a(v5_apijump.c.obj)
                0x03805920                vexControllerGet
 .text.vexControllerTextSet
                0x0380594c       0x74 c:\Users\krish\AppData\Roaming\Code\User\globalStorage\vexrobotics.vexcode\sdk\cpp\V5\V5_20220726_10_00_00/vexv5\libv5rt.a(v5_apijump.c.obj)
                0x0380594c                vexControllerTextSet
 .text.vexDeviceAdiPortConfigSet
                0x038059c0       0x34 c:\Users\krish\AppData\Roaming\Code\User\globalStorage\vexrobotics.vexcode\sdk\cpp\V5\V5_20220726_10_00_00/vexv5\libv5rt.a(v5_apijump.c.obj)
                0x038059c0                vexDeviceAdiPortConfigSet
 .text.vexDeviceAdiPortConfigGet
                0x038059f4       0x2c c:\Users\krish\AppData\Roaming\Code\User\globalStorage\vexrobotics.vexcode\sdk\cpp\V5\V5_20220726_10_00_00/vexv5\libv5rt.a(v5_apijump.c.obj)
                0x038059f4                vexDeviceAdiPortConfigGet
 .text.vexDeviceAdiValueSet
                0x03805a20       0x34 c:\Users\krish\AppData\Roaming\Code\User\globalStorage\vexrobotics.vexcode\sdk\cpp\V5\V5_20220726_10_00_00/vexv5\libv5rt.a(v5_apijump.c.obj)
                0x03805a20                vexDeviceAdiValueSet
 .text.vexDeviceAdiValueGet
                0x03805a54       0x2c c:\Users\krish\AppData\Roaming\Code\User\globalStorage\vexrobotics.vexcode\sdk\cpp\V5\V5_20220726_10_00_00/vexv5\libv5rt.a(v5_apijump.c.obj)
                0x03805a54                vexDeviceAdiValueGet
 .text.vexDeviceAdiAddrLedSet
                0x03805a80       0x4c c:\Users\krish\AppData\Roaming\Code\User\globalStorage\vexrobotics.vexcode\sdk\cpp\V5\V5_20220726_10_00_00/vexv5\libv5rt.a(v5_apijump.c.obj)
                0x03805a80                vexDeviceAdiAddrLedSet
 .text.vexDeviceMotorVelocitySet
                0x03805acc       0x2c c:\Users\krish\AppData\Roaming\Code\User\globalStorage\vexrobotics.vexcode\sdk\cpp\V5\V5_20220726_10_00_00/vexv5\libv5rt.a(v5_apijump.c.obj)
                0x03805acc                vexDeviceMotorVelocitySet
 .text.vexDeviceMotorVelocityGet
                0x03805af8       0x24 c:\Users\krish\AppData\Roaming\Code\User\globalStorage\vexrobotics.vexcode\sdk\cpp\V5\V5_20220726_10_00_00/vexv5\libv5rt.a(v5_apijump.c.obj)
                0x03805af8                vexDeviceMotorVelocityGet
 .text.vexDeviceMotorActualVelocityGet
                0x03805b1c       0x24 c:\Users\krish\AppData\Roaming\Code\User\globalStorage\vexrobotics.vexcode\sdk\cpp\V5\V5_20220726_10_00_00/vexv5\libv5rt.a(v5_apijump.c.obj)
                0x03805b1c                vexDeviceMotorActualVelocityGet
 .text.vexDeviceMotorModeGet
                0x03805b40       0x24 c:\Users\krish\AppData\Roaming\Code\User\globalStorage\vexrobotics.vexcode\sdk\cpp\V5\V5_20220726_10_00_00/vexv5\libv5rt.a(v5_apijump.c.obj)
                0x03805b40                vexDeviceMotorModeGet
 .text.vexDeviceMotorZeroPositionFlagGet
                0x03805b64       0x24 c:\Users\krish\AppData\Roaming\Code\User\globalStorage\vexrobotics.vexcode\sdk\cpp\V5\V5_20220726_10_00_00/vexv5\libv5rt.a(v5_apijump.c.obj)
                0x03805b64                vexDeviceMotorZeroPositionFlagGet
 .text.vexDeviceMotorReverseFlagSet
                0x03805b88       0x2c c:\Users\krish\AppData\Roaming\Code\User\globalStorage\vexrobotics.vexcode\sdk\cpp\V5\V5_20220726_10_00_00/vexv5\libv5rt.a(v5_apijump.c.obj)
                0x03805b88                vexDeviceMotorReverseFlagSet
 .text.vexDeviceMotorEncoderUnitsSet
                0x03805bb4       0x2c c:\Users\krish\AppData\Roaming\Code\User\globalStorage\vexrobotics.vexcode\sdk\cpp\V5\V5_20220726_10_00_00/vexv5\libv5rt.a(v5_apijump.c.obj)
                0x03805bb4                vexDeviceMotorEncoderUnitsSet
 .text.vexDeviceMotorBrakeModeSet
                0x03805be0       0x2c c:\Users\krish\AppData\Roaming\Code\User\globalStorage\vexrobotics.vexcode\sdk\cpp\V5\V5_20220726_10_00_00/vexv5\libv5rt.a(v5_apijump.c.obj)
                0x03805be0                vexDeviceMotorBrakeModeSet
 .text.vexDeviceMotorPositionSet
                0x03805c0c       0x34 c:\Users\krish\AppData\Roaming\Code\User\globalStorage\vexrobotics.vexcode\sdk\cpp\V5\V5_20220726_10_00_00/vexv5\libv5rt.a(v5_apijump.c.obj)
                0x03805c0c                vexDeviceMotorPositionSet
 .text.vexDeviceMotorPositionGet
                0x03805c40       0x24 c:\Users\krish\AppData\Roaming\Code\User\globalStorage\vexrobotics.vexcode\sdk\cpp\V5\V5_20220726_10_00_00/vexv5\libv5rt.a(v5_apijump.c.obj)
                0x03805c40                vexDeviceMotorPositionGet
 .text.vexDeviceMotorRelativeTargetSet
                0x03805c64       0x3c c:\Users\krish\AppData\Roaming\Code\User\globalStorage\vexrobotics.vexcode\sdk\cpp\V5\V5_20220726_10_00_00/vexv5\libv5rt.a(v5_apijump.c.obj)
                0x03805c64                vexDeviceMotorRelativeTargetSet
 .text.vexDeviceMotorGearingSet
                0x03805ca0       0x2c c:\Users\krish\AppData\Roaming\Code\User\globalStorage\vexrobotics.vexcode\sdk\cpp\V5\V5_20220726_10_00_00/vexv5\libv5rt.a(v5_apijump.c.obj)
                0x03805ca0                vexDeviceMotorGearingSet
 .text.vexDeviceMotorGearingGet
                0x03805ccc       0x24 c:\Users\krish\AppData\Roaming\Code\User\globalStorage\vexrobotics.vexcode\sdk\cpp\V5\V5_20220726_10_00_00/vexv5\libv5rt.a(v5_apijump.c.obj)
                0x03805ccc                vexDeviceMotorGearingGet
 .text.vexDeviceImuReset
                0x03805cf0       0x24 c:\Users\krish\AppData\Roaming\Code\User\globalStorage\vexrobotics.vexcode\sdk\cpp\V5\V5_20220726_10_00_00/vexv5\libv5rt.a(v5_apijump.c.obj)
                0x03805cf0                vexDeviceImuReset
 .text.vexDeviceImuHeadingGet
                0x03805d14       0x24 c:\Users\krish\AppData\Roaming\Code\User\globalStorage\vexrobotics.vexcode\sdk\cpp\V5\V5_20220726_10_00_00/vexv5\libv5rt.a(v5_apijump.c.obj)
                0x03805d14                vexDeviceImuHeadingGet
 .text.vexDeviceImuDegreesGet
                0x03805d38       0x24 c:\Users\krish\AppData\Roaming\Code\User\globalStorage\vexrobotics.vexcode\sdk\cpp\V5\V5_20220726_10_00_00/vexv5\libv5rt.a(v5_apijump.c.obj)
                0x03805d38                vexDeviceImuDegreesGet
 .text.vexDeviceImuStatusGet
                0x03805d5c       0x24 c:\Users\krish\AppData\Roaming\Code\User\globalStorage\vexrobotics.vexcode\sdk\cpp\V5\V5_20220726_10_00_00/vexv5\libv5rt.a(v5_apijump.c.obj)
                0x03805d5c                vexDeviceImuStatusGet
 .text.vexDeviceAbsEncPositionGet
                0x03805d80       0x24 c:\Users\krish\AppData\Roaming\Code\User\globalStorage\vexrobotics.vexcode\sdk\cpp\V5\V5_20220726_10_00_00/vexv5\libv5rt.a(v5_apijump.c.obj)
                0x03805d80                vexDeviceAbsEncPositionGet
 .text.vexDeviceAbsEncAngleGet
                0x03805da4       0x24 c:\Users\krish\AppData\Roaming\Code\User\globalStorage\vexrobotics.vexcode\sdk\cpp\V5\V5_20220726_10_00_00/vexv5\libv5rt.a(v5_apijump.c.obj)
                0x03805da4                vexDeviceAbsEncAngleGet
 .text.vexDeviceAbsEncReverseFlagSet
                0x03805dc8       0x2c c:\Users\krish\AppData\Roaming\Code\User\globalStorage\vexrobotics.vexcode\sdk\cpp\V5\V5_20220726_10_00_00/vexv5\libv5rt.a(v5_apijump.c.obj)
                0x03805dc8                vexDeviceAbsEncReverseFlagSet
 .text.vexDisplayForegroundColor
                0x03805df4       0x24 c:\Users\krish\AppData\Roaming\Code\User\globalStorage\vexrobotics.vexcode\sdk\cpp\V5\V5_20220726_10_00_00/vexv5\libv5rt.a(v5_apijump.c.obj)
                0x03805df4                vexDisplayForegroundColor
 .text.vexDisplayBackgroundColor
                0x03805e18       0x24 c:\Users\krish\AppData\Roaming\Code\User\globalStorage\vexrobotics.vexcode\sdk\cpp\V5\V5_20220726_10_00_00/vexv5\libv5rt.a(v5_apijump.c.obj)
                0x03805e18                vexDisplayBackgroundColor
 .text.vexDisplayBackgroundColorGet
                0x03805e3c       0x1c c:\Users\krish\AppData\Roaming\Code\User\globalStorage\vexrobotics.vexcode\sdk\cpp\V5\V5_20220726_10_00_00/vexv5\libv5rt.a(v5_apijump.c.obj)
                0x03805e3c                vexDisplayBackgroundColorGet
 .text.vexDisplayRectClear
                0x03805e58       0x4c c:\Users\krish\AppData\Roaming\Code\User\globalStorage\vexrobotics.vexcode\sdk\cpp\V5\V5_20220726_10_00_00/vexv5\libv5rt.a(v5_apijump.c.obj)
                0x03805e58                vexDisplayRectClear
 .text.vexDisplayVPrintf
                0x03805ea4       0x50 c:\Users\krish\AppData\Roaming\Code\User\globalStorage\vexrobotics.vexcode\sdk\cpp\V5\V5_20220726_10_00_00/vexv5\libv5rt.a(v5_apijump.c.obj)
                0x03805ea4                vexDisplayVPrintf
 .text.vexDisplayTextReference
                0x03805ef4       0x24 c:\Users\krish\AppData\Roaming\Code\User\globalStorage\vexrobotics.vexcode\sdk\cpp\V5\V5_20220726_10_00_00/vexv5\libv5rt.a(v5_apijump.c.obj)
                0x03805ef4                vexDisplayTextReference
 .text.vexDisplayTextSize
                0x03805f18       0x2c c:\Users\krish\AppData\Roaming\Code\User\globalStorage\vexrobotics.vexcode\sdk\cpp\V5\V5_20220726_10_00_00/vexv5\libv5rt.a(v5_apijump.c.obj)
                0x03805f18                vexDisplayTextSize
 .text.vexDisplayFontNamedSet
                0x03805f44       0x24 c:\Users\krish\AppData\Roaming\Code\User\globalStorage\vexrobotics.vexcode\sdk\cpp\V5\V5_20220726_10_00_00/vexv5\libv5rt.a(v5_apijump.c.obj)
                0x03805f44                vexDisplayFontNamedSet
 .text.vexSystemStdlibImpureDataAddr
                0x03805f68       0x28 c:\Users\krish\AppData\Roaming\Code\User\globalStorage\vexrobotics.vexcode\sdk\cpp\V5\V5_20220726_10_00_00/vexv5\libv5rt.a(v5_apijump.c.obj)
                0x03805f68                vexSystemStdlibImpureDataAddr
 .text.vexSystemStdlibImpureDataSize
                0x03805f90       0x28 c:\Users\krish\AppData\Roaming\Code\User\globalStorage\vexrobotics.vexcode\sdk\cpp\V5\V5_20220726_10_00_00/vexv5\libv5rt.a(v5_apijump.c.obj)
                0x03805f90                vexSystemStdlibImpureDataSize
 .text.vexSystemSaveUserData
                0x03805fb8       0x3c c:\Users\krish\AppData\Roaming\Code\User\globalStorage\vexrobotics.vexcode\sdk\cpp\V5\V5_20220726_10_00_00/vexv5\libv5rt.a(v5_apijump.c.obj)
                0x03805fb8                vexSystemSaveUserData
 .text.vexDisplayThemeIdGet
                0x03805ff4       0x38 c:\Users\krish\AppData\Roaming\Code\User\globalStorage\vexrobotics.vexcode\sdk\cpp\V5\V5_20220726_10_00_00/vexv5\libv5rt.a(v5_apijump.c.obj)
                0x03805ff4                vexDisplayThemeIdGet
 .text.vexDeviceEventMaskSet
                0x0380602c       0x48 c:\Users\krish\AppData\Roaming\Code\User\globalStorage\vexrobotics.vexcode\sdk\cpp\V5\V5_20220726_10_00_00/vexv5\libv5rt.a(v5_apijump.c.obj)
                0x0380602c                vexDeviceEventMaskSet
 .text.vexDeviceEventMaskGet
                0x03806074       0x3c c:\Users\krish\AppData\Roaming\Code\User\globalStorage\vexrobotics.vexcode\sdk\cpp\V5\V5_20220726_10_00_00/vexv5\libv5rt.a(v5_apijump.c.obj)
                0x03806074                vexDeviceEventMaskGet
 .text.vexSystemVersion
                0x038060b0       0x10 c:\Users\krish\AppData\Roaming\Code\User\globalStorage\vexrobotics.vexcode\sdk\cpp\V5\V5_20220726_10_00_00/vexv5\libv5rt.a(v5_apiversions.c.obj)
                0x038060b0                vexSystemVersion
 .text.vexStdlibVersion
                0x038060c0       0x10 c:\Users\krish\AppData\Roaming\Code\User\globalStorage\vexrobotics.vexcode\sdk\cpp\V5\V5_20220726_10_00_00/vexv5\libv5rt.a(v5_apiversions.c.obj)
                0x038060c0                vexStdlibVersion
 .text._ZN3vex4waitEdNS_9timeUnitsE
                0x038060d0       0x30 c:\Users\krish\AppData\Roaming\Code\User\globalStorage\vexrobotics.vexcode\sdk\cpp\V5\V5_20220726_10_00_00/vexv5\libv5rt.a(vex_global.cpp.obj)
                0x038060d0                vex::wait(double, vex::timeUnits)
 .text._ZN3vex5motorD2Ev
                0x03806100       0x20 c:\Users\krish\AppData\Roaming\Code\User\globalStorage\vexrobotics.vexcode\sdk\cpp\V5\V5_20220726_10_00_00/vexv5\libv5rt.a(vex_motor.cpp.obj)
                0x03806100                vex::motor::~motor()
                0x03806100                vex::motor::~motor()
 .text._ZN3vex5motorD0Ev
                0x03806120       0x1c c:\Users\krish\AppData\Roaming\Code\User\globalStorage\vexrobotics.vexcode\sdk\cpp\V5\V5_20220726_10_00_00/vexv5\libv5rt.a(vex_motor.cpp.obj)
                0x03806120                vex::motor::~motor()
 .text._ZN3vex5motor9installedEv
                0x0380613c       0x18 c:\Users\krish\AppData\Roaming\Code\User\globalStorage\vexrobotics.vexcode\sdk\cpp\V5\V5_20220726_10_00_00/vexv5\libv5rt.a(vex_motor.cpp.obj)
                0x0380613c                vex::motor::installed()
 .text._ZN3vex5motor15defaultStoppingENS_9brakeTypeE
                0x03806154       0x30 c:\Users\krish\AppData\Roaming\Code\User\globalStorage\vexrobotics.vexcode\sdk\cpp\V5\V5_20220726_10_00_00/vexv5\libv5rt.a(vex_motor.cpp.obj)
                0x03806154                vex::motor::defaultStopping(vex::brakeType)
 .text._ZN3vex5motor11setStoppingENS_9brakeTypeE
                0x03806184        0x4 c:\Users\krish\AppData\Roaming\Code\User\globalStorage\vexrobotics.vexcode\sdk\cpp\V5\V5_20220726_10_00_00/vexv5\libv5rt.a(vex_motor.cpp.obj)
                0x03806184                vex::motor::setStopping(vex::brakeType)
 .text._ZN3vex5motorC2El
                0x03806188       0x78 c:\Users\krish\AppData\Roaming\Code\User\globalStorage\vexrobotics.vexcode\sdk\cpp\V5\V5_20220726_10_00_00/vexv5\libv5rt.a(vex_motor.cpp.obj)
                0x03806188                vex::motor::motor(long)
                0x03806188                vex::motor::motor(long)
 .text._ZN3vex5motorC2ElNS_11gearSettingEb
                0x03806200       0x34 c:\Users\krish\AppData\Roaming\Code\User\globalStorage\vexrobotics.vexcode\sdk\cpp\V5\V5_20220726_10_00_00/vexv5\libv5rt.a(vex_motor.cpp.obj)
                0x03806200                vex::motor::motor(long, vex::gearSetting, bool)
                0x03806200                vex::motor::motor(long, vex::gearSetting, bool)
 .text._ZN3vex5motor14isSpinningModeEv
                0x03806234       0x48 c:\Users\krish\AppData\Roaming\Code\User\globalStorage\vexrobotics.vexcode\sdk\cpp\V5\V5_20220726_10_00_00/vexv5\libv5rt.a(vex_motor.cpp.obj)
                0x03806234                vex::motor::isSpinningMode()
 .text._ZN3vex5motor10isSpinningEv
                0x0380627c       0x44 c:\Users\krish\AppData\Roaming\Code\User\globalStorage\vexrobotics.vexcode\sdk\cpp\V5\V5_20220726_10_00_00/vexv5\libv5rt.a(vex_motor.cpp.obj)
                0x0380627c                vex::motor::isSpinning()
 .text._ZN3vex5motor4stopENS_9brakeTypeE
                0x038062c0       0x30 c:\Users\krish\AppData\Roaming\Code\User\globalStorage\vexrobotics.vexcode\sdk\cpp\V5\V5_20220726_10_00_00/vexv5\libv5rt.a(vex_motor.cpp.obj)
                0x038062c0                vex::motor::stop(vex::brakeType)
 .text._ZN3vex5motor4stopEv
                0x038062f0        0x8 c:\Users\krish\AppData\Roaming\Code\User\globalStorage\vexrobotics.vexcode\sdk\cpp\V5\V5_20220726_10_00_00/vexv5\libv5rt.a(vex_motor.cpp.obj)
                0x038062f0                vex::motor::stop()
 .text._ZN3vex5motor16velocityToScaledEdNS_13velocityUnitsE
                0x038062f8       0x5c c:\Users\krish\AppData\Roaming\Code\User\globalStorage\vexrobotics.vexcode\sdk\cpp\V5\V5_20220726_10_00_00/vexv5\libv5rt.a(vex_motor.cpp.obj)
                0x038062f8                vex::motor::velocityToScaled(double, vex::velocityUnits)
 .text._ZN3vex5motor8velocityENS_13velocityUnitsE
                0x03806354       0x30 c:\Users\krish\AppData\Roaming\Code\User\globalStorage\vexrobotics.vexcode\sdk\cpp\V5\V5_20220726_10_00_00/vexv5\libv5rt.a(vex_motor.cpp.obj)
                0x03806354                vex::motor::velocity(vex::velocityUnits)
 .text._ZN3vex5motor5valueEv
                0x03806384       0x1c c:\Users\krish\AppData\Roaming\Code\User\globalStorage\vexrobotics.vexcode\sdk\cpp\V5\V5_20220726_10_00_00/vexv5\libv5rt.a(vex_motor.cpp.obj)
                0x03806384                vex::motor::value()
 .text._ZN3vex5motor16scaledToVelocityEdNS_13velocityUnitsE
                0x038063a0       0xa4 c:\Users\krish\AppData\Roaming\Code\User\globalStorage\vexrobotics.vexcode\sdk\cpp\V5\V5_20220726_10_00_00/vexv5\libv5rt.a(vex_motor.cpp.obj)
                0x038063a0                vex::motor::scaledToVelocity(double, vex::velocityUnits)
 .text._ZN3vex5motor4spinENS_13directionTypeEdNS_13velocityUnitsE
                0x03806444       0x5c c:\Users\krish\AppData\Roaming\Code\User\globalStorage\vexrobotics.vexcode\sdk\cpp\V5\V5_20220726_10_00_00/vexv5\libv5rt.a(vex_motor.cpp.obj)
                0x03806444                vex::motor::spin(vex::directionType, double, vex::velocityUnits)
 .text._ZN3vex5motor4spinENS_13directionTypeE
                0x038064a0       0x28 c:\Users\krish\AppData\Roaming\Code\User\globalStorage\vexrobotics.vexcode\sdk\cpp\V5\V5_20220726_10_00_00/vexv5\libv5rt.a(vex_motor.cpp.obj)
                0x038064a0                vex::motor::spin(vex::directionType)
 .text._ZN3vex5motor11setVelocityEdNS_13velocityUnitsE
                0x038064c8       0x54 c:\Users\krish\AppData\Roaming\Code\User\globalStorage\vexrobotics.vexcode\sdk\cpp\V5\V5_20220726_10_00_00/vexv5\libv5rt.a(vex_motor.cpp.obj)
                0x038064c8                vex::motor::setVelocity(double, vex::velocityUnits)
 .text._ZN3vex5motor16setRotationUnitsENS_13rotationUnitsE
                0x0380651c       0x1c c:\Users\krish\AppData\Roaming\Code\User\globalStorage\vexrobotics.vexcode\sdk\cpp\V5\V5_20220726_10_00_00/vexv5\libv5rt.a(vex_motor.cpp.obj)
                0x0380651c                vex::motor::setRotationUnits(vex::rotationUnits)
 .text._ZN3vex5motor7spinForEdNS_13rotationUnitsEdNS_13velocityUnitsEb
                0x03806538       0xf4 c:\Users\krish\AppData\Roaming\Code\User\globalStorage\vexrobotics.vexcode\sdk\cpp\V5\V5_20220726_10_00_00/vexv5\libv5rt.a(vex_motor.cpp.obj)
                0x03806538                vex::motor::spinFor(double, vex::rotationUnits, double, vex::velocityUnits, bool)
 .text._ZN3vex5motor7spinForENS_13directionTypeEdNS_13rotationUnitsEdNS_13velocityUnitsEb
                0x0380662c       0x34 c:\Users\krish\AppData\Roaming\Code\User\globalStorage\vexrobotics.vexcode\sdk\cpp\V5\V5_20220726_10_00_00/vexv5\libv5rt.a(vex_motor.cpp.obj)
                0x0380662c                vex::motor::spinFor(vex::directionType, double, vex::rotationUnits, double, vex::velocityUnits, bool)
 .text._ZN3vex5motor7spinForEdNS_13rotationUnitsEb
                0x03806660       0x34 c:\Users\krish\AppData\Roaming\Code\User\globalStorage\vexrobotics.vexcode\sdk\cpp\V5\V5_20220726_10_00_00/vexv5\libv5rt.a(vex_motor.cpp.obj)
                0x03806660                vex::motor::spinFor(double, vex::rotationUnits, bool)
 .text._ZN3vex5motor8positionENS_13rotationUnitsE
                0x03806694       0x44 c:\Users\krish\AppData\Roaming\Code\User\globalStorage\vexrobotics.vexcode\sdk\cpp\V5\V5_20220726_10_00_00/vexv5\libv5rt.a(vex_motor.cpp.obj)
                0x03806694                vex::motor::position(vex::rotationUnits)
 .text._ZN3vex8inertial11getTurnTypeEv
                0x038066d8        0x8 c:\Users\krish\AppData\Roaming\Code\User\globalStorage\vexrobotics.vexcode\sdk\cpp\V5\V5_20220726_10_00_00/vexv5\libv5rt.a(vex_imu.cpp.obj)
                0x038066d8                vex::inertial::getTurnType()
 .text._ZThn16_N3vex8inertial11getTurnTypeEv
                0x038066e0        0x8 c:\Users\krish\AppData\Roaming\Code\User\globalStorage\vexrobotics.vexcode\sdk\cpp\V5\V5_20220726_10_00_00/vexv5\libv5rt.a(vex_imu.cpp.obj)
                0x038066e0                non-virtual thunk to vex::inertial::getTurnType()
 .text._ZN3vex8inertial10setHeadingEdNS_13rotationUnitsE
                0x038066e8       0x58 c:\Users\krish\AppData\Roaming\Code\User\globalStorage\vexrobotics.vexcode\sdk\cpp\V5\V5_20220726_10_00_00/vexv5\libv5rt.a(vex_imu.cpp.obj)
                0x038066e8                vex::inertial::setHeading(double, vex::rotationUnits)
 .text._ZThn16_N3vex8inertial10setHeadingEdNS_13rotationUnitsE
                0x03806740        0x8 c:\Users\krish\AppData\Roaming\Code\User\globalStorage\vexrobotics.vexcode\sdk\cpp\V5\V5_20220726_10_00_00/vexv5\libv5rt.a(vex_imu.cpp.obj)
                0x03806740                non-virtual thunk to vex::inertial::setHeading(double, vex::rotationUnits)
 .text._ZN3vex8inertial11setRotationEdNS_13rotationUnitsE
                0x03806748       0x58 c:\Users\krish\AppData\Roaming\Code\User\globalStorage\vexrobotics.vexcode\sdk\cpp\V5\V5_20220726_10_00_00/vexv5\libv5rt.a(vex_imu.cpp.obj)
                0x03806748                vex::inertial::setRotation(double, vex::rotationUnits)
 .text._ZThn16_N3vex8inertial11setRotationEdNS_13rotationUnitsE
                0x038067a0        0x8 c:\Users\krish\AppData\Roaming\Code\User\globalStorage\vexrobotics.vexcode\sdk\cpp\V5\V5_20220726_10_00_00/vexv5\libv5rt.a(vex_imu.cpp.obj)
                0x038067a0                non-virtual thunk to vex::inertial::setRotation(double, vex::rotationUnits)
 .text._ZN3vex8inertialD2Ev
                0x038067a8       0x20 c:\Users\krish\AppData\Roaming\Code\User\globalStorage\vexrobotics.vexcode\sdk\cpp\V5\V5_20220726_10_00_00/vexv5\libv5rt.a(vex_imu.cpp.obj)
                0x038067a8                vex::inertial::~inertial()
                0x038067a8                vex::inertial::~inertial()
 .text._ZThn16_N3vex8inertialD1Ev
                0x038067c8        0x8 c:\Users\krish\AppData\Roaming\Code\User\globalStorage\vexrobotics.vexcode\sdk\cpp\V5\V5_20220726_10_00_00/vexv5\libv5rt.a(vex_imu.cpp.obj)
                0x038067c8                non-virtual thunk to vex::inertial::~inertial()
 .text._ZN3vex8inertialD0Ev
                0x038067d0       0x1c c:\Users\krish\AppData\Roaming\Code\User\globalStorage\vexrobotics.vexcode\sdk\cpp\V5\V5_20220726_10_00_00/vexv5\libv5rt.a(vex_imu.cpp.obj)
                0x038067d0                vex::inertial::~inertial()
 .text._ZThn16_N3vex8inertialD0Ev
                0x038067ec        0x8 c:\Users\krish\AppData\Roaming\Code\User\globalStorage\vexrobotics.vexcode\sdk\cpp\V5\V5_20220726_10_00_00/vexv5\libv5rt.a(vex_imu.cpp.obj)
                0x038067ec                non-virtual thunk to vex::inertial::~inertial()
 .text._ZN3vex8inertial9installedEv
                0x038067f4       0x18 c:\Users\krish\AppData\Roaming\Code\User\globalStorage\vexrobotics.vexcode\sdk\cpp\V5\V5_20220726_10_00_00/vexv5\libv5rt.a(vex_imu.cpp.obj)
                0x038067f4                vex::inertial::installed()
 .text._ZN3vex8inertial5angleENS_13rotationUnitsE
                0x0380680c       0x6c c:\Users\krish\AppData\Roaming\Code\User\globalStorage\vexrobotics.vexcode\sdk\cpp\V5\V5_20220726_10_00_00/vexv5\libv5rt.a(vex_imu.cpp.obj)
                0x0380680c                vex::inertial::angle(vex::rotationUnits)
 .text._ZThn16_N3vex8inertial5angleENS_13rotationUnitsE
                0x03806878        0x8 c:\Users\krish\AppData\Roaming\Code\User\globalStorage\vexrobotics.vexcode\sdk\cpp\V5\V5_20220726_10_00_00/vexv5\libv5rt.a(vex_imu.cpp.obj)
                0x03806878                non-virtual thunk to vex::inertial::angle(vex::rotationUnits)
 .text._ZN3vex8inertial7headingENS_13rotationUnitsE
                0x03806880        0x4 c:\Users\krish\AppData\Roaming\Code\User\globalStorage\vexrobotics.vexcode\sdk\cpp\V5\V5_20220726_10_00_00/vexv5\libv5rt.a(vex_imu.cpp.obj)
                0x03806880                vex::inertial::heading(vex::rotationUnits)
 .text._ZThn16_N3vex8inertial7headingENS_13rotationUnitsE
                0x03806884        0x8 c:\Users\krish\AppData\Roaming\Code\User\globalStorage\vexrobotics.vexcode\sdk\cpp\V5\V5_20220726_10_00_00/vexv5\libv5rt.a(vex_imu.cpp.obj)
                0x03806884                non-virtual thunk to vex::inertial::heading(vex::rotationUnits)
 .text._ZN3vex8inertial5valueEv
                0x0380688c       0x1c c:\Users\krish\AppData\Roaming\Code\User\globalStorage\vexrobotics.vexcode\sdk\cpp\V5\V5_20220726_10_00_00/vexv5\libv5rt.a(vex_imu.cpp.obj)
                0x0380688c                vex::inertial::value()
 .text._ZN3vex8inertial8rotationENS_13rotationUnitsE
                0x038068a8       0x48 c:\Users\krish\AppData\Roaming\Code\User\globalStorage\vexrobotics.vexcode\sdk\cpp\V5\V5_20220726_10_00_00/vexv5\libv5rt.a(vex_imu.cpp.obj)
                0x038068a8                vex::inertial::rotation(vex::rotationUnits)
 .text._ZThn16_N3vex8inertial8rotationENS_13rotationUnitsE
                0x038068f0        0x8 c:\Users\krish\AppData\Roaming\Code\User\globalStorage\vexrobotics.vexcode\sdk\cpp\V5\V5_20220726_10_00_00/vexv5\libv5rt.a(vex_imu.cpp.obj)
                0x038068f0                non-virtual thunk to vex::inertial::rotation(vex::rotationUnits)
 .text._ZN3vex8inertial13isCalibratingEv
                0x038068f8       0x38 c:\Users\krish\AppData\Roaming\Code\User\globalStorage\vexrobotics.vexcode\sdk\cpp\V5\V5_20220726_10_00_00/vexv5\libv5rt.a(vex_imu.cpp.obj)
                0x038068f8                vex::inertial::isCalibrating()
 .text._ZThn16_N3vex8inertial13isCalibratingEv
                0x03806930        0x8 c:\Users\krish\AppData\Roaming\Code\User\globalStorage\vexrobotics.vexcode\sdk\cpp\V5\V5_20220726_10_00_00/vexv5\libv5rt.a(vex_imu.cpp.obj)
                0x03806930                non-virtual thunk to vex::inertial::isCalibrating()
 .text._ZN3vex8inertialC2ElNS_8turnTypeE
                0x03806938       0x4c c:\Users\krish\AppData\Roaming\Code\User\globalStorage\vexrobotics.vexcode\sdk\cpp\V5\V5_20220726_10_00_00/vexv5\libv5rt.a(vex_imu.cpp.obj)
                0x03806938                vex::inertial::inertial(long, vex::turnType)
                0x03806938                vex::inertial::inertial(long, vex::turnType)
 .text._ZN3vex8inertial12resetHeadingEv
                0x03806984       0x20 c:\Users\krish\AppData\Roaming\Code\User\globalStorage\vexrobotics.vexcode\sdk\cpp\V5\V5_20220726_10_00_00/vexv5\libv5rt.a(vex_imu.cpp.obj)
                0x03806984                vex::inertial::resetHeading()
 .text._ZN3vex8inertial16startCalibrationEl
                0x038069a4       0x20 c:\Users\krish\AppData\Roaming\Code\User\globalStorage\vexrobotics.vexcode\sdk\cpp\V5\V5_20220726_10_00_00/vexv5\libv5rt.a(vex_imu.cpp.obj)
                0x038069a4                vex::inertial::startCalibration(long)
 .text._ZN3vex8inertial9calibrateEl
                0x038069c4        0xc c:\Users\krish\AppData\Roaming\Code\User\globalStorage\vexrobotics.vexcode\sdk\cpp\V5\V5_20220726_10_00_00/vexv5\libv5rt.a(vex_imu.cpp.obj)
                0x038069c4                vex::inertial::calibrate(long)
                0x038069c8                non-virtual thunk to vex::inertial::calibrate(long)
 .text._ZN3vex8rotationD2Ev
                0x038069d0       0x20 c:\Users\krish\AppData\Roaming\Code\User\globalStorage\vexrobotics.vexcode\sdk\cpp\V5\V5_20220726_10_00_00/vexv5\libv5rt.a(vex_rotation.cpp.obj)
                0x038069d0                vex::rotation::~rotation()
                0x038069d0                vex::rotation::~rotation()
 .text._ZN3vex8rotationD0Ev
                0x038069f0       0x1c c:\Users\krish\AppData\Roaming\Code\User\globalStorage\vexrobotics.vexcode\sdk\cpp\V5\V5_20220726_10_00_00/vexv5\libv5rt.a(vex_rotation.cpp.obj)
                0x038069f0                vex::rotation::~rotation()
 .text._ZN3vex8rotation9installedEv
                0x03806a0c       0x18 c:\Users\krish\AppData\Roaming\Code\User\globalStorage\vexrobotics.vexcode\sdk\cpp\V5\V5_20220726_10_00_00/vexv5\libv5rt.a(vex_rotation.cpp.obj)
                0x03806a0c                vex::rotation::installed()
 .text._ZN3vex8rotation5valueEv
                0x03806a24        0x8 c:\Users\krish\AppData\Roaming\Code\User\globalStorage\vexrobotics.vexcode\sdk\cpp\V5\V5_20220726_10_00_00/vexv5\libv5rt.a(vex_rotation.cpp.obj)
                0x03806a24                vex::rotation::value()
 .text._ZN3vex8rotationC2Elb
                0x03806a2c       0x30 c:\Users\krish\AppData\Roaming\Code\User\globalStorage\vexrobotics.vexcode\sdk\cpp\V5\V5_20220726_10_00_00/vexv5\libv5rt.a(vex_rotation.cpp.obj)
                0x03806a2c                vex::rotation::rotation(long, bool)
                0x03806a2c                vex::rotation::rotation(long, bool)
 *fill*         0x03806a5c        0x4 
 .text._ZN3vex8rotation8positionENS_13rotationUnitsE
                0x03806a60       0x50 c:\Users\krish\AppData\Roaming\Code\User\globalStorage\vexrobotics.vexcode\sdk\cpp\V5\V5_20220726_10_00_00/vexv5\libv5rt.a(vex_rotation.cpp.obj)
                0x03806a60                vex::rotation::position(vex::rotationUnits)
 .text._ZN3vex10controllerD2Ev
                0x03806ab0        0x4 c:\Users\krish\AppData\Roaming\Code\User\globalStorage\vexrobotics.vexcode\sdk\cpp\V5\V5_20220726_10_00_00/vexv5\libv5rt.a(vex_controller.cpp.obj)
                0x03806ab0                vex::controller::~controller()
                0x03806ab0                vex::controller::~controller()
 .text._ZN3vex10controller5valueE19_V5_ControllerIndex
                0x03806ab4        0x8 c:\Users\krish\AppData\Roaming\Code\User\globalStorage\vexrobotics.vexcode\sdk\cpp\V5\V5_20220726_10_00_00/vexv5\libv5rt.a(vex_controller.cpp.obj)
                0x03806ab4                vex::controller::value(_V5_ControllerIndex)
 .text._ZNK3vex10controller6button8pressingEv
                0x03806abc       0xc8 c:\Users\krish\AppData\Roaming\Code\User\globalStorage\vexrobotics.vexcode\sdk\cpp\V5\V5_20220726_10_00_00/vexv5\libv5rt.a(vex_controller.cpp.obj)
                0x03806abc                vex::controller::button::pressing() const
 .text._ZNK3vex10controller6button7pressedEPFvvE
                0x03806b84      0x108 c:\Users\krish\AppData\Roaming\Code\User\globalStorage\vexrobotics.vexcode\sdk\cpp\V5\V5_20220726_10_00_00/vexv5\libv5rt.a(vex_controller.cpp.obj)
                0x03806b84                vex::controller::button::pressed(void (*)()) const
 .text._ZNK3vex10controller6button8releasedEPFvvE
                0x03806c8c      0x108 c:\Users\krish\AppData\Roaming\Code\User\globalStorage\vexrobotics.vexcode\sdk\cpp\V5\V5_20220726_10_00_00/vexv5\libv5rt.a(vex_controller.cpp.obj)
                0x03806c8c                vex::controller::button::released(void (*)()) const
 .text._ZNK3vex10controller6button21_buttonToPressedEventEv
                0x03806d94       0x20 c:\Users\krish\AppData\Roaming\Code\User\globalStorage\vexrobotics.vexcode\sdk\cpp\V5\V5_20220726_10_00_00/vexv5\libv5rt.a(vex_controller.cpp.obj)
                0x03806d94                vex::controller::button::_buttonToPressedEvent() const
 .text._ZNK3vex10controller6button22_buttonToReleasedEventEv
                0x03806db4       0x20 c:\Users\krish\AppData\Roaming\Code\User\globalStorage\vexrobotics.vexcode\sdk\cpp\V5\V5_20220726_10_00_00/vexv5\libv5rt.a(vex_controller.cpp.obj)
                0x03806db4                vex::controller::button::_buttonToReleasedEvent() const
 .text._ZN3vex10controller6buttonC2ENS0_11tButtonTypeEPS0_
                0x03806dd4       0x48 c:\Users\krish\AppData\Roaming\Code\User\globalStorage\vexrobotics.vexcode\sdk\cpp\V5\V5_20220726_10_00_00/vexv5\libv5rt.a(vex_controller.cpp.obj)
                0x03806dd4                vex::controller::button::button(vex::controller::tButtonType, vex::controller*)
                0x03806dd4                vex::controller::button::button(vex::controller::tButtonType, vex::controller*)
 .text._ZNK3vex10controller4axis5valueEv
                0x03806e1c       0x58 c:\Users\krish\AppData\Roaming\Code\User\globalStorage\vexrobotics.vexcode\sdk\cpp\V5\V5_20220726_10_00_00/vexv5\libv5rt.a(vex_controller.cpp.obj)
                0x03806e1c                vex::controller::axis::value() const
 .text._ZNK3vex10controller4axis8positionENS_12percentUnitsE
                0x03806e74       0x1c c:\Users\krish\AppData\Roaming\Code\User\globalStorage\vexrobotics.vexcode\sdk\cpp\V5\V5_20220726_10_00_00/vexv5\libv5rt.a(vex_controller.cpp.obj)
                0x03806e74                vex::controller::axis::position(vex::percentUnits) const
 .text._ZNK3vex10controller4axis23_joystickToChangedEventEv
                0x03806e90       0x20 c:\Users\krish\AppData\Roaming\Code\User\globalStorage\vexrobotics.vexcode\sdk\cpp\V5\V5_20220726_10_00_00/vexv5\libv5rt.a(vex_controller.cpp.obj)
                0x03806e90                vex::controller::axis::_joystickToChangedEvent() const
 .text._ZN3vex10controller4axisC2ENS0_9tAxisTypeEPS0_
                0x03806eb0       0x2c c:\Users\krish\AppData\Roaming\Code\User\globalStorage\vexrobotics.vexcode\sdk\cpp\V5\V5_20220726_10_00_00/vexv5\libv5rt.a(vex_controller.cpp.obj)
                0x03806eb0                vex::controller::axis::axis(vex::controller::tAxisType, vex::controller*)
                0x03806eb0                vex::controller::axis::axis(vex::controller::tAxisType, vex::controller*)
 .text._ZN3vex10controllerC2ENS_14controllerTypeE
                0x03806edc      0x16c c:\Users\krish\AppData\Roaming\Code\User\globalStorage\vexrobotics.vexcode\sdk\cpp\V5\V5_20220726_10_00_00/vexv5\libv5rt.a(vex_controller.cpp.obj)
                0x03806edc                vex::controller::controller(vex::controllerType)
                0x03806edc                vex::controller::controller(vex::controllerType)
 .text._ZN3vex10controller3lcd15getControllerIdEv
                0x03807048       0x10 c:\Users\krish\AppData\Roaming\Code\User\globalStorage\vexrobotics.vexcode\sdk\cpp\V5\V5_20220726_10_00_00/vexv5\libv5rt.a(vex_controller.cpp.obj)
                0x03807048                vex::controller::lcd::getControllerId()
 .text._ZN3vex10controller3lcd5printEPKcz
                0x03807058       0x80 c:\Users\krish\AppData\Roaming\Code\User\globalStorage\vexrobotics.vexcode\sdk\cpp\V5\V5_20220726_10_00_00/vexv5\libv5rt.a(vex_controller.cpp.obj)
                0x03807058                vex::controller::lcd::print(char const*, ...)
 .text._ZN3vex10controller3lcd9clearLineEi
                0x038070d8       0x80 c:\Users\krish\AppData\Roaming\Code\User\globalStorage\vexrobotics.vexcode\sdk\cpp\V5\V5_20220726_10_00_00/vexv5\libv5rt.a(vex_controller.cpp.obj)
                0x038070d8                vex::controller::lcd::clearLine(int)
 .text._ZN3vex10controller3lcd9clearLineEv
                0x03807158        0x8 c:\Users\krish\AppData\Roaming\Code\User\globalStorage\vexrobotics.vexcode\sdk\cpp\V5\V5_20220726_10_00_00/vexv5\libv5rt.a(vex_controller.cpp.obj)
                0x03807158                vex::controller::lcd::clearLine()
 .text._ZN3vex4taskC2Ev
                0x03807160       0x28 c:\Users\krish\AppData\Roaming\Code\User\globalStorage\vexrobotics.vexcode\sdk\cpp\V5\V5_20220726_10_00_00/vexv5\libv5rt.a(vex_task.cpp.obj)
                0x03807160                vex::task::task()
                0x03807160                vex::task::task()
 .text._ZN3vex4taskC2EPFivE
                0x03807188       0x5c c:\Users\krish\AppData\Roaming\Code\User\globalStorage\vexrobotics.vexcode\sdk\cpp\V5\V5_20220726_10_00_00/vexv5\libv5rt.a(vex_task.cpp.obj)
                0x03807188                vex::task::task(int (*)())
                0x03807188                vex::task::task(int (*)())
 .text._ZN3vex4taskD2Ev
                0x038071e4        0x4 c:\Users\krish\AppData\Roaming\Code\User\globalStorage\vexrobotics.vexcode\sdk\cpp\V5\V5_20220726_10_00_00/vexv5\libv5rt.a(vex_task.cpp.obj)
                0x038071e4                vex::task::~task()
                0x038071e4                vex::task::~task()
 .text._ZN3vex4task4stopEPvi
                0x038071e8       0x1c c:\Users\krish\AppData\Roaming\Code\User\globalStorage\vexrobotics.vexcode\sdk\cpp\V5\V5_20220726_10_00_00/vexv5\libv5rt.a(vex_task.cpp.obj)
                0x038071e8                vex::task::stop(void*, int)
 .text._ZN3vex4task6_indexEPFivE
                0x03807204       0x14 c:\Users\krish\AppData\Roaming\Code\User\globalStorage\vexrobotics.vexcode\sdk\cpp\V5\V5_20220726_10_00_00/vexv5\libv5rt.a(vex_task.cpp.obj)
                0x03807204                vex::task::_index(int (*)())
 .text._ZN3vex4task8_stopAllEv
                0x03807218       0x3c c:\Users\krish\AppData\Roaming\Code\User\globalStorage\vexrobotics.vexcode\sdk\cpp\V5\V5_20220726_10_00_00/vexv5\libv5rt.a(vex_task.cpp.obj)
                0x03807218                vex::task::_stopAll()
 .text._ZN3vex11this_thread9sleep_forEm
                0x03807254        0x4 c:\Users\krish\AppData\Roaming\Code\User\globalStorage\vexrobotics.vexcode\sdk\cpp\V5\V5_20220726_10_00_00/vexv5\libv5rt.a(vex_thread.cpp.obj)
                0x03807254                vex::this_thread::sleep_for(unsigned long)
 .text._ZN3vex11this_thread11sleep_untilEm
                0x03807258       0x20 c:\Users\krish\AppData\Roaming\Code\User\globalStorage\vexrobotics.vexcode\sdk\cpp\V5\V5_20220726_10_00_00/vexv5\libv5rt.a(vex_thread.cpp.obj)
                0x03807258                vex::this_thread::sleep_until(unsigned long)
 .text._ZN3vex5mutexC2Ev
                0x03807278       0x1c c:\Users\krish\AppData\Roaming\Code\User\globalStorage\vexrobotics.vexcode\sdk\cpp\V5\V5_20220726_10_00_00/vexv5\libv5rt.a(vex_thread.cpp.obj)
                0x03807278                vex::mutex::mutex()
                0x03807278                vex::mutex::mutex()
 .text._ZN3vex5mutexD2Ev
                0x03807294        0x4 c:\Users\krish\AppData\Roaming\Code\User\globalStorage\vexrobotics.vexcode\sdk\cpp\V5\V5_20220726_10_00_00/vexv5\libv5rt.a(vex_thread.cpp.obj)
                0x03807294                vex::mutex::~mutex()
                0x03807294                vex::mutex::~mutex()
 .text._ZN3vex5mutex4lockEv
                0x03807298        0x8 c:\Users\krish\AppData\Roaming\Code\User\globalStorage\vexrobotics.vexcode\sdk\cpp\V5\V5_20220726_10_00_00/vexv5\libv5rt.a(vex_thread.cpp.obj)
                0x03807298                vex::mutex::lock()
 .text._ZN3vex5mutex6unlockEv
                0x038072a0        0x4 c:\Users\krish\AppData\Roaming\Code\User\globalStorage\vexrobotics.vexcode\sdk\cpp\V5\V5_20220726_10_00_00/vexv5\libv5rt.a(vex_thread.cpp.obj)
                0x038072a0                vex::mutex::unlock()
 .text._ZN3vex5event4initEmmPFvvE
                0x038072a4        0x4 c:\Users\krish\AppData\Roaming\Code\User\globalStorage\vexrobotics.vexcode\sdk\cpp\V5\V5_20220726_10_00_00/vexv5\libv5rt.a(vex_event.cpp.obj)
                0x038072a4                vex::event::init(unsigned long, unsigned long, void (*)())
 .text._ZN3vex5event4initEmmPFvPvES1_
                0x038072a8        0x4 c:\Users\krish\AppData\Roaming\Code\User\globalStorage\vexrobotics.vexcode\sdk\cpp\V5\V5_20220726_10_00_00/vexv5\libv5rt.a(vex_event.cpp.obj)
                0x038072a8                vex::event::init(unsigned long, unsigned long, void (*)(void*), void*)
 .text._ZN3vex5event9userindexEv
                0x038072ac        0x4 c:\Users\krish\AppData\Roaming\Code\User\globalStorage\vexrobotics.vexcode\sdk\cpp\V5\V5_20220726_10_00_00/vexv5\libv5rt.a(vex_event.cpp.obj)
                0x038072ac                vex::event::userindex()
 .text._ZZN3vex6meventC4EmmENUlvE_4_FUNEv
                0x038072b0        0x4 c:\Users\krish\AppData\Roaming\Code\User\globalStorage\vexrobotics.vexcode\sdk\cpp\V5\V5_20220726_10_00_00/vexv5\libv5rt.a(vex_mevent.cpp.obj)
 .text._ZN3vex6meventC2Emm
                0x038072b4       0x70 c:\Users\krish\AppData\Roaming\Code\User\globalStorage\vexrobotics.vexcode\sdk\cpp\V5\V5_20220726_10_00_00/vexv5\libv5rt.a(vex_mevent.cpp.obj)
                0x038072b4                vex::mevent::mevent(unsigned long, unsigned long)
                0x038072b4                vex::mevent::mevent(unsigned long, unsigned long)
 .text._ZN3vex5brain9_getIndexEv
                0x03807324       0x10 c:\Users\krish\AppData\Roaming\Code\User\globalStorage\vexrobotics.vexcode\sdk\cpp\V5\V5_20220726_10_00_00/vexv5\libv5rt.a(vex_brain.cpp.obj)
                0x03807324                vex::brain::_getIndex()
 .text._ZN3vex5brain3lcd9setCursorEll
                0x03807334       0x44 c:\Users\krish\AppData\Roaming\Code\User\globalStorage\vexrobotics.vexcode\sdk\cpp\V5\V5_20220726_10_00_00/vexv5\libv5rt.a(vex_brain.cpp.obj)
                0x03807334                vex::brain::lcd::setCursor(long, long)
 .text._ZN3vex5brain3lcd7setFontENS_8fontTypeE
                0x03807378      0x23c c:\Users\krish\AppData\Roaming\Code\User\globalStorage\vexrobotics.vexcode\sdk\cpp\V5\V5_20220726_10_00_00/vexv5\libv5rt.a(vex_brain.cpp.obj)
                0x03807378                vex::brain::lcd::setFont(vex::fontType)
 .text._ZN3vex5brain3lcdC2Ev
                0x038075b4       0x94 c:\Users\krish\AppData\Roaming\Code\User\globalStorage\vexrobotics.vexcode\sdk\cpp\V5\V5_20220726_10_00_00/vexv5\libv5rt.a(vex_brain.cpp.obj)
                0x038075b4                vex::brain::lcd::lcd()
                0x038075b4                vex::brain::lcd::lcd()
 .text._ZN3vex5brainC2Ev
                0x03807648       0x3c c:\Users\krish\AppData\Roaming\Code\User\globalStorage\vexrobotics.vexcode\sdk\cpp\V5\V5_20220726_10_00_00/vexv5\libv5rt.a(vex_brain.cpp.obj)
                0x03807648                vex::brain::brain()
                0x03807648                vex::brain::brain()
 .text._ZN3vex5brain3lcd7printAtEllPKcz
                0x03807684       0x54 c:\Users\krish\AppData\Roaming\Code\User\globalStorage\vexrobotics.vexcode\sdk\cpp\V5\V5_20220726_10_00_00/vexv5\libv5rt.a(vex_brain.cpp.obj)
                0x03807684                vex::brain::lcd::printAt(long, long, char const*, ...)
 .text._ZN3vex5brain3lcd12_clearScreenEm
                0x038076d8       0x38 c:\Users\krish\AppData\Roaming\Code\User\globalStorage\vexrobotics.vexcode\sdk\cpp\V5\V5_20220726_10_00_00/vexv5\libv5rt.a(vex_brain.cpp.obj)
                0x038076d8                vex::brain::lcd::_clearScreen(unsigned long)
 .text._ZN3vex5brain3lcd11clearScreenERKNS_5colorE
                0x03807710       0x20 c:\Users\krish\AppData\Roaming\Code\User\globalStorage\vexrobotics.vexcode\sdk\cpp\V5\V5_20220726_10_00_00/vexv5\libv5rt.a(vex_brain.cpp.obj)
                0x03807710                vex::brain::lcd::clearScreen(vex::color const&)
 .text._ZN3vex5brain3lcd11clearScreenEv
                0x03807730       0x2c c:\Users\krish\AppData\Roaming\Code\User\globalStorage\vexrobotics.vexcode\sdk\cpp\V5\V5_20220726_10_00_00/vexv5\libv5rt.a(vex_brain.cpp.obj)
                0x03807730                vex::brain::lcd::clearScreen()
 .text._ZN3vex5brainD2Ev
                0x0380775c       0x20 c:\Users\krish\AppData\Roaming\Code\User\globalStorage\vexrobotics.vexcode\sdk\cpp\V5\V5_20220726_10_00_00/vexv5\libv5rt.a(vex_brain.cpp.obj)
                0x0380775c                vex::brain::~brain()
                0x0380775c                vex::brain::~brain()
 .text._ZN3vex11competition8_disableEPv
                0x0380777c       0xa4 c:\Users\krish\AppData\Roaming\Code\User\globalStorage\vexrobotics.vexcode\sdk\cpp\V5\V5_20220726_10_00_00/vexv5\libv5rt.a(vex_competition.cpp.obj)
                0x0380777c                vex::competition::_disable(void*)
 .text._ZN3vex11competition11_autonomousEv
                0x03807820       0x80 c:\Users\krish\AppData\Roaming\Code\User\globalStorage\vexrobotics.vexcode\sdk\cpp\V5\V5_20220726_10_00_00/vexv5\libv5rt.a(vex_competition.cpp.obj)
                0x03807820                vex::competition::_autonomous()
 .text._ZN3vex11competition14_drivercontrolEv
                0x038078a0       0x80 c:\Users\krish\AppData\Roaming\Code\User\globalStorage\vexrobotics.vexcode\sdk\cpp\V5\V5_20220726_10_00_00/vexv5\libv5rt.a(vex_competition.cpp.obj)
                0x038078a0                vex::competition::_drivercontrol()
 .text._ZN3vex11competitionC2Ev
                0x03807920      0x13c c:\Users\krish\AppData\Roaming\Code\User\globalStorage\vexrobotics.vexcode\sdk\cpp\V5\V5_20220726_10_00_00/vexv5\libv5rt.a(vex_competition.cpp.obj)
                0x03807920                vex::competition::competition()
                0x03807920                vex::competition::competition()
 .text._ZN3vex11competitionD2Ev
                0x03807a5c        0x4 c:\Users\krish\AppData\Roaming\Code\User\globalStorage\vexrobotics.vexcode\sdk\cpp\V5\V5_20220726_10_00_00/vexv5\libv5rt.a(vex_competition.cpp.obj)
                0x03807a5c                vex::competition::~competition()
                0x03807a5c                vex::competition::~competition()
 .text._ZN3vex11competition10autonomousEPFvvE
                0x03807a60       0x44 c:\Users\krish\AppData\Roaming\Code\User\globalStorage\vexrobotics.vexcode\sdk\cpp\V5\V5_20220726_10_00_00/vexv5\libv5rt.a(vex_competition.cpp.obj)
                0x03807a60                vex::competition::autonomous(void (*)())
 .text._ZN3vex11competition13drivercontrolEPFvvE
                0x03807aa4       0x44 c:\Users\krish\AppData\Roaming\Code\User\globalStorage\vexrobotics.vexcode\sdk\cpp\V5\V5_20220726_10_00_00/vexv5\libv5rt.a(vex_competition.cpp.obj)
                0x03807aa4                vex::competition::drivercontrol(void (*)())
 .text._ZN3vex7triportD2Ev
                0x03807ae8       0x38 c:\Users\krish\AppData\Roaming\Code\User\globalStorage\vexrobotics.vexcode\sdk\cpp\V5\V5_20220726_10_00_00/vexv5\libv5rt.a(vex_triport.cpp.obj)
                0x03807ae8                vex::triport::~triport()
                0x03807ae8                vex::triport::~triport()
 .text._ZN3vex7triportD0Ev
                0x03807b20       0x1c c:\Users\krish\AppData\Roaming\Code\User\globalStorage\vexrobotics.vexcode\sdk\cpp\V5\V5_20220726_10_00_00/vexv5\libv5rt.a(vex_triport.cpp.obj)
                0x03807b20                vex::triport::~triport()
 .text._ZN3vex7triport9installedEv
                0x03807b3c       0x18 c:\Users\krish\AppData\Roaming\Code\User\globalStorage\vexrobotics.vexcode\sdk\cpp\V5\V5_20220726_10_00_00/vexv5\libv5rt.a(vex_triport.cpp.obj)
                0x03807b3c                vex::triport::installed()
 .text._ZN3vex7triport4portC2ElPS0_
                0x03807b54       0x74 c:\Users\krish\AppData\Roaming\Code\User\globalStorage\vexrobotics.vexcode\sdk\cpp\V5\V5_20220726_10_00_00/vexv5\libv5rt.a(vex_triport.cpp.obj)
                0x03807b54                vex::triport::port::port(long, vex::triport*)
                0x03807b54                vex::triport::port::port(long, vex::triport*)
 .text._ZN3vex7triportC2El
                0x03807bc8       0xf0 c:\Users\krish\AppData\Roaming\Code\User\globalStorage\vexrobotics.vexcode\sdk\cpp\V5\V5_20220726_10_00_00/vexv5\libv5rt.a(vex_triport.cpp.obj)
                0x03807bc8                vex::triport::triport(long)
                0x03807bc8                vex::triport::triport(long)
 .text._ZN3vex7triport4port4typeENS_11triportTypeE
                0x03807cb8       0x30 c:\Users\krish\AppData\Roaming\Code\User\globalStorage\vexrobotics.vexcode\sdk\cpp\V5\V5_20220726_10_00_00/vexv5\libv5rt.a(vex_triport.cpp.obj)
                0x03807cb8                vex::triport::port::type(vex::triportType)
 .text._ZN3vex7triport4port4typeEv
                0x03807ce8       0x38 c:\Users\krish\AppData\Roaming\Code\User\globalStorage\vexrobotics.vexcode\sdk\cpp\V5\V5_20220726_10_00_00/vexv5\libv5rt.a(vex_triport.cpp.obj)
                0x03807ce8                vex::triport::port::type()
 .text._ZN3vex7triport4port5valueEv
                0x03807d20       0x14 c:\Users\krish\AppData\Roaming\Code\User\globalStorage\vexrobotics.vexcode\sdk\cpp\V5\V5_20220726_10_00_00/vexv5\libv5rt.a(vex_triport.cpp.obj)
                0x03807d20                vex::triport::port::value()
 .text._ZN3vex7triport4port5valueEl
                0x03807d34       0x18 c:\Users\krish\AppData\Roaming\Code\User\globalStorage\vexrobotics.vexcode\sdk\cpp\V5\V5_20220726_10_00_00/vexv5\libv5rt.a(vex_triport.cpp.obj)
                0x03807d34                vex::triport::port::value(long)
 .text._ZN3vex7triport4port14_convertAnalogENS_11analogUnitsE
                0x03807d4c       0x58 c:\Users\krish\AppData\Roaming\Code\User\globalStorage\vexrobotics.vexcode\sdk\cpp\V5\V5_20220726_10_00_00/vexv5\libv5rt.a(vex_triport.cpp.obj)
                0x03807d4c                vex::triport::port::_convertAnalog(vex::analogUnits)
 .text._ZN3vex11__trideviceC2ERNS_7triport4portENS_11triportTypeE
                0x03807da4       0x5c c:\Users\krish\AppData\Roaming\Code\User\globalStorage\vexrobotics.vexcode\sdk\cpp\V5\V5_20220726_10_00_00/vexv5\libv5rt.a(vex_triport.cpp.obj)
                0x03807da4                vex::__tridevice::__tridevice(vex::triport::port&, vex::triportType)
                0x03807da4                vex::__tridevice::__tridevice(vex::triport::port&, vex::triportType)
 .text._ZN3vex11__tridevice14_convertAnalogENS_11analogUnitsE
                0x03807e00        0x8 c:\Users\krish\AppData\Roaming\Code\User\globalStorage\vexrobotics.vexcode\sdk\cpp\V5\V5_20220726_10_00_00/vexv5\libv5rt.a(vex_triport.cpp.obj)
                0x03807e00                vex::__tridevice::_convertAnalog(vex::analogUnits)
 .text._ZN3vex11digital_outC2ERNS_7triport4portE
                0x03807e08       0x18 c:\Users\krish\AppData\Roaming\Code\User\globalStorage\vexrobotics.vexcode\sdk\cpp\V5\V5_20220726_10_00_00/vexv5\libv5rt.a(vex_triport.cpp.obj)
                0x03807e08                vex::digital_out::digital_out(vex::triport::port&)
                0x03807e08                vex::digital_out::digital_out(vex::triport::port&)
 .text._ZN3vex11digital_out5valueEv
                0x03807e20        0x8 c:\Users\krish\AppData\Roaming\Code\User\globalStorage\vexrobotics.vexcode\sdk\cpp\V5\V5_20220726_10_00_00/vexv5\libv5rt.a(vex_triport.cpp.obj)
                0x03807e20                vex::digital_out::value()
 .text._ZN3vex11digital_out3setEb
                0x03807e28        0x8 c:\Users\krish\AppData\Roaming\Code\User\globalStorage\vexrobotics.vexcode\sdk\cpp\V5\V5_20220726_10_00_00/vexv5\libv5rt.a(vex_triport.cpp.obj)
                0x03807e28                vex::digital_out::set(bool)
 .text._ZN3vex10pneumaticsC2ERNS_7triport4portE
                0x03807e30       0x14 c:\Users\krish\AppData\Roaming\Code\User\globalStorage\vexrobotics.vexcode\sdk\cpp\V5\V5_20220726_10_00_00/vexv5\libv5rt.a(vex_triport.cpp.obj)
                0x03807e30                vex::pneumatics::pneumatics(vex::triport::port&)
                0x03807e30                vex::pneumatics::pneumatics(vex::triport::port&)
 .text._ZN3vex10pneumaticsD2Ev
                0x03807e44        0x4 c:\Users\krish\AppData\Roaming\Code\User\globalStorage\vexrobotics.vexcode\sdk\cpp\V5\V5_20220726_10_00_00/vexv5\libv5rt.a(vex_triport.cpp.obj)
                0x03807e44                vex::pneumatics::~pneumatics()
                0x03807e44                vex::pneumatics::~pneumatics()
 .text._ZN3vex3potC2ERNS_7triport4portE
                0x03807e48       0x20 c:\Users\krish\AppData\Roaming\Code\User\globalStorage\vexrobotics.vexcode\sdk\cpp\V5\V5_20220726_10_00_00/vexv5\libv5rt.a(vex_triport.cpp.obj)
                0x03807e48                vex::pot::pot(vex::triport::port&)
                0x03807e48                vex::pot::pot(vex::triport::port&)
 .text._ZN3vex3potD2Ev
                0x03807e68        0x4 c:\Users\krish\AppData\Roaming\Code\User\globalStorage\vexrobotics.vexcode\sdk\cpp\V5\V5_20220726_10_00_00/vexv5\libv5rt.a(vex_triport.cpp.obj)
                0x03807e68                vex::pot::~pot()
                0x03807e68                vex::pot::~pot()
 *fill*         0x03807e6c        0x4 
 .text._ZN3vex3pot5valueENS_13rotationUnitsE
                0x03807e70       0x60 c:\Users\krish\AppData\Roaming\Code\User\globalStorage\vexrobotics.vexcode\sdk\cpp\V5\V5_20220726_10_00_00/vexv5\libv5rt.a(vex_triport.cpp.obj)
                0x03807e70                vex::pot::value(vex::rotationUnits)
 .text._ZN3vex5colorD2Ev
                0x03807ed0        0x4 c:\Users\krish\AppData\Roaming\Code\User\globalStorage\vexrobotics.vexcode\sdk\cpp\V5\V5_20220726_10_00_00/vexv5\libv5rt.a(vex_color.cpp.obj)
                0x03807ed0                vex::color::~color()
                0x03807ed0                vex::color::~color()
 .text._ZNK3vex5colorcvmEv
                0x03807ed4        0x8 c:\Users\krish\AppData\Roaming\Code\User\globalStorage\vexrobotics.vexcode\sdk\cpp\V5\V5_20220726_10_00_00/vexv5\libv5rt.a(vex_color.cpp.obj)
                0x03807ed4                vex::color::operator unsigned long() const
 .text.startup._GLOBAL__sub_I__ZN3vex5color5blackE
                0x03807edc      0x164 c:\Users\krish\AppData\Roaming\Code\User\globalStorage\vexrobotics.vexcode\sdk\cpp\V5\V5_20220726_10_00_00/vexv5\libv5rt.a(vex_color.cpp.obj)
 .text._ZN3vex5timerD2Ev
                0x03808040        0x4 c:\Users\krish\AppData\Roaming\Code\User\globalStorage\vexrobotics.vexcode\sdk\cpp\V5\V5_20220726_10_00_00/vexv5\libv5rt.a(vex_timer.cpp.obj)
                0x03808040                vex::timer::~timer()
                0x03808040                vex::timer::~timer()
 .text._ZN3vex5timer5clearEv
                0x03808044       0x1c c:\Users\krish\AppData\Roaming\Code\User\globalStorage\vexrobotics.vexcode\sdk\cpp\V5\V5_20220726_10_00_00/vexv5\libv5rt.a(vex_timer.cpp.obj)
                0x03808044                vex::timer::clear()
 .text._ZN3vex5timerC2Ev
                0x03808060       0x14 c:\Users\krish\AppData\Roaming\Code\User\globalStorage\vexrobotics.vexcode\sdk\cpp\V5\V5_20220726_10_00_00/vexv5\libv5rt.a(vex_timer.cpp.obj)
                0x03808060                vex::timer::timer()
                0x03808060                vex::timer::timer()
 .text._ZN3vex5timer6systemEv
                0x03808074        0x4 c:\Users\krish\AppData\Roaming\Code\User\globalStorage\vexrobotics.vexcode\sdk\cpp\V5\V5_20220726_10_00_00/vexv5\libv5rt.a(vex_timer.cpp.obj)
                0x03808074                vex::timer::system()
 .text._ZN3vex11motor_group18motor_group_motorsC2Ev
                0x03808078       0x28 c:\Users\krish\AppData\Roaming\Code\User\globalStorage\vexrobotics.vexcode\sdk\cpp\V5\V5_20220726_10_00_00/vexv5\libv5rt.a(vex_motorgroup.cpp.obj)
                0x03808078                vex::motor_group::motor_group_motors::motor_group_motors()
                0x03808078                vex::motor_group::motor_group_motors::motor_group_motors()
 .text._ZN3vex11motor_groupC2Ev
                0x038080a0       0x1c c:\Users\krish\AppData\Roaming\Code\User\globalStorage\vexrobotics.vexcode\sdk\cpp\V5\V5_20220726_10_00_00/vexv5\libv5rt.a(vex_motorgroup.cpp.obj)
                0x038080a0                vex::motor_group::motor_group()
                0x038080a0                vex::motor_group::motor_group()
 .text._ZN3vex11motor_groupD2Ev
                0x038080bc        0x4 c:\Users\krish\AppData\Roaming\Code\User\globalStorage\vexrobotics.vexcode\sdk\cpp\V5\V5_20220726_10_00_00/vexv5\libv5rt.a(vex_motorgroup.cpp.obj)
                0x038080bc                vex::motor_group::~motor_group()
                0x038080bc                vex::motor_group::~motor_group()
 .text._ZN3vex11motor_group9_addMotorERNS_5motorE
                0x038080c0       0x20 c:\Users\krish\AppData\Roaming\Code\User\globalStorage\vexrobotics.vexcode\sdk\cpp\V5\V5_20220726_10_00_00/vexv5\libv5rt.a(vex_motorgroup.cpp.obj)
                0x038080c0                vex::motor_group::_addMotor(vex::motor&)
 .text._ZN3vex11motor_group11setVelocityEdNS_13velocityUnitsE
                0x038080e0       0x4c c:\Users\krish\AppData\Roaming\Code\User\globalStorage\vexrobotics.vexcode\sdk\cpp\V5\V5_20220726_10_00_00/vexv5\libv5rt.a(vex_motorgroup.cpp.obj)
                0x038080e0                vex::motor_group::setVelocity(double, vex::velocityUnits)
 .text._ZN3vex11motor_group11setStoppingENS_9brakeTypeE
                0x0380812c       0x38 c:\Users\krish\AppData\Roaming\Code\User\globalStorage\vexrobotics.vexcode\sdk\cpp\V5\V5_20220726_10_00_00/vexv5\libv5rt.a(vex_motorgroup.cpp.obj)
                0x0380812c                vex::motor_group::setStopping(vex::brakeType)
 .text._ZN3vex11motor_group4spinENS_13directionTypeE
                0x03808164       0x38 c:\Users\krish\AppData\Roaming\Code\User\globalStorage\vexrobotics.vexcode\sdk\cpp\V5\V5_20220726_10_00_00/vexv5\libv5rt.a(vex_motorgroup.cpp.obj)
                0x03808164                vex::motor_group::spin(vex::directionType)
 .text._ZN3vex11motor_group4spinENS_13directionTypeEdNS_13velocityUnitsE
                0x0380819c       0x54 c:\Users\krish\AppData\Roaming\Code\User\globalStorage\vexrobotics.vexcode\sdk\cpp\V5\V5_20220726_10_00_00/vexv5\libv5rt.a(vex_motorgroup.cpp.obj)
                0x0380819c                vex::motor_group::spin(vex::directionType, double, vex::velocityUnits)
 .text._ZN3vex11motor_group10isSpinningEv
                0x038081f0       0x40 c:\Users\krish\AppData\Roaming\Code\User\globalStorage\vexrobotics.vexcode\sdk\cpp\V5\V5_20220726_10_00_00/vexv5\libv5rt.a(vex_motorgroup.cpp.obj)
                0x038081f0                vex::motor_group::isSpinning()
 .text._ZN3vex11motor_group6isDoneEv
                0x03808230       0x14 c:\Users\krish\AppData\Roaming\Code\User\globalStorage\vexrobotics.vexcode\sdk\cpp\V5\V5_20220726_10_00_00/vexv5\libv5rt.a(vex_motorgroup.cpp.obj)
                0x03808230                vex::motor_group::isDone()
 .text._ZN3vex11motor_group4stopEv
                0x03808244       0x30 c:\Users\krish\AppData\Roaming\Code\User\globalStorage\vexrobotics.vexcode\sdk\cpp\V5\V5_20220726_10_00_00/vexv5\libv5rt.a(vex_motorgroup.cpp.obj)
                0x03808244                vex::motor_group::stop()
 .text._ZN3vex11motor_group8positionENS_13rotationUnitsE
                0x03808274        0xc c:\Users\krish\AppData\Roaming\Code\User\globalStorage\vexrobotics.vexcode\sdk\cpp\V5\V5_20220726_10_00_00/vexv5\libv5rt.a(vex_motorgroup.cpp.obj)
                0x03808274                vex::motor_group::position(vex::rotationUnits)
 .text._ZN3vex11motor_group8velocityENS_13velocityUnitsE
                0x03808280        0xc c:\Users\krish\AppData\Roaming\Code\User\globalStorage\vexrobotics.vexcode\sdk\cpp\V5\V5_20220726_10_00_00/vexv5\libv5rt.a(vex_motorgroup.cpp.obj)
                0x03808280                vex::motor_group::velocity(vex::velocityUnits)
 .text._ZN3vex11motor_group20waitForCompletionAllEv
                0x0380828c       0x60 c:\Users\krish\AppData\Roaming\Code\User\globalStorage\vexrobotics.vexcode\sdk\cpp\V5\V5_20220726_10_00_00/vexv5\libv5rt.a(vex_motorgroup.cpp.obj)
                0x0380828c                vex::motor_group::waitForCompletionAll()
 .text._ZN3vex11motor_group7spinForENS_13directionTypeEdNS_13rotationUnitsEdNS_13velocityUnitsEb
                0x038082ec       0xa8 c:\Users\krish\AppData\Roaming\Code\User\globalStorage\vexrobotics.vexcode\sdk\cpp\V5\V5_20220726_10_00_00/vexv5\libv5rt.a(vex_motorgroup.cpp.obj)
                0x038082ec                vex::motor_group::spinFor(vex::directionType, double, vex::rotationUnits, double, vex::velocityUnits, bool)
 .text._ZN3vex11motor_group7spinForEdNS_13rotationUnitsEb
                0x03808394       0x78 c:\Users\krish\AppData\Roaming\Code\User\globalStorage\vexrobotics.vexcode\sdk\cpp\V5\V5_20220726_10_00_00/vexv5\libv5rt.a(vex_motorgroup.cpp.obj)
                0x03808394                vex::motor_group::spinFor(double, vex::rotationUnits, bool)
 .text.vexAdiPortConfigSet