Archive member included because of file (symbol)

c:\Users\dan\AppData\Roaming\Code\User\globalStorage\vexrobotics.vexcode\sdk\cpp\V5\V5_20220726_10_00_00/vexv5\libv5rt.a(v5_startup.c.obj)
                              (vexStartup)
c:\Users\dan\AppData\Roaming\Code\User\globalStorage\vexrobotics.vexcode\sdk\cpp\V5\V5_20220726_10_00_00/vexv5\libv5rt.a(v5_util.c.obj)
                              c:\Users\dan\AppData\Roaming\Code\User\globalStorage\vexrobotics.vexcode\sdk\cpp\V5\V5_20220726_10_00_00/vexv5\libv5rt.a(v5_startup.c.obj) (vexStdlibVersionLinked)
c:\Users\dan\AppData\Roaming\Code\User\globalStorage\vexrobotics.vexcode\sdk\cpp\V5\V5_20220726_10_00_00/vexv5\libv5rt.a(v5_apijump.c.obj)
                              c:\Users\dan\AppData\Roaming\Code\User\globalStorage\vexrobotics.vexcode\sdk\cpp\V5\V5_20220726_10_00_00/vexv5\libv5rt.a(v5_startup.c.obj) (vexPrivateApiEnable)
c:\Users\dan\AppData\Roaming\Code\User\globalStorage\vexrobotics.vexcode\sdk\cpp\V5\V5_20220726_10_00_00/vexv5\libv5rt.a(v5_apiversions.c.obj)
                              c:\Users\dan\AppData\Roaming\Code\User\globalStorage\vexrobotics.vexcode\sdk\cpp\V5\V5_20220726_10_00_00/vexv5\libv5rt.a(v5_apijump.c.obj) (vexSystemVersion)
c:\Users\dan\AppData\Roaming\Code\User\globalStorage\vexrobotics.vexcode\sdk\cpp\V5\V5_20220726_10_00_00/vexv5\libv5rt.a(vex_global.cpp.obj)
                              build/src/main.o (vex::wait(double, vex::timeUnits))
c:\Users\dan\AppData\Roaming\Code\User\globalStorage\vexrobotics.vexcode\sdk\cpp\V5\V5_20220726_10_00_00/vexv5\libv5rt.a(vex_motor.cpp.obj)
                              build/src/main.o (vex::motor::~motor())
c:\Users\dan\AppData\Roaming\Code\User\globalStorage\vexrobotics.vexcode\sdk\cpp\V5\V5_20220726_10_00_00/vexv5\libv5rt.a(vex_imu.cpp.obj)
                              build/src/main.o (vex::inertial::setHeading(double, vex::rotationUnits))
c:\Users\dan\AppData\Roaming\Code\User\globalStorage\vexrobotics.vexcode\sdk\cpp\V5\V5_20220726_10_00_00/vexv5\libv5rt.a(vex_rotation.cpp.obj)
                              build/src/main.o (vex::rotation::~rotation())
c:\Users\dan\AppData\Roaming\Code\User\globalStorage\vexrobotics.vexcode\sdk\cpp\V5\V5_20220726_10_00_00/vexv5\libv5rt.a(vex_controller.cpp.obj)
                              build/src/main.o (vex::controller::~controller())
c:\Users\dan\AppData\Roaming\Code\User\globalStorage\vexrobotics.vexcode\sdk\cpp\V5\V5_20220726_10_00_00/vexv5\libv5rt.a(vex_task.cpp.obj)
                              build/src/main.o (vex::task::task())
c:\Users\dan\AppData\Roaming\Code\User\globalStorage\vexrobotics.vexcode\sdk\cpp\V5\V5_20220726_10_00_00/vexv5\libv5rt.a(vex_thread.cpp.obj)
                              build/src/sylib/system.o (vex::this_thread::sleep_for(unsigned long))
c:\Users\dan\AppData\Roaming\Code\User\globalStorage\vexrobotics.vexcode\sdk\cpp\V5\V5_20220726_10_00_00/vexv5\libv5rt.a(vex_event.cpp.obj)
                              c:\Users\dan\AppData\Roaming\Code\User\globalStorage\vexrobotics.vexcode\sdk\cpp\V5\V5_20220726_10_00_00/vexv5\libv5rt.a(vex_imu.cpp.obj) (vex::event::init(unsigned long, unsigned long, void (*)()))
c:\Users\dan\AppData\Roaming\Code\User\globalStorage\vexrobotics.vexcode\sdk\cpp\V5\V5_20220726_10_00_00/vexv5\libv5rt.a(vex_mevent.cpp.obj)
                              c:\Users\dan\AppData\Roaming\Code\User\globalStorage\vexrobotics.vexcode\sdk\cpp\V5\V5_20220726_10_00_00/vexv5\libv5rt.a(vex_controller.cpp.obj) (vex::mevent::mevent(unsigned long, unsigned long))
c:\Users\dan\AppData\Roaming\Code\User\globalStorage\vexrobotics.vexcode\sdk\cpp\V5\V5_20220726_10_00_00/vexv5\libv5rt.a(vex_brain.cpp.obj)
                              build/src/main.o (vex::brain::brain())
c:\Users\dan\AppData\Roaming\Code\User\globalStorage\vexrobotics.vexcode\sdk\cpp\V5\V5_20220726_10_00_00/vexv5\libv5rt.a(vex_competition.cpp.obj)
                              build/src/main.o (vex::competition::competition())
c:\Users\dan\AppData\Roaming\Code\User\globalStorage\vexrobotics.vexcode\sdk\cpp\V5\V5_20220726_10_00_00/vexv5\libv5rt.a(vex_triport.cpp.obj)
                              c:\Users\dan\AppData\Roaming\Code\User\globalStorage\vexrobotics.vexcode\sdk\cpp\V5\V5_20220726_10_00_00/vexv5\libv5rt.a(vex_brain.cpp.obj) (vex::triport::~triport())
c:\Users\dan\AppData\Roaming\Code\User\globalStorage\vexrobotics.vexcode\sdk\cpp\V5\V5_20220726_10_00_00/vexv5\libv5rt.a(vex_color.cpp.obj)
                              c:\Users\dan\AppData\Roaming\Code\User\globalStorage\vexrobotics.vexcode\sdk\cpp\V5\V5_20220726_10_00_00/vexv5\libv5rt.a(vex_brain.cpp.obj) (vex::color::operator unsigned long() const)
c:\Users\dan\AppData\Roaming\Code\User\globalStorage\vexrobotics.vexcode\sdk\cpp\V5\V5_20220726_10_00_00/vexv5\libv5rt.a(vex_timer.cpp.obj)
[...]
Memory Configuration

Name             Origin             Length             Attributes
ps7_ddr_0_S_AXI_BASEADDR 0x03800000         0x04800000
*default*        0x00000000         0xffffffff

Linker script and memory map

                0x00002000                _STACK_SIZE = DEFINED (_STACK_SIZE)?_STACK_SIZE:0x2000
                0x00100000                _HEAP_SIZE = DEFINED (_HEAP_SIZE)?_HEAP_SIZE:0x100000
                0x00000400                _ABORT_STACK_SIZE = DEFINED (_ABORT_STACK_SIZE)?_ABORT_STACK_SIZE:0x400
                0x00000800                _SUPERVISOR_STACK_SIZE = DEFINED (_SUPERVISOR_STACK_SIZE)?_SUPERVISOR_STACK_SIZE:0x800
                0x00000400                _IRQ_STACK_SIZE = DEFINED (_IRQ_STACK_SIZE)?_IRQ_STACK_SIZE:0x400
                0x00000400                _FIQ_STACK_SIZE = DEFINED (_FIQ_STACK_SIZE)?_FIQ_STACK_SIZE:0x400
                0x00000400                _UNDEF_STACK_SIZE = DEFINED (_UNDEF_STACK_SIZE)?_UNDEF_STACK_SIZE:0x400

.text           0x03800000     0x7510
 *(.vectors)
 *(.boot_data)
 .boot_data     0x03800000       0x20 c:\Users\dan\AppData\Roaming\Code\User\globalStorage\vexrobotics.vexcode\sdk\cpp\V5\V5_20220726_10_00_00/vexv5\libv5rt.a(v5_startup.c.obj)
                0x03800000                vexCodeSig
                0x00000020                . = 0x20
 *(.boot)
 .boot          0x03800020       0xbc c:\Users\dan\AppData\Roaming\Code\User\globalStorage\vexrobotics.vexcode\sdk\cpp\V5\V5_20220726_10_00_00/vexv5\libv5rt.a(v5_startup.c.obj)
                0x03800020                vexStartup
                0x03800100                . = ALIGN (0x40)
 *fill*         0x038000dc       0x24 
 *(.freertos_vectors)
 *(.text)
 .text          0x03800100       0x3a c:\Users\dan\AppData\Roaming\Code\User\globalStorage\vexrobotics.vexcode\sdk\cpp\V5\V5_20220726_10_00_00/vexv5/gcc/libs\libc.a(lib_a-aeabi_memmove-soft.o)
                0x03800100                __aeabi_memmove4
                0x03800100                __aeabi_memmove
                0x03800100                __aeabi_memmove8
 .text          0x0380013a       0x9a c:\Users\dan\AppData\Roaming\Code\User\globalStorage\vexrobotics.vexcode\sdk\cpp\V5\V5_20220726_10_00_00/vexv5/gcc/libs\libc.a(lib_a-aeabi_memset-soft.o)
                0x0380013a                __aeabi_memset8
                0x0380013a                __aeabi_memset
                0x0380013a                __aeabi_memset4
 *(.text.*)
 .text._ZN3vex11motor_groupC2IJNS_5motorES2_EEERS2_DpRT_
                0x038001d4       0x44 build/src/main.o
                0x038001d4                vex::motor_group::motor_group<vex::motor, vex::motor>(vex::motor&, vex::motor&, vex::motor&)
 .text._Z8stopCatav
                0x03800218        0xc build/src/main.o
                0x03800218                stopCata()
 *fill*         0x03800224        0x4 
 .text._Z13fullCataCyclev
                0x03800228       0x80 build/src/main.o
                0x03800228                fullCataCycle()
 .text._Z10toggleCatav
                0x038002a8       0x98 build/src/main.o
                0x038002a8                toggleCata()
 .text._Z11toggleWingsv
                0x03800340       0x2c build/src/main.o
                0x03800340                toggleWings()
 .text._Z13toggleBlockerv
                0x0380036c       0x2c build/src/main.o
                0x0380036c                toggleBlocker()
 .text._Z9togglePTOv
                0x03800398       0x40 build/src/main.o
                0x03800398                togglePTO()
 .text._Z10handleLEDsv
                0x038003d8      0x410 build/src/main.o
                0x038003d8                handleLEDs()
 .text._ZNSt6vectorImSaImEEC2ERKS1_
                0x038007e8       0x78 build/src/main.o
                0x038007e8                std::vector<unsigned long, std::allocator<unsigned long> >::vector(std::vector<unsigned long, std::allocator<unsigned long> > const&)
 .text._Z9smartTurnf
                0x03800860      0x1e0 build/src/main.o
                0x03800860                smartTurn(float)
 .text._Z13turnToHeadingf
                0x03800a40       0x80 build/src/main.o
                0x03800a40                turnToHeading(float)
 .text._Z10odomUpdatev
                0x03800ac0      0x398 build/src/main.o
                0x03800ac0                odomUpdate()
 .text._Z7runOdomv
                0x03800e58       0x34 build/src/main.o
                0x03800e58                runOdom()
 *fill*         0x03800e8c        0x4 
 .text._Z8straightfN3vex13distanceUnitsE
                0x03800e90      0x1a8 build/src/main.o
                0x03800e90                straight(float, vex::distanceUnits)
 .text._Z8straightff
                0x03801038       0x6c build/src/main.o
                0x03801038                straight(float, float)
 *fill*         0x038010a4        0x4 
 .text._Z4slamN3vex13directionTypeE
                0x038010a8      0x140 build/src/main.o
                0x038010a8                slam(vex::directionType)
 .text._Z3arcffN3vex8turnTypeE
                0x038011e8      0x2b8 build/src/main.o
                0x038011e8                arc(float, float, vex::turnType)
 .text._ZNSt6vectorIS_IiSaIiEESaIS1_EED2Ev
                0x038014a0       0x50 build/src/main.o
                0x038014a0                std::vector<std::vector<int, std::allocator<int> >, std::allocator<std::vector<int, std::allocator<int> > > >::~vector()
 .text._Z9pre_autonv
                0x038014f0      0x130 build/src/main.o
                0x038014f0                pre_auton()
 .text._Z16oppositeSideElimv
                0x03801620      0x290 build/src/main.o
                0x03801620                oppositeSideElim()
 .text._Z11usercontrolv
                0x038018b0      0x548 build/src/main.o
                0x038018b0                usercontrol()
 .text.main     0x03801df8       0xe8 build/src/main.o
                0x03801df8                main
 .text._ZNSt12_Vector_baseImSaImEE11_M_allocateEj
                0x03801ee0       0x30 build/src/main.o
                0x03801ee0                std::_Vector_base<unsigned long, std::allocator<unsigned long> >::_M_allocate(unsigned int)
 .text._GLOBAL__sub_I_main.cpp
                0x03801f10      0x554 build/src/main.o
 .text._GLOBAL__sub_I_math.cpp
                0x03802464       0x34 build/src/sylib/math.o
 .text._ZN5sylib11delay_untilEPmm
                0x03802498       0x24 build/src/sylib/system.o
                0x03802498                sylib::delay_until(unsigned long*, unsigned long)
 .text._ZN5sylib6millisEv
                0x038024bc        0x4 build/src/sylib/system.o
                0x038024bc                sylib::millis()
 .text.__cxx_global_array_dtor
                0x038024c0       0x2c build/src/sylib/system.o
 .text.__cxx_global_array_dtor.3
                0x038024ec       0x2c build/src/sylib/system.o
 .text._ZNSt6vectorIPN5sylib6DeviceESaIS2_EED2Ev
                0x03802518       0x24 build/src/sylib/system.o
                0x03802518                std::vector<sylib::Device*, std::allocator<sylib::Device*> >::~vector()
 .text._ZN5sylib11SylibDaemon16startSylibDaemonEv
                0x0380253c       0x50 build/src/sylib/system.o
                0x0380253c                sylib::SylibDaemon::startSylibDaemon()
 .text._ZN5sylib11SylibDaemon19managerTaskFunctionEv
                0x0380258c      0x298 build/src/sylib/system.o
                0x0380258c                sylib::SylibDaemon::managerTaskFunction()
 .text._ZNSt10unique_ptrIN5sylib4TaskESt14default_deleteIS1_EED2Ev
                0x03802824       0x30 build/src/sylib/system.o
                0x03802824                std::unique_ptr<sylib::Task, std::default_delete<sylib::Task> >::~unique_ptr()
 .text._ZN5sylib11SylibDaemonD2Ev
                0x03802854        0x4 build/src/sylib/system.o
                0x03802854                sylib::SylibDaemon::~SylibDaemon()
                0x03802854                sylib::SylibDaemon::~SylibDaemon()
 .text._ZN5sylib11SylibDaemon11getInstanceEv
                0x03802858       0x70 build/src/sylib/system.o
                0x03802858                sylib::SylibDaemon::getInstance()
 .text._ZN5sylib11SylibDaemon19createSubTaskUnsafeEPNS_6DeviceE
                0x038028c8       0xb8 build/src/sylib/system.o
                0x038028c8                sylib::SylibDaemon::createSubTaskUnsafe(sylib::Device*)
 .text._ZN5sylib11SylibDaemon13createSubTaskEPNS_6DeviceE
                0x03802980       0x40 build/src/sylib/system.o
                0x03802980                sylib::SylibDaemon::createSubTask(sylib::Device*)
 .text._ZN5sylib6Device12startSubTaskEv
                0x038029c0       0xd4 build/src/sylib/system.o
                0x038029c0                sylib::Device::startSubTask()
 .text._ZN5sylib6DeviceC2Eii
                0x03802a94       0x48 build/src/sylib/system.o
                0x03802a94                sylib::Device::Device(int, int)
 .text._ZN5sylib6Device15setUpdateOffsetEi
                0x03802adc        0x8 build/src/sylib/system.o
                0x03802adc                sylib::Device::setUpdateOffset(int)
 .text._ZN5sylib6Device18setUpdateFrequencyEi
                0x03802ae4        0x8 build/src/sylib/system.o
                0x03802ae4                sylib::Device::setUpdateFrequency(int)
 .text._ZN5sylib10initializeEv
                0x03802aec       0x1c build/src/sylib/system.o
                0x03802aec                sylib::initialize()
 .text._ZNSt10unique_ptrIN5sylib4TaskESt14default_deleteIS1_EE5resetEPS1_
                0x03802b08       0x28 build/src/sylib/system.o
                0x03802b08                std::unique_ptr<sylib::Task, std::default_delete<sylib::Task> >::reset(sylib::Task*)
 .text._ZNSt6vectorIPN5sylib6DeviceESaIS2_EE19_M_emplace_back_auxIJRKS2_EEEvDpOT_
                0x03802b30       0x8c build/src/sylib/system.o
                0x03802b30                void std::vector<sylib::Device*, std::allocator<sylib::Device*> >::_M_emplace_back_aux<sylib::Device* const&>(sylib::Device* const&)
 .text._ZNKSt6vectorIPN5sylib6DeviceESaIS2_EE12_M_check_lenEjPKc
                0x03802bbc       0x54 build/src/sylib/system.o
                0x03802bbc                std::vector<sylib::Device*, std::allocator<sylib::Device*> >::_M_check_len(unsigned int, char const*) const
 .text._ZNSt12_Vector_baseIPN5sylib6DeviceESaIS2_EE11_M_allocateEj
                0x03802c10       0x30 build/src/sylib/system.o
                0x03802c10                std::_Vector_base<sylib::Device*, std::allocator<sylib::Device*> >::_M_allocate(unsigned int)
 .text._GLOBAL__sub_I_system.cpp
                0x03802c40       0xd4 build/src/sylib/system.o
 .text._GLOBAL__sub_I_sylib.cpp
                0x03802d14       0x34 build/src/sylib/sylib.o
 .text._ZNSt11unique_lockIN5sylib5MutexEEaSEOS2_
                0x03802d48       0x78 build/src/sylib/motor.o
                0x03802d48                std::unique_lock<sylib::Mutex>::operator=(std::unique_lock<sylib::Mutex>&&)
 .text._ZNSt11unique_lockIN5sylib5MutexEE6unlockEv
                0x03802dc0       0x3c build/src/sylib/motor.o
                0x03802dc0                std::unique_lock<sylib::Mutex>::unlock()
 .text._ZNSt11unique_lockIN5sylib5MutexEE4lockEv
                0x03802dfc       0x44 build/src/sylib/motor.o
                0x03802dfc                std::unique_lock<sylib::Mutex>::lock()
 .text._GLOBAL__sub_I_motor.cpp
                0x03802e40       0x34 build/src/sylib/motor.o
 .text._ZN5sylib7AddrledC2EhhhSt6vectorImSaImEE
                0x03802e74      0x2b4 build/src/sylib/addrled.o
                0x03802e74                sylib::Addrled::Addrled(unsigned char, unsigned char, unsigned char, std::vector<unsigned long, std::allocator<unsigned long> >)
                0x03802e74                sylib::Addrled::Addrled(unsigned char, unsigned char, unsigned char, std::vector<unsigned long, std::allocator<unsigned long> >)
 .text._ZN5sylib7Addrled22setAddrledUpdateCyclesEi
                0x03803128       0xa0 build/src/sylib/addrled.o
                0x03803128                sylib::Addrled::setAddrledUpdateCycles(int)
 .text._ZNSt6vectorImSaImEE6resizeEj
                0x038031c8       0x30 build/src/sylib/addrled.o
                0x038031c8                std::vector<unsigned long, std::allocator<unsigned long> >::resize(unsigned int)
 .text._ZNSt6vectorImSaImEED2Ev
                0x038031f8       0x24 build/src/sylib/addrled.o
                0x038031f8                std::vector<unsigned long, std::allocator<unsigned long> >::~vector()
 .text._ZN5sylib7AddrleddeEv
                0x0380321c        0x8 build/src/sylib/addrled.o
                0x0380321c                sylib::Addrled::operator*()
 .text._ZNSt6vectorIPN5sylib7AddrledESaIS2_EED2Ev
                0x03803224       0x24 build/src/sylib/addrled.o
                0x03803224                std::vector<sylib::Addrled*, std::allocator<sylib::Addrled*> >::~vector()
 .text._ZN5sylib7Addrled6updateEv
                0x03803248      0x500 build/src/sylib/addrled.o
                0x03803248                sylib::Addrled::update()
 .text._ZNSt6vectorImSaImEEaSERKS1_
                0x03803748      0x104 build/src/sylib/addrled.o
                0x03803748                std::vector<unsigned long, std::allocator<unsigned long> >::operator=(std::vector<unsigned long, std::allocator<unsigned long> > const&)
 .text._ZN5sylib7Addrled7set_allEm
                0x0380384c       0x6c build/src/sylib/addrled.o
                0x0380384c                sylib::Addrled::set_all(unsigned long)
 .text._ZN5sylib7Addrled15interpolate_rgbEmmii
                0x038038b8       0xac build/src/sylib/addrled.o
                0x038038b8                sylib::Addrled::interpolate_rgb(unsigned long, unsigned long, int, int)
 .text._ZN5sylib7Addrled15interpolate_hsvEmmii
                0x03803964       0x94 build/src/sylib/addrled.o
                0x03803964                sylib::Addrled::interpolate_hsv(unsigned long, unsigned long, int, int)
 .text._ZN5sylib7Addrled10rgb_to_hsvEm
                0x038039f8      0x150 build/src/sylib/addrled.o
                0x038039f8                sylib::Addrled::rgb_to_hsv(unsigned long)
 .text._ZN5sylib7Addrled10hsv_to_rgbENS_3hsvE
                0x03803b48      0x180 build/src/sylib/addrled.o
                0x03803b48                sylib::Addrled::hsv_to_rgb(sylib::hsv)
 .text._ZN5sylib7Addrled8gradientEmmiibb
                0x03803cc8       0xac build/src/sylib/addrled.o
                0x03803cc8                sylib::Addrled::gradient(unsigned long, unsigned long, int, int, bool, bool)
 *fill*         0x03803d74        0x4 
 .text._ZN5sylib7Addrled5cycleESt6vectorImSaImEEiib
                0x03803d78       0x98 build/src/sylib/addrled.o
                0x03803d78                sylib::Addrled::cycle(std::vector<unsigned long, std::allocator<unsigned long> >, int, int, bool)
 .text._ZNSt6vectorIPN5sylib7AddrledESaIS2_EE19_M_emplace_back_auxIJS2_EEEvDpOT_
                0x03803e10       0x8c build/src/sylib/addrled.o
                0x03803e10                void std::vector<sylib::Addrled*, std::allocator<sylib::Addrled*> >::_M_emplace_back_aux<sylib::Addrled*>(sylib::Addrled*&&)
 .text._ZNKSt6vectorIPN5sylib7AddrledESaIS2_EE12_M_check_lenEjPKc
                0x03803e9c       0x54 build/src/sylib/addrled.o
                0x03803e9c                std::vector<sylib::Addrled*, std::allocator<sylib::Addrled*> >::_M_check_len(unsigned int, char const*) const
 .text._ZNSt12_Vector_baseIPN5sylib7AddrledESaIS2_EE11_M_allocateEj
                0x03803ef0       0x30 build/src/sylib/addrled.o
                0x03803ef0                std::_Vector_base<sylib::Addrled*, std::allocator<sylib::Addrled*> >::_M_allocate(unsigned int)
 .text._ZNSt6vectorImSaImEE17_M_default_appendEj
                0x03803f20       0xcc build/src/sylib/addrled.o
                0x03803f20                std::vector<unsigned long, std::allocator<unsigned long> >::_M_default_append(unsigned int)
 .text._ZNKSt6vectorImSaImEE12_M_check_lenEjPKc
                0x03803fec       0x54 build/src/sylib/addrled.o
                0x03803fec                std::vector<unsigned long, std::allocator<unsigned long> >::_M_check_len(unsigned int, char const*) const
 .text._ZSt8__rotateIN9__gnu_cxx17__normal_iteratorIPmSt6vectorImSaImEEEEEvT_S7_S7_St26random_access_iterator_tag
                0x03804040      0x150 build/src/sylib/addrled.o
                0x03804040                void std::__rotate<__gnu_cxx::__normal_iterator<unsigned long*, std::vector<unsigned long, std::allocator<unsigned long> > > >(__gnu_cxx::__normal_iterator<unsigned long*, std::vector<unsigned long, std::allocator<unsigned long> > >, __gnu_cxx::__normal_iterator<unsigned long*, std::vector<unsigned long, std::allocator<unsigned long> > >, __gnu_cxx::__normal_iterator<unsigned long*, std::vector<unsigned long, std::allocator<unsigned long> > >, std::random_access_iterator_tag)
 .text._GLOBAL__sub_I_addrled.cpp
                0x03804190       0x84 build/src/sylib/addrled.o
 .text.vexMain  0x03804214       0xb0 c:\Users\dan\AppData\Roaming\Code\User\globalStorage\vexrobotics.vexcode\sdk\cpp\V5\V5_20220726_10_00_00/vexv5\libv5rt.a(v5_startup.c.obj)
                0x03804214                vexMain
 .text.__vex_function_prolog
                0x038042c4       0x18 c:\Users\dan\AppData\Roaming\Code\User\globalStorage\vexrobotics.vexcode\sdk\cpp\V5\V5_20220726_10_00_00/vexv5\libv5rt.a(v5_startup.c.obj)
                0x038042c4                __vex_function_prolog
 .text._init    0x038042dc        0x4 c:\Users\dan\AppData\Roaming\Code\User\globalStorage\vexrobotics.vexcode\sdk\cpp\V5\V5_20220726_10_00_00/vexv5\libv5rt.a(v5_startup.c.obj)
                0x038042dc                _init
 .text._fini    0x038042e0        0x4 c:\Users\dan\AppData\Roaming\Code\User\globalStorage\vexrobotics.vexcode\sdk\cpp\V5\V5_20220726_10_00_00/vexv5\libv5rt.a(v5_startup.c.obj)
                0x038042e0                _fini
 .text.vexStdlibVersionLinked
                0x038042e4        0xc c:\Users\dan\AppData\Roaming\Code\User\globalStorage\vexrobotics.vexcode\sdk\cpp\V5\V5_20220726_10_00_00/vexv5\libv5rt.a(v5_util.c.obj)
                0x038042e4                vexStdlibVersionLinked
 .text.vexStdlibVersionVerify
                0x038042f0       0x30 c:\Users\dan\AppData\Roaming\Code\User\globalStorage\vexrobotics.vexcode\sdk\cpp\V5\V5_20220726_10_00_00/vexv5\libv5rt.a(v5_util.c.obj)
                0x038042f0                vexStdlibVersionVerify
 .text.vexPrivateApiEnable
                0x03804320       0x10 c:\Users\dan\AppData\Roaming\Code\User\globalStorage\vexrobotics.vexcode\sdk\cpp\V5\V5_20220726_10_00_00/vexv5\libv5rt.a(v5_apijump.c.obj)
                0x03804320                vexPrivateApiEnable
 .text.vexStdlibMismatchError
                0x03804330       0x3c c:\Users\dan\AppData\Roaming\Code\User\globalStorage\vexrobotics.vexcode\sdk\cpp\V5\V5_20220726_10_00_00/vexv5\libv5rt.a(v5_apijump.c.obj)
                0x03804330                vexStdlibMismatchError
 .text.vexTaskAdd
                0x0380436c       0x10 c:\Users\dan\AppData\Roaming\Code\User\globalStorage\vexrobotics.vexcode\sdk\cpp\V5\V5_20220726_10_00_00/vexv5\libv5rt.a(v5_apijump.c.obj)
                0x0380436c                vexTaskAdd
 .text.vexTasksRun
                0x0380437c       0x10 c:\Users\dan\AppData\Roaming\Code\User\globalStorage\vexrobotics.vexcode\sdk\cpp\V5\V5_20220726_10_00_00/vexv5\libv5rt.a(v5_apijump.c.obj)
                0x0380437c                vexTasksRun
 .text.vexTaskYield
                0x0380438c       0x10 c:\Users\dan\AppData\Roaming\Code\User\globalStorage\vexrobotics.vexcode\sdk\cpp\V5\V5_20220726_10_00_00/vexv5\libv5rt.a(v5_apijump.c.obj)
                0x0380438c                vexTaskYield
 .text.vexTaskCheckTimeslice
                0x0380439c       0x10 c:\Users\dan\AppData\Roaming\Code\User\globalStorage\vexrobotics.vexcode\sdk\cpp\V5\V5_20220726_10_00_00/vexv5\libv5rt.a(v5_apijump.c.obj)
                0x0380439c                vexTaskCheckTimeslice
 .text.vexTaskGetIndex
                0x038043ac       0x10 c:\Users\dan\AppData\Roaming\Code\User\globalStorage\vexrobotics.vexcode\sdk\cpp\V5\V5_20220726_10_00_00/vexv5\libv5rt.a(v5_apijump.c.obj)
                0x038043ac                vexTaskGetIndex
 .text.vexTaskSleep
                0x038043bc       0x10 c:\Users\dan\AppData\Roaming\Code\User\globalStorage\vexrobotics.vexcode\sdk\cpp\V5\V5_20220726_10_00_00/vexv5\libv5rt.a(v5_apijump.c.obj)
                0x038043bc                vexTaskSleep
 .text.vexSemaphoreInit
                0x038043cc       0x24 c:\Users\dan\AppData\Roaming\Code\User\globalStorage\vexrobotics.vexcode\sdk\cpp\V5\V5_20220726_10_00_00/vexv5\libv5rt.a(v5_apijump.c.obj)
                0x038043cc                vexSemaphoreInit
 .text.vexSemaphoreLock
                0x038043f0       0x2c c:\Users\dan\AppData\Roaming\Code\User\globalStorage\vexrobotics.vexcode\sdk\cpp\V5\V5_20220726_10_00_00/vexv5\libv5rt.a(v5_apijump.c.obj)
                0x038043f0                vexSemaphoreLock
 .text.vexSemaphoreUnlock
                0x0380441c       0x24 c:\Users\dan\AppData\Roaming\Code\User\globalStorage\vexrobotics.vexcode\sdk\cpp\V5\V5_20220726_10_00_00/vexv5\libv5rt.a(v5_apijump.c.obj)
                0x0380441c                vexSemaphoreUnlock
 .text.vexTasksDump
                0x03804440       0x1c c:\Users\dan\AppData\Roaming\Code\User\globalStorage\vexrobotics.vexcode\sdk\cpp\V5\V5_20220726_10_00_00/vexv5\libv5rt.a(v5_apijump.c.obj)
                0x03804440                vexTasksDump
 .text.vexTaskGetTaskIndex
                0x0380445c       0x10 c:\Users\dan\AppData\Roaming\Code\User\globalStorage\vexrobotics.vexcode\sdk\cpp\V5\V5_20220726_10_00_00/vexv5\libv5rt.a(v5_apijump.c.obj)
                0x0380445c                vexTaskGetTaskIndex
 .text.vexTaskStopAll
                0x0380446c       0x10 c:\Users\dan\AppData\Roaming\Code\User\globalStorage\vexrobotics.vexcode\sdk\cpp\V5\V5_20220726_10_00_00/vexv5\libv5rt.a(v5_apijump.c.obj)
                0x0380446c                vexTaskStopAll
 .text.vexTaskRemoveAllUser
                0x0380447c       0x34 c:\Users\dan\AppData\Roaming\Code\User\globalStorage\vexrobotics.vexcode\sdk\cpp\V5\V5_20220726_10_00_00/vexv5\libv5rt.a(v5_apijump.c.obj)
                0x0380447c                vexTaskRemoveAllUser
 .text.vexTaskCompletionIdSet
                0x038044b0       0x10 c:\Users\dan\AppData\Roaming\Code\User\globalStorage\vexrobotics.vexcode\sdk\cpp\V5\V5_20220726_10_00_00/vexv5\libv5rt.a(v5_apijump.c.obj)
                0x038044b0                vexTaskCompletionIdSet
 .text.vexTaskStopWithId
                0x038044c0       0x10 c:\Users\dan\AppData\Roaming\Code\User\globalStorage\vexrobotics.vexcode\sdk\cpp\V5\V5_20220726_10_00_00/vexv5\libv5rt.a(v5_apijump.c.obj)
                0x038044c0                vexTaskStopWithId
 .text.vexTaskGetCallbackAndId
                0x038044d0       0x54 c:\Users\dan\AppData\Roaming\Code\User\globalStorage\vexrobotics.vexcode\sdk\cpp\V5\V5_20220726_10_00_00/vexv5\libv5rt.a(v5_apijump.c.obj)
                0x038044d0                vexTaskGetCallbackAndId
 .text.vexCriticalSection
                0x03804524       0x2c c:\Users\dan\AppData\Roaming\Code\User\globalStorage\vexrobotics.vexcode\sdk\cpp\V5\V5_20220726_10_00_00/vexv5\libv5rt.a(v5_apijump.c.obj)
                0x03804524                vexCriticalSection
 .text.vexEventAdd
                0x03804550       0x34 c:\Users\dan\AppData\Roaming\Code\User\globalStorage\vexrobotics.vexcode\sdk\cpp\V5\V5_20220726_10_00_00/vexv5\libv5rt.a(v5_apijump.c.obj)
                0x03804550                vexEventAdd
 .text.vexEventUserIndexGet
                0x03804584       0x1c c:\Users\dan\AppData\Roaming\Code\User\globalStorage\vexrobotics.vexcode\sdk\cpp\V5\V5_20220726_10_00_00/vexv5\libv5rt.a(v5_apijump.c.obj)
                0x03804584                vexEventUserIndexGet
 .text.vexEventAddWithArg
                0x038045a0       0x3c c:\Users\dan\AppData\Roaming\Code\User\globalStorage\vexrobotics.vexcode\sdk\cpp\V5\V5_20220726_10_00_00/vexv5\libv5rt.a(v5_apijump.c.obj)
                0x038045a0                vexEventAddWithArg
 .text.vexEventsCleanup
                0x038045dc       0x2c c:\Users\dan\AppData\Roaming\Code\User\globalStorage\vexrobotics.vexcode\sdk\cpp\V5\V5_20220726_10_00_00/vexv5\libv5rt.a(v5_apijump.c.obj)
                0x038045dc                vexEventsCleanup
 .text.vexDebug
                0x03804608       0x38 c:\Users\dan\AppData\Roaming\Code\User\globalStorage\vexrobotics.vexcode\sdk\cpp\V5\V5_20220726_10_00_00/vexv5\libv5rt.a(v5_apijump.c.obj)
                0x03804608                vexDebug
 .text.vex_sprintf
                0x03804640       0x40 c:\Users\dan\AppData\Roaming\Code\User\globalStorage\vexrobotics.vexcode\sdk\cpp\V5\V5_20220726_10_00_00/vexv5\libv5rt.a(v5_apijump.c.obj)
                0x03804640                vex_sprintf
 .text.vex_vsnprintf
                0x03804680       0x3c c:\Users\dan\AppData\Roaming\Code\User\globalStorage\vexrobotics.vexcode\sdk\cpp\V5\V5_20220726_10_00_00/vexv5\libv5rt.a(v5_apijump.c.obj)
                0x03804680                vex_vsnprintf
 .text.vexSystemTimeGet
                0x038046bc       0x1c c:\Users\dan\AppData\Roaming\Code\User\globalStorage\vexrobotics.vexcode\sdk\cpp\V5\V5_20220726_10_00_00/vexv5\libv5rt.a(v5_apijump.c.obj)
                0x038046bc                vexSystemTimeGet
 .text.vexSystemExitRequest
                0x038046d8       0x1c c:\Users\dan\AppData\Roaming\Code\User\globalStorage\vexrobotics.vexcode\sdk\cpp\V5\V5_20220726_10_00_00/vexv5\libv5rt.a(v5_apijump.c.obj)
                0x038046d8                vexSystemExitRequest
 .text.vexSystemHighResTimeGet
                0x038046f4       0x38 c:\Users\dan\AppData\Roaming\Code\User\globalStorage\vexrobotics.vexcode\sdk\cpp\V5\V5_20220726_10_00_00/vexv5\libv5rt.a(v5_apijump.c.obj)
                0x038046f4                vexSystemHighResTimeGet
 .text.vexDeviceGetByIndex
                0x0380472c       0x24 c:\Users\dan\AppData\Roaming\Code\User\globalStorage\vexrobotics.vexcode\sdk\cpp\V5\V5_20220726_10_00_00/vexv5\libv5rt.a(v5_apijump.c.obj)
                0x0380472c                vexDeviceGetByIndex
 .text.vexControllerGet
                0x03804750       0x2c c:\Users\dan\AppData\Roaming\Code\User\globalStorage\vexrobotics.vexcode\sdk\cpp\V5\V5_20220726_10_00_00/vexv5\libv5rt.a(v5_apijump.c.obj)
                0x03804750                vexControllerGet
 .text.vexDeviceAdiPortConfigSet
                0x0380477c       0x34 c:\Users\dan\AppData\Roaming\Code\User\globalStorage\vexrobotics.vexcode\sdk\cpp\V5\V5_20220726_10_00_00/vexv5\libv5rt.a(v5_apijump.c.obj)
                0x0380477c                vexDeviceAdiPortConfigSet
 .text.vexDeviceAdiPortConfigGet
                0x038047b0       0x2c c:\Users\dan\AppData\Roaming\Code\User\globalStorage\vexrobotics.vexcode\sdk\cpp\V5\V5_20220726_10_00_00/vexv5\libv5rt.a(v5_apijump.c.obj)
                0x038047b0                vexDeviceAdiPortConfigGet
 .text.vexDeviceAdiValueSet
                0x038047dc       0x34 c:\Users\dan\AppData\Roaming\Code\User\globalStorage\vexrobotics.vexcode\sdk\cpp\V5\V5_20220726_10_00_00/vexv5\libv5rt.a(v5_apijump.c.obj)
                0x038047dc                vexDeviceAdiValueSet
 .text.vexDeviceAdiValueGet
                0x03804810       0x2c c:\Users\dan\AppData\Roaming\Code\User\globalStorage\vexrobotics.vexcode\sdk\cpp\V5\V5_20220726_10_00_00/vexv5\libv5rt.a(v5_apijump.c.obj)
                0x03804810                vexDeviceAdiValueGet
 .text.vexDeviceAdiAddrLedSet
                0x0380483c       0x4c c:\Users\dan\AppData\Roaming\Code\User\globalStorage\vexrobotics.vexcode\sdk\cpp\V5\V5_20220726_10_00_00/vexv5\libv5rt.a(v5_apijump.c.obj)
                0x0380483c                vexDeviceAdiAddrLedSet
 .text.vexDeviceMotorVelocitySet
                0x03804888       0x2c c:\Users\dan\AppData\Roaming\Code\User\globalStorage\vexrobotics.vexcode\sdk\cpp\V5\V5_20220726_10_00_00/vexv5\libv5rt.a(v5_apijump.c.obj)
                0x03804888                vexDeviceMotorVelocitySet
 .text.vexDeviceMotorVelocityGet
                0x038048b4       0x24 c:\Users\dan\AppData\Roaming\Code\User\globalStorage\vexrobotics.vexcode\sdk\cpp\V5\V5_20220726_10_00_00/vexv5\libv5rt.a(v5_apijump.c.obj)
                0x038048b4                vexDeviceMotorVelocityGet
 .text.vexDeviceMotorActualVelocityGet
                0x038048d8       0x24 c:\Users\dan\AppData\Roaming\Code\User\globalStorage\vexrobotics.vexcode\sdk\cpp\V5\V5_20220726_10_00_00/vexv5\libv5rt.a(v5_apijump.c.obj)
                0x038048d8                vexDeviceMotorActualVelocityGet
 .text.vexDeviceMotorModeGet
                0x038048fc       0x24 c:\Users\dan\AppData\Roaming\Code\User\globalStorage\vexrobotics.vexcode\sdk\cpp\V5\V5_20220726_10_00_00/vexv5\libv5rt.a(v5_apijump.c.obj)
                0x038048fc                vexDeviceMotorModeGet
 .text.vexDeviceMotorZeroPositionFlagGet
                0x03804920       0x24 c:\Users\dan\AppData\Roaming\Code\User\globalStorage\vexrobotics.vexcode\sdk\cpp\V5\V5_20220726_10_00_00/vexv5\libv5rt.a(v5_apijump.c.obj)
                0x03804920                vexDeviceMotorZeroPositionFlagGet
 .text.vexDeviceMotorReverseFlagSet
                0x03804944       0x2c c:\Users\dan\AppData\Roaming\Code\User\globalStorage\vexrobotics.vexcode\sdk\cpp\V5\V5_20220726_10_00_00/vexv5\libv5rt.a(v5_apijump.c.obj)
                0x03804944                vexDeviceMotorReverseFlagSet
 .text.vexDeviceMotorEncoderUnitsSet
                0x03804970       0x2c c:\Users\dan\AppData\Roaming\Code\User\globalStorage\vexrobotics.vexcode\sdk\cpp\V5\V5_20220726_10_00_00/vexv5\libv5rt.a(v5_apijump.c.obj)
                0x03804970                vexDeviceMotorEncoderUnitsSet
 .text.vexDeviceMotorBrakeModeSet
                0x0380499c       0x2c c:\Users\dan\AppData\Roaming\Code\User\globalStorage\vexrobotics.vexcode\sdk\cpp\V5\V5_20220726_10_00_00/vexv5\libv5rt.a(v5_apijump.c.obj)
                0x0380499c                vexDeviceMotorBrakeModeSet
 .text.vexDeviceMotorPositionSet
                0x038049c8       0x34 c:\Users\dan\AppData\Roaming\Code\User\globalStorage\vexrobotics.vexcode\sdk\cpp\V5\V5_20220726_10_00_00/vexv5\libv5rt.a(v5_apijump.c.obj)
                0x038049c8                vexDeviceMotorPositionSet
 .text.vexDeviceMotorRelativeTargetSet
                0x038049fc       0x3c c:\Users\dan\AppData\Roaming\Code\User\globalStorage\vexrobotics.vexcode\sdk\cpp\V5\V5_20220726_10_00_00/vexv5\libv5rt.a(v5_apijump.c.obj)
                0x038049fc                vexDeviceMotorRelativeTargetSet
 .text.vexDeviceMotorGearingSet
                0x03804a38       0x2c c:\Users\dan\AppData\Roaming\Code\User\globalStorage\vexrobotics.vexcode\sdk\cpp\V5\V5_20220726_10_00_00/vexv5\libv5rt.a(v5_apijump.c.obj)
                0x03804a38                vexDeviceMotorGearingSet
 .text.vexDeviceMotorGearingGet
                0x03804a64       0x24 c:\Users\dan\AppData\Roaming\Code\User\globalStorage\vexrobotics.vexcode\sdk\cpp\V5\V5_20220726_10_00_00/vexv5\libv5rt.a(v5_apijump.c.obj)
                0x03804a64                vexDeviceMotorGearingGet
 .text.vexDeviceImuReset
                0x03804a88       0x24 c:\Users\dan\AppData\Roaming\Code\User\globalStorage\vexrobotics.vexcode\sdk\cpp\V5\V5_20220726_10_00_00/vexv5\libv5rt.a(v5_apijump.c.obj)
                0x03804a88                vexDeviceImuReset
 .text.vexDeviceImuHeadingGet
                0x03804aac       0x24 c:\Users\dan\AppData\Roaming\Code\User\globalStorage\vexrobotics.vexcode\sdk\cpp\V5\V5_20220726_10_00_00/vexv5\libv5rt.a(v5_apijump.c.obj)
                0x03804aac                vexDeviceImuHeadingGet
 .text.vexDeviceImuDegreesGet
                0x03804ad0       0x24 c:\Users\dan\AppData\Roaming\Code\User\globalStorage\vexrobotics.vexcode\sdk\cpp\V5\V5_20220726_10_00_00/vexv5\libv5rt.a(v5_apijump.c.obj)
                0x03804ad0                vexDeviceImuDegreesGet
 .text.vexDeviceImuStatusGet
                0x03804af4       0x24 c:\Users\dan\AppData\Roaming\Code\User\globalStorage\vexrobotics.vexcode\sdk\cpp\V5\V5_20220726_10_00_00/vexv5\libv5rt.a(v5_apijump.c.obj)
                0x03804af4                vexDeviceImuStatusGet
 .text.vexDeviceAbsEncPositionGet
                0x03804b18       0x24 c:\Users\dan\AppData\Roaming\Code\User\globalStorage\vexrobotics.vexcode\sdk\cpp\V5\V5_20220726_10_00_00/vexv5\libv5rt.a(v5_apijump.c.obj)
                0x03804b18                vexDeviceAbsEncPositionGet
 .text.vexDeviceAbsEncAngleGet
                0x03804b3c       0x24 c:\Users\dan\AppData\Roaming\Code\User\globalStorage\vexrobotics.vexcode\sdk\cpp\V5\V5_20220726_10_00_00/vexv5\libv5rt.a(v5_apijump.c.obj)
                0x03804b3c                vexDeviceAbsEncAngleGet
 .text.vexDeviceAbsEncReverseFlagSet
                0x03804b60       0x2c c:\Users\dan\AppData\Roaming\Code\User\globalStorage\vexrobotics.vexcode\sdk\cpp\V5\V5_20220726_10_00_00/vexv5\libv5rt.a(v5_apijump.c.obj)
                0x03804b60                vexDeviceAbsEncReverseFlagSet
 .text.vexDisplayForegroundColor
                0x03804b8c       0x24 c:\Users\dan\AppData\Roaming\Code\User\globalStorage\vexrobotics.vexcode\sdk\cpp\V5\V5_20220726_10_00_00/vexv5\libv5rt.a(v5_apijump.c.obj)
                0x03804b8c                vexDisplayForegroundColor
 .text.vexDisplayBackgroundColor
                0x03804bb0       0x24 c:\Users\dan\AppData\Roaming\Code\User\globalStorage\vexrobotics.vexcode\sdk\cpp\V5\V5_20220726_10_00_00/vexv5\libv5rt.a(v5_apijump.c.obj)
                0x03804bb0                vexDisplayBackgroundColor
 .text.vexDisplayRectClear
                0x03804bd4       0x4c c:\Users\dan\AppData\Roaming\Code\User\globalStorage\vexrobotics.vexcode\sdk\cpp\V5\V5_20220726_10_00_00/vexv5\libv5rt.a(v5_apijump.c.obj)
                0x03804bd4                vexDisplayRectClear
 .text.vexDisplayVPrintf
                0x03804c20       0x50 c:\Users\dan\AppData\Roaming\Code\User\globalStorage\vexrobotics.vexcode\sdk\cpp\V5\V5_20220726_10_00_00/vexv5\libv5rt.a(v5_apijump.c.obj)
                0x03804c20                vexDisplayVPrintf
 .text.vexDisplayTextReference
                0x03804c70       0x24 c:\Users\dan\AppData\Roaming\Code\User\globalStorage\vexrobotics.vexcode\sdk\cpp\V5\V5_20220726_10_00_00/vexv5\libv5rt.a(v5_apijump.c.obj)
                0x03804c70                vexDisplayTextReference
 .text.vexDisplayTextSize
                0x03804c94       0x2c c:\Users\dan\AppData\Roaming\Code\User\globalStorage\vexrobotics.vexcode\sdk\cpp\V5\V5_20220726_10_00_00/vexv5\libv5rt.a(v5_apijump.c.obj)
                0x03804c94                vexDisplayTextSize
 .text.vexDisplayFontNamedSet
                0x03804cc0       0x24 c:\Users\dan\AppData\Roaming\Code\User\globalStorage\vexrobotics.vexcode\sdk\cpp\V5\V5_20220726_10_00_00/vexv5\libv5rt.a(v5_apijump.c.obj)
                0x03804cc0                vexDisplayFontNamedSet
 .text.vexDisplayStringWidthGet
                0x03804ce4       0x24 c:\Users\dan\AppData\Roaming\Code\User\globalStorage\vexrobotics.vexcode\sdk\cpp\V5\V5_20220726_10_00_00/vexv5\libv5rt.a(v5_apijump.c.obj)
                0x03804ce4                vexDisplayStringWidthGet
 .text.vexSystemStdlibImpureDataAddr
                0x03804d08       0x28 c:\Users\dan\AppData\Roaming\Code\User\globalStorage\vexrobotics.vexcode\sdk\cpp\V5\V5_20220726_10_00_00/vexv5\libv5rt.a(v5_apijump.c.obj)
                0x03804d08                vexSystemStdlibImpureDataAddr
 .text.vexSystemStdlibImpureDataSize
                0x03804d30       0x28 c:\Users\dan\AppData\Roaming\Code\User\globalStorage\vexrobotics.vexcode\sdk\cpp\V5\V5_20220726_10_00_00/vexv5\libv5rt.a(v5_apijump.c.obj)
                0x03804d30                vexSystemStdlibImpureDataSize
 .text.vexSystemSaveUserData
                0x03804d58       0x3c c:\Users\dan\AppData\Roaming\Code\User\globalStorage\vexrobotics.vexcode\sdk\cpp\V5\V5_20220726_10_00_00/vexv5\libv5rt.a(v5_apijump.c.obj)
                0x03804d58                vexSystemSaveUserData
 .text.vexDisplayThemeIdGet
                0x03804d94       0x38 c:\Users\dan\AppData\Roaming\Code\User\globalStorage\vexrobotics.vexcode\sdk\cpp\V5\V5_20220726_10_00_00/vexv5\libv5rt.a(v5_apijump.c.obj)
                0x03804d94                vexDisplayThemeIdGet
 .text.vexDeviceEventMaskSet
                0x03804dcc       0x48 c:\Users\dan\AppData\Roaming\Code\User\globalStorage\vexrobotics.vexcode\sdk\cpp\V5\V5_20220726_10_00_00/vexv5\libv5rt.a(v5_apijump.c.obj)
                0x03804dcc                vexDeviceEventMaskSet
 .text.vexDeviceEventMaskGet
                0x03804e14       0x3c c:\Users\dan\AppData\Roaming\Code\User\globalStorage\vexrobotics.vexcode\sdk\cpp\V5\V5_20220726_10_00_00/vexv5\libv5rt.a(v5_apijump.c.obj)
                0x03804e14                vexDeviceEventMaskGet
 .text.vexSystemVersion
                0x03804e50       0x10 c:\Users\dan\AppData\Roaming\Code\User\globalStorage\vexrobotics.vexcode\sdk\cpp\V5\V5_20220726_10_00_00/vexv5\libv5rt.a(v5_apiversions.c.obj)
                0x03804e50                vexSystemVersion
 .text.vexStdlibVersion
                0x03804e60       0x10 c:\Users\dan\AppData\Roaming\Code\User\globalStorage\vexrobotics.vexcode\sdk\cpp\V5\V5_20220726_10_00_00/vexv5\libv5rt.a(v5_apiversions.c.obj)
                0x03804e60                vexStdlibVersion
 .text._ZN3vex4waitEdNS_9timeUnitsE
                0x03804e70       0x30 c:\Users\dan\AppData\Roaming\Code\User\globalStorage\vexrobotics.vexcode\sdk\cpp\V5\V5_20220726_10_00_00/vexv5\libv5rt.a(vex_global.cpp.obj)
                0x03804e70                vex::wait(double, vex::timeUnits)
 .text._ZN3vex5motorD2Ev
                0x03804ea0       0x20 c:\Users\dan\AppData\Roaming\Code\User\globalStorage\vexrobotics.vexcode\sdk\cpp\V5\V5_20220726_10_00_00/vexv5\libv5rt.a(vex_motor.cpp.obj)
                0x03804ea0                vex::motor::~motor()
                0x03804ea0                vex::motor::~motor()
 .text._ZN3vex5motorD0Ev
                0x03804ec0       0x1c c:\Users\dan\AppData\Roaming\Code\User\globalStorage\vexrobotics.vexcode\sdk\cpp\V5\V5_20220726_10_00_00/vexv5\libv5rt.a(vex_motor.cpp.obj)
                0x03804ec0                vex::motor::~motor()
 .text._ZN3vex5motor9installedEv
                0x03804edc       0x18 c:\Users\dan\AppData\Roaming\Code\User\globalStorage\vexrobotics.vexcode\sdk\cpp\V5\V5_20220726_10_00_00/vexv5\libv5rt.a(vex_motor.cpp.obj)
                0x03804edc                vex::motor::installed()
 .text._ZN3vex5motor15defaultStoppingENS_9brakeTypeE
                0x03804ef4       0x30 c:\Users\dan\AppData\Roaming\Code\User\globalStorage\vexrobotics.vexcode\sdk\cpp\V5\V5_20220726_10_00_00/vexv5\libv5rt.a(vex_motor.cpp.obj)
                0x03804ef4                vex::motor::defaultStopping(vex::brakeType)
 .text._ZN3vex5motor11setStoppingENS_9brakeTypeE
                0x03804f24        0x4 c:\Users\dan\AppData\Roaming\Code\User\globalStorage\vexrobotics.vexcode\sdk\cpp\V5\V5_20220726_10_00_00/vexv5\libv5rt.a(vex_motor.cpp.obj)
                0x03804f24                vex::motor::setStopping(vex::brakeType)
 .text._ZN3vex5motorC2El
                0x03804f28       0x78 c:\Users\dan\AppData\Roaming\Code\User\globalStorage\vexrobotics.vexcode\sdk\cpp\V5\V5_20220726_10_00_00/vexv5\libv5rt.a(vex_motor.cpp.obj)
                0x03804f28                vex::motor::motor(long)
                0x03804f28                vex::motor::motor(long)
 .text._ZN3vex5motorC2ElNS_11gearSettingEb
                0x03804fa0       0x34 c:\Users\dan\AppData\Roaming\Code\User\globalStorage\vexrobotics.vexcode\sdk\cpp\V5\V5_20220726_10_00_00/vexv5\libv5rt.a(vex_motor.cpp.obj)
                0x03804fa0                vex::motor::motor(long, vex::gearSetting, bool)
                0x03804fa0                vex::motor::motor(long, vex::gearSetting, bool)
 .text._ZN3vex5motor14isSpinningModeEv
                0x03804fd4       0x48 c:\Users\dan\AppData\Roaming\Code\User\globalStorage\vexrobotics.vexcode\sdk\cpp\V5\V5_20220726_10_00_00/vexv5\libv5rt.a(vex_motor.cpp.obj)
                0x03804fd4                vex::motor::isSpinningMode()
 .text._ZN3vex5motor10isSpinningEv
                0x0380501c       0x44 c:\Users\dan\AppData\Roaming\Code\User\globalStorage\vexrobotics.vexcode\sdk\cpp\V5\V5_20220726_10_00_00/vexv5\libv5rt.a(vex_motor.cpp.obj)
                0x0380501c                vex::motor::isSpinning()
 .text._ZN3vex5motor4stopENS_9brakeTypeE
                0x03805060       0x30 c:\Users\dan\AppData\Roaming\Code\User\globalStorage\vexrobotics.vexcode\sdk\cpp\V5\V5_20220726_10_00_00/vexv5\libv5rt.a(vex_motor.cpp.obj)
                0x03805060                vex::motor::stop(vex::brakeType)
 .text._ZN3vex5motor4stopEv
                0x03805090        0x8 c:\Users\dan\AppData\Roaming\Code\User\globalStorage\vexrobotics.vexcode\sdk\cpp\V5\V5_20220726_10_00_00/vexv5\libv5rt.a(vex_motor.cpp.obj)
                0x03805090                vex::motor::stop()
 .text._ZN3vex5motor16velocityToScaledEdNS_13velocityUnitsE
                0x03805098       0x5c c:\Users\dan\AppData\Roaming\Code\User\globalStorage\vexrobotics.vexcode\sdk\cpp\V5\V5_20220726_10_00_00/vexv5\libv5rt.a(vex_motor.cpp.obj)
                0x03805098                vex::motor::velocityToScaled(double, vex::velocityUnits)
 .text._ZN3vex5motor8velocityENS_13velocityUnitsE
                0x038050f4       0x30 c:\Users\dan\AppData\Roaming\Code\User\globalStorage\vexrobotics.vexcode\sdk\cpp\V5\V5_20220726_10_00_00/vexv5\libv5rt.a(vex_motor.cpp.obj)
                0x038050f4                vex::motor::velocity(vex::velocityUnits)
 .text._ZN3vex5motor5valueEv
                0x03805124       0x1c c:\Users\dan\AppData\Roaming\Code\User\globalStorage\vexrobotics.vexcode\sdk\cpp\V5\V5_20220726_10_00_00/vexv5\libv5rt.a(vex_motor.cpp.obj)
                0x03805124                vex::motor::value()
 .text._ZN3vex5motor16scaledToVelocityEdNS_13velocityUnitsE
                0x03805140       0xa4 c:\Users\dan\AppData\Roaming\Code\User\globalStorage\vexrobotics.vexcode\sdk\cpp\V5\V5_20220726_10_00_00/vexv5\libv5rt.a(vex_motor.cpp.obj)
                0x03805140                vex::motor::scaledToVelocity(double, vex::velocityUnits)
 .text._ZN3vex5motor4spinENS_13directionTypeEdNS_13velocityUnitsE
                0x038051e4       0x5c c:\Users\dan\AppData\Roaming\Code\User\globalStorage\vexrobotics.vexcode\sdk\cpp\V5\V5_20220726_10_00_00/vexv5\libv5rt.a(vex_motor.cpp.obj)
                0x038051e4                vex::motor::spin(vex::directionType, double, vex::velocityUnits)
 .text._ZN3vex5motor4spinENS_13directionTypeE
                0x03805240       0x28 c:\Users\dan\AppData\Roaming\Code\User\globalStorage\vexrobotics.vexcode\sdk\cpp\V5\V5_20220726_10_00_00/vexv5\libv5rt.a(vex_motor.cpp.obj)
                0x03805240                vex::motor::spin(vex::directionType)
 .text._ZN3vex5motor11setVelocityEdNS_13velocityUnitsE
                0x03805268       0x54 c:\Users\dan\AppData\Roaming\Code\User\globalStorage\vexrobotics.vexcode\sdk\cpp\V5\V5_20220726_10_00_00/vexv5\libv5rt.a(vex_motor.cpp.obj)
                0x03805268                vex::motor::setVelocity(double, vex::velocityUnits)
 .text._ZN3vex5motor16setRotationUnitsENS_13rotationUnitsE
                0x038052bc       0x1c c:\Users\dan\AppData\Roaming\Code\User\globalStorage\vexrobotics.vexcode\sdk\cpp\V5\V5_20220726_10_00_00/vexv5\libv5rt.a(vex_motor.cpp.obj)
                0x038052bc                vex::motor::setRotationUnits(vex::rotationUnits)
 .text._ZN3vex5motor7spinForEdNS_13rotationUnitsEdNS_13velocityUnitsEb
                0x038052d8       0xf4 c:\Users\dan\AppData\Roaming\Code\User\globalStorage\vexrobotics.vexcode\sdk\cpp\V5\V5_20220726_10_00_00/vexv5\libv5rt.a(vex_motor.cpp.obj)
                0x038052d8                vex::motor::spinFor(double, vex::rotationUnits, double, vex::velocityUnits, bool)
 .text._ZN3vex5motor7spinForENS_13directionTypeEdNS_13rotationUnitsEdNS_13velocityUnitsEb
                0x038053cc       0x34 c:\Users\dan\AppData\Roaming\Code\User\globalStorage\vexrobotics.vexcode\sdk\cpp\V5\V5_20220726_10_00_00/vexv5\libv5rt.a(vex_motor.cpp.obj)
                0x038053cc                vex::motor::spinFor(vex::directionType, double, vex::rotationUnits, double, vex::velocityUnits, bool)
 .text._ZN3vex5motor7spinForEdNS_13rotationUnitsEb
                0x03805400       0x34 c:\Users\dan\AppData\Roaming\Code\User\globalStorage\vexrobotics.vexcode\sdk\cpp\V5\V5_20220726_10_00_00/vexv5\libv5rt.a(vex_motor.cpp.obj)
                0x03805400                vex::motor::spinFor(double, vex::rotationUnits, bool)
 .text._ZN3vex8inertial11getTurnTypeEv
                0x03805434        0x8 c:\Users\dan\AppData\Roaming\Code\User\globalStorage\vexrobotics.vexcode\sdk\cpp\V5\V5_20220726_10_00_00/vexv5\libv5rt.a(vex_imu.cpp.obj)
                0x03805434                vex::inertial::getTurnType()
 .text._ZThn16_N3vex8inertial11getTurnTypeEv
                0x0380543c        0x8 c:\Users\dan\AppData\Roaming\Code\User\globalStorage\vexrobotics.vexcode\sdk\cpp\V5\V5_20220726_10_00_00/vexv5\libv5rt.a(vex_imu.cpp.obj)
                0x0380543c                non-virtual thunk to vex::inertial::getTurnType()
 *fill*         0x03805444        0x4 
 .text._ZN3vex8inertial10setHeadingEdNS_13rotationUnitsE
                0x03805448       0x58 c:\Users\dan\AppData\Roaming\Code\User\globalStorage\vexrobotics.vexcode\sdk\cpp\V5\V5_20220726_10_00_00/vexv5\libv5rt.a(vex_imu.cpp.obj)
                0x03805448                vex::inertial::setHeading(double, vex::rotationUnits)
 .text._ZThn16_N3vex8inertial10setHeadingEdNS_13rotationUnitsE
                0x038054a0        0x8 c:\Users\dan\AppData\Roaming\Code\User\globalStorage\vexrobotics.vexcode\sdk\cpp\V5\V5_20220726_10_00_00/vexv5\libv5rt.a(vex_imu.cpp.obj)
                0x038054a0                non-virtual thunk to vex::inertial::setHeading(double, vex::rotationUnits)
 .text._ZN3vex8inertial11setRotationEdNS_13rotationUnitsE
                0x038054a8       0x58 c:\Users\dan\AppData\Roaming\Code\User\globalStorage\vexrobotics.vexcode\sdk\cpp\V5\V5_20220726_10_00_00/vexv5\libv5rt.a(vex_imu.cpp.obj)
                0x038054a8                vex::inertial::setRotation(double, vex::rotationUnits)
 .text._ZThn16_N3vex8inertial11setRotationEdNS_13rotationUnitsE
                0x03805500        0x8 c:\Users\dan\AppData\Roaming\Code\User\globalStorage\vexrobotics.vexcode\sdk\cpp\V5\V5_20220726_10_00_00/vexv5\libv5rt.a(vex_imu.cpp.obj)
                0x03805500                non-virtual thunk to vex::inertial::setRotation(double, vex::rotationUnits)
 .text._ZN3vex8inertialD2Ev
                0x03805508       0x20 c:\Users\dan\AppData\Roaming\Code\User\globalStorage\vexrobotics.vexcode\sdk\cpp\V5\V5_20220726_10_00_00/vexv5\libv5rt.a(vex_imu.cpp.obj)
                0x03805508                vex::inertial::~inertial()
                0x03805508                vex::inertial::~inertial()
 .text._ZThn16_N3vex8inertialD1Ev
                0x03805528        0x8 c:\Users\dan\AppData\Roaming\Code\User\globalStorage\vexrobotics.vexcode\sdk\cpp\V5\V5_20220726_10_00_00/vexv5\libv5rt.a(vex_imu.cpp.obj)
                0x03805528                non-virtual thunk to vex::inertial::~inertial()
 .text._ZN3vex8inertialD0Ev
                0x03805530       0x1c c:\Users\dan\AppData\Roaming\Code\User\globalStorage\vexrobotics.vexcode\sdk\cpp\V5\V5_20220726_10_00_00/vexv5\libv5rt.a(vex_imu.cpp.obj)
                0x03805530                vex::inertial::~inertial()
 .text._ZThn16_N3vex8inertialD0Ev
                0x0380554c        0x8 c:\Users\dan\AppData\Roaming\Code\User\globalStorage\vexrobotics.vexcode\sdk\cpp\V5\V5_20220726_10_00_00/vexv5\libv5rt.a(vex_imu.cpp.obj)
                0x0380554c                non-virtual thunk to vex::inertial::~inertial()
 .text._ZN3vex8inertial9installedEv
                0x03805554       0x18 c:\Users\dan\AppData\Roaming\Code\User\globalStorage\vexrobotics.vexcode\sdk\cpp\V5\V5_20220726_10_00_00/vexv5\libv5rt.a(vex_imu.cpp.obj)
                0x03805554                vex::inertial::installed()
 .text._ZN3vex8inertial5angleENS_13rotationUnitsE
                0x0380556c       0x6c c:\Users\dan\AppData\Roaming\Code\User\globalStorage\vexrobotics.vexcode\sdk\cpp\V5\V5_20220726_10_00_00/vexv5\libv5rt.a(vex_imu.cpp.obj)
                0x0380556c                vex::inertial::angle(vex::rotationUnits)
 .text._ZThn16_N3vex8inertial5angleENS_13rotationUnitsE
                0x038055d8        0x8 c:\Users\dan\AppData\Roaming\Code\User\globalStorage\vexrobotics.vexcode\sdk\cpp\V5\V5_20220726_10_00_00/vexv5\libv5rt.a(vex_imu.cpp.obj)
                0x038055d8                non-virtual thunk to vex::inertial::angle(vex::rotationUnits)
 .text._ZN3vex8inertial7headingENS_13rotationUnitsE
                0x038055e0        0x4 c:\Users\dan\AppData\Roaming\Code\User\globalStorage\vexrobotics.vexcode\sdk\cpp\V5\V5_20220726_10_00_00/vexv5\libv5rt.a(vex_imu.cpp.obj)
                0x038055e0                vex::inertial::heading(vex::rotationUnits)
 .text._ZThn16_N3vex8inertial7headingENS_13rotationUnitsE
                0x038055e4        0x8 c:\Users\dan\AppData\Roaming\Code\User\globalStorage\vexrobotics.vexcode\sdk\cpp\V5\V5_20220726_10_00_00/vexv5\libv5rt.a(vex_imu.cpp.obj)
                0x038055e4                non-virtual thunk to vex::inertial::heading(vex::rotationUnits)
 .text._ZN3vex8inertial5valueEv
                0x038055ec       0x1c c:\Users\dan\AppData\Roaming\Code\User\globalStorage\vexrobotics.vexcode\sdk\cpp\V5\V5_20220726_10_00_00/vexv5\libv5rt.a(vex_imu.cpp.obj)
                0x038055ec                vex::inertial::value()
 .text._ZN3vex8inertial8rotationENS_13rotationUnitsE
                0x03805608       0x48 c:\Users\dan\AppData\Roaming\Code\User\globalStorage\vexrobotics.vexcode\sdk\cpp\V5\V5_20220726_10_00_00/vexv5\libv5rt.a(vex_imu.cpp.obj)
                0x03805608                vex::inertial::rotation(vex::rotationUnits)
 .text._ZThn16_N3vex8inertial8rotationENS_13rotationUnitsE
                0x03805650        0x8 c:\Users\dan\AppData\Roaming\Code\User\globalStorage\vexrobotics.vexcode\sdk\cpp\V5\V5_20220726_10_00_00/vexv5\libv5rt.a(vex_imu.cpp.obj)
                0x03805650                non-virtual thunk to vex::inertial::rotation(vex::rotationUnits)
 .text._ZN3vex8inertial13isCalibratingEv
                0x03805658       0x38 c:\Users\dan\AppData\Roaming\Code\User\globalStorage\vexrobotics.vexcode\sdk\cpp\V5\V5_20220726_10_00_00/vexv5\libv5rt.a(vex_imu.cpp.obj)
                0x03805658                vex::inertial::isCalibrating()
 .text._ZThn16_N3vex8inertial13isCalibratingEv
                0x03805690        0x8 c:\Users\dan\AppData\Roaming\Code\User\globalStorage\vexrobotics.vexcode\sdk\cpp\V5\V5_20220726_10_00_00/vexv5\libv5rt.a(vex_imu.cpp.obj)
                0x03805690                non-virtual thunk to vex::inertial::isCalibrating()
 .text._ZN3vex8inertialC2ElNS_8turnTypeE
                0x03805698       0x4c c:\Users\dan\AppData\Roaming\Code\User\globalStorage\vexrobotics.vexcode\sdk\cpp\V5\V5_20220726_10_00_00/vexv5\libv5rt.a(vex_imu.cpp.obj)
                0x03805698                vex::inertial::inertial(long, vex::turnType)
                0x03805698                vex::inertial::inertial(long, vex::turnType)
 .text._ZN3vex8inertial12resetHeadingEv
                0x038056e4       0x20 c:\Users\dan\AppData\Roaming\Code\User\globalStorage\vexrobotics.vexcode\sdk\cpp\V5\V5_20220726_10_00_00/vexv5\libv5rt.a(vex_imu.cpp.obj)
                0x038056e4                vex::inertial::resetHeading()
 .text._ZN3vex8inertial16startCalibrationEl
                0x03805704       0x20 c:\Users\dan\AppData\Roaming\Code\User\globalStorage\vexrobotics.vexcode\sdk\cpp\V5\V5_20220726_10_00_00/vexv5\libv5rt.a(vex_imu.cpp.obj)
                0x03805704                vex::inertial::startCalibration(long)
 .text._ZN3vex8inertial9calibrateEl
                0x03805724        0xc c:\Users\dan\AppData\Roaming\Code\User\globalStorage\vexrobotics.vexcode\sdk\cpp\V5\V5_20220726_10_00_00/vexv5\libv5rt.a(vex_imu.cpp.obj)
                0x03805724                vex::inertial::calibrate(long)
                0x03805728                non-virtual thunk to vex::inertial::calibrate(long)
 .text._ZN3vex8rotationD2Ev
                0x03805730       0x20 c:\Users\dan\AppData\Roaming\Code\User\globalStorage\vexrobotics.vexcode\sdk\cpp\V5\V5_20220726_10_00_00/vexv5\libv5rt.a(vex_rotation.cpp.obj)
                0x03805730                vex::rotation::~rotation()
                0x03805730                vex::rotation::~rotation()
 .text._ZN3vex8rotationD0Ev
                0x03805750       0x1c c:\Users\dan\AppData\Roaming\Code\User\globalStorage\vexrobotics.vexcode\sdk\cpp\V5\V5_20220726_10_00_00/vexv5\libv5rt.a(vex_rotation.cpp.obj)
                0x03805750                vex::rotation::~rotation()
 .text._ZN3vex8rotation9installedEv
                0x0380576c       0x18 c:\Users\dan\AppData\Roaming\Code\User\globalStorage\vexrobotics.vexcode\sdk\cpp\V5\V5_20220726_10_00_00/vexv5\libv5rt.a(vex_rotation.cpp.obj)
                0x0380576c                vex::rotation::installed()
 .text._ZN3vex8rotation5valueEv
                0x03805784        0x8 c:\Users\dan\AppData\Roaming\Code\User\globalStorage\vexrobotics.vexcode\sdk\cpp\V5\V5_20220726_10_00_00/vexv5\libv5rt.a(vex_rotation.cpp.obj)
                0x03805784                vex::rotation::value()
 .text._ZN3vex8rotationC2Elb
                0x0380578c       0x30 c:\Users\dan\AppData\Roaming\Code\User\globalStorage\vexrobotics.vexcode\sdk\cpp\V5\V5_20220726_10_00_00/vexv5\libv5rt.a(vex_rotation.cpp.obj)
                0x0380578c                vex::rotation::rotation(long, bool)
                0x0380578c                vex::rotation::rotation(long, bool)
 *fill*         0x038057bc        0x4 
 .text._ZN3vex8rotation8positionENS_13rotationUnitsE
                0x038057c0       0x50 c:\Users\dan\AppData\Roaming\Code\User\globalStorage\vexrobotics.vexcode\sdk\cpp\V5\V5_20220726_10_00_00/vexv5\libv5rt.a(vex_rotation.cpp.obj)
                0x038057c0                vex::rotation::position(vex::rotationUnits)
 .text._ZN3vex10controllerD2Ev
                0x03805810        0x4 c:\Users\dan\AppData\Roaming\Code\User\globalStorage\vexrobotics.vexcode\sdk\cpp\V5\V5_20220726_10_00_00/vexv5\libv5rt.a(vex_controller.cpp.obj)
                0x03805810                vex::controller::~controller()
                0x03805810                vex::controller::~controller()
 .text._ZN3vex10controller5valueE19_V5_ControllerIndex
                0x03805814        0x8 c:\Users\dan\AppData\Roaming\Code\User\globalStorage\vexrobotics.vexcode\sdk\cpp\V5\V5_20220726_10_00_00/vexv5\libv5rt.a(vex_controller.cpp.obj)
                0x03805814                vex::controller::value(_V5_ControllerIndex)
 .text._ZNK3vex10controller6button8pressingEv
                0x0380581c       0xc8 c:\Users\dan\AppData\Roaming\Code\User\globalStorage\vexrobotics.vexcode\sdk\cpp\V5\V5_20220726_10_00_00/vexv5\libv5rt.a(vex_controller.cpp.obj)
                0x0380581c                vex::controller::button::pressing() const
 .text._ZNK3vex10controller6button7pressedEPFvvE
                0x038058e4      0x108 c:\Users\dan\AppData\Roaming\Code\User\globalStorage\vexrobotics.vexcode\sdk\cpp\V5\V5_20220726_10_00_00/vexv5\libv5rt.a(vex_controller.cpp.obj)
                0x038058e4                vex::controller::button::pressed(void (*)()) const
 .text._ZNK3vex10controller6button8releasedEPFvvE
                0x038059ec      0x108 c:\Users\dan\AppData\Roaming\Code\User\globalStorage\vexrobotics.vexcode\sdk\cpp\V5\V5_20220726_10_00_00/vexv5\libv5rt.a(vex_controller.cpp.obj)
                0x038059ec                vex::controller::button::released(void (*)()) const
 .text._ZNK3vex10controller6button21_buttonToPressedEventEv
                0x03805af4       0x20 c:\Users\dan\AppData\Roaming\Code\User\globalStorage\vexrobotics.vexcode\sdk\cpp\V5\V5_20220726_10_00_00/vexv5\libv5rt.a(vex_controller.cpp.obj)
                0x03805af4                vex::controller::button::_buttonToPressedEvent() const
 .text._ZNK3vex10controller6button22_buttonToReleasedEventEv
                0x03805b14       0x20 c:\Users\dan\AppData\Roaming\Code\User\globalStorage\vexrobotics.vexcode\sdk\cpp\V5\V5_20220726_10_00_00/vexv5\libv5rt.a(vex_controller.cpp.obj)
                0x03805b14                vex::controller::button::_buttonToReleasedEvent() const
 .text._ZN3vex10controller6buttonC2ENS0_11tButtonTypeEPS0_
                0x03805b34       0x48 c:\Users\dan\AppData\Roaming\Code\User\globalStorage\vexrobotics.vexcode\sdk\cpp\V5\V5_20220726_10_00_00/vexv5\libv5rt.a(vex_controller.cpp.obj)
                0x03805b34                vex::controller::button::button(vex::controller::tButtonType, vex::controller*)
                0x03805b34                vex::controller::button::button(vex::controller::tButtonType, vex::controller*)
 .text._ZNK3vex10controller4axis5valueEv
                0x03805b7c       0x58 c:\Users\dan\AppData\Roaming\Code\User\globalStorage\vexrobotics.vexcode\sdk\cpp\V5\V5_20220726_10_00_00/vexv5\libv5rt.a(vex_controller.cpp.obj)
                0x03805b7c                vex::controller::axis::value() const
 .text._ZNK3vex10controller4axis8positionENS_12percentUnitsE
                0x03805bd4       0x1c c:\Users\dan\AppData\Roaming\Code\User\globalStorage\vexrobotics.vexcode\sdk\cpp\V5\V5_20220726_10_00_00/vexv5\libv5rt.a(vex_controller.cpp.obj)
                0x03805bd4                vex::controller::axis::position(vex::percentUnits) const
 .text._ZNK3vex10controller4axis23_joystickToChangedEventEv
                0x03805bf0       0x20 c:\Users\dan\AppData\Roaming\Code\User\globalStorage\vexrobotics.vexcode\sdk\cpp\V5\V5_20220726_10_00_00/vexv5\libv5rt.a(vex_controller.cpp.obj)
                0x03805bf0                vex::controller::axis::_joystickToChangedEvent() const
 .text._ZN3vex10controller4axisC2ENS0_9tAxisTypeEPS0_
                0x03805c10       0x2c c:\Users\dan\AppData\Roaming\Code\User\globalStorage\vexrobotics.vexcode\sdk\cpp\V5\V5_20220726_10_00_00/vexv5\libv5rt.a(vex_controller.cpp.obj)
                0x03805c10                vex::controller::axis::axis(vex::controller::tAxisType, vex::controller*)
                0x03805c10                vex::controller::axis::axis(vex::controller::tAxisType, vex::controller*)
 .text._ZN3vex10controllerC2ENS_14controllerTypeE
                0x03805c3c      0x16c c:\Users\dan\AppData\Roaming\Code\User\globalStorage\vexrobotics.vexcode\sdk\cpp\V5\V5_20220726_10_00_00/vexv5\libv5rt.a(vex_controller.cpp.obj)
                0x03805c3c                vex::controller::controller(vex::controllerType)
                0x03805c3c                vex::controller::controller(vex::controllerType)
 .text._ZN3vex4taskC2Ev
                0x03805da8       0x28 c:\Users\dan\AppData\Roaming\Code\User\globalStorage\vexrobotics.vexcode\sdk\cpp\V5\V5_20220726_10_00_00/vexv5\libv5rt.a(vex_task.cpp.obj)
                0x03805da8                vex::task::task()
                0x03805da8                vex::task::task()
 .text._ZN3vex4taskC2EPFivE
                0x03805dd0       0x5c c:\Users\dan\AppData\Roaming\Code\User\globalStorage\vexrobotics.vexcode\sdk\cpp\V5\V5_20220726_10_00_00/vexv5\libv5rt.a(vex_task.cpp.obj)
                0x03805dd0                vex::task::task(int (*)())
                0x03805dd0                vex::task::task(int (*)())
 .text._ZN3vex4taskD2Ev
                0x03805e2c        0x4 c:\Users\dan\AppData\Roaming\Code\User\globalStorage\vexrobotics.vexcode\sdk\cpp\V5\V5_20220726_10_00_00/vexv5\libv5rt.a(vex_task.cpp.obj)
                0x03805e2c                vex::task::~task()
                0x03805e2c                vex::task::~task()
 .text._ZN3vex4task4stopEPvi
                0x03805e30       0x1c c:\Users\dan\AppData\Roaming\Code\User\globalStorage\vexrobotics.vexcode\sdk\cpp\V5\V5_20220726_10_00_00/vexv5\libv5rt.a(vex_task.cpp.obj)
                0x03805e30                vex::task::stop(void*, int)
 .text._ZN3vex4task6_indexEPFivE
                0x03805e4c       0x14 c:\Users\dan\AppData\Roaming\Code\User\globalStorage\vexrobotics.vexcode\sdk\cpp\V5\V5_20220726_10_00_00/vexv5\libv5rt.a(vex_task.cpp.obj)
                0x03805e4c                vex::task::_index(int (*)())
 .text._ZN3vex4task8_stopAllEv
                0x03805e60       0x3c c:\Users\dan\AppData\Roaming\Code\User\globalStorage\vexrobotics.vexcode\sdk\cpp\V5\V5_20220726_10_00_00/vexv5\libv5rt.a(vex_task.cpp.obj)
                0x03805e60                vex::task::_stopAll()
 .text._ZN3vex11this_thread9sleep_forEm
                0x03805e9c        0x4 c:\Users\dan\AppData\Roaming\Code\User\globalStorage\vexrobotics.vexcode\sdk\cpp\V5\V5_20220726_10_00_00/vexv5\libv5rt.a(vex_thread.cpp.obj)
                0x03805e9c                vex::this_thread::sleep_for(unsigned long)
 .text._ZN3vex11this_thread11sleep_untilEm
                0x03805ea0       0x20 c:\Users\dan\AppData\Roaming\Code\User\globalStorage\vexrobotics.vexcode\sdk\cpp\V5\V5_20220726_10_00_00/vexv5\libv5rt.a(vex_thread.cpp.obj)
                0x03805ea0                vex::this_thread::sleep_until(unsigned long)
 .text._ZN3vex5mutexC2Ev
                0x03805ec0       0x1c c:\Users\dan\AppData\Roaming\Code\User\globalStorage\vexrobotics.vexcode\sdk\cpp\V5\V5_20220726_10_00_00/vexv5\libv5rt.a(vex_thread.cpp.obj)
                0x03805ec0                vex::mutex::mutex()
                0x03805ec0                vex::mutex::mutex()
 .text._ZN3vex5mutexD2Ev
                0x03805edc        0x4 c:\Users\dan\AppData\Roaming\Code\User\globalStorage\vexrobotics.vexcode\sdk\cpp\V5\V5_20220726_10_00_00/vexv5\libv5rt.a(vex_thread.cpp.obj)
                0x03805edc                vex::mutex::~mutex()
                0x03805edc                vex::mutex::~mutex()
 .text._ZN3vex5mutex4lockEv
                0x03805ee0        0x8 c:\Users\dan\AppData\Roaming\Code\User\globalStorage\vexrobotics.vexcode\sdk\cpp\V5\V5_20220726_10_00_00/vexv5\libv5rt.a(vex_thread.cpp.obj)
                0x03805ee0                vex::mutex::lock()
 .text._ZN3vex5mutex6unlockEv
                0x03805ee8        0x4 c:\Users\dan\AppData\Roaming\Code\User\globalStorage\vexrobotics.vexcode\sdk\cpp\V5\V5_20220726_10_00_00/vexv5\libv5rt.a(vex_thread.cpp.obj)
                0x03805ee8                vex::mutex::unlock()
 .text._ZN3vex5event4initEmmPFvvE
                0x03805eec        0x4 c:\Users\dan\AppData\Roaming\Code\User\globalStorage\vexrobotics.vexcode\sdk\cpp\V5\V5_20220726_10_00_00/vexv5\libv5rt.a(vex_event.cpp.obj)
                0x03805eec                vex::event::init(unsigned long, unsigned long, void (*)())
 .text._ZN3vex5event4initEmmPFvPvES1_
                0x03805ef0        0x4 c:\Users\dan\AppData\Roaming\Code\User\globalStorage\vexrobotics.vexcode\sdk\cpp\V5\V5_20220726_10_00_00/vexv5\libv5rt.a(vex_event.cpp.obj)
                0x03805ef0                vex::event::init(unsigned long, unsigned long, void (*)(void*), void*)
 .text._ZN3vex5event9userindexEv
                0x03805ef4        0x4 c:\Users\dan\AppData\Roaming\Code\User\globalStorage\vexrobotics.vexcode\sdk\cpp\V5\V5_20220726_10_00_00/vexv5\libv5rt.a(vex_event.cpp.obj)
                0x03805ef4                vex::event::userindex()
 .text._ZZN3vex6meventC4EmmENUlvE_4_FUNEv
                0x03805ef8        0x4 c:\Users\dan\AppData\Roaming\Code\User\globalStorage\vexrobotics.vexcode\sdk\cpp\V5\V5_20220726_10_00_00/vexv5\libv5rt.a(vex_mevent.cpp.obj)
 .text._ZN3vex6meventC2Emm
                0x03805efc       0x70 c:\Users\dan\AppData\Roaming\Code\User\globalStorage\vexrobotics.vexcode\sdk\cpp\V5\V5_20220726_10_00_00/vexv5\libv5rt.a(vex_mevent.cpp.obj)
                0x03805efc                vex::mevent::mevent(unsigned long, unsigned long)
                0x03805efc                vex::mevent::mevent(unsigned long, unsigned long)
 .text._ZN3vex5brain9_getIndexEv
                0x03805f6c       0x10 c:\Users\dan\AppData\Roaming\Code\User\globalStorage\vexrobotics.vexcode\sdk\cpp\V5\V5_20220726_10_00_00/vexv5\libv5rt.a(vex_brain.cpp.obj)
                0x03805f6c                vex::brain::_getIndex()
 .text._ZN3vex5brain3lcd9setCursorEll
                0x03805f7c       0x44 c:\Users\dan\AppData\Roaming\Code\User\globalStorage\vexrobotics.vexcode\sdk\cpp\V5\V5_20220726_10_00_00/vexv5\libv5rt.a(vex_brain.cpp.obj)
                0x03805f7c                vex::brain::lcd::setCursor(long, long)
 .text._ZN3vex5brain3lcd7setFontENS_8fontTypeE
                0x03805fc0      0x23c c:\Users\dan\AppData\Roaming\Code\User\globalStorage\vexrobotics.vexcode\sdk\cpp\V5\V5_20220726_10_00_00/vexv5\libv5rt.a(vex_brain.cpp.obj)
                0x03805fc0                vex::brain::lcd::setFont(vex::fontType)
 .text._ZN3vex5brain3lcdC2Ev
                0x038061fc       0x94 c:\Users\dan\AppData\Roaming\Code\User\globalStorage\vexrobotics.vexcode\sdk\cpp\V5\V5_20220726_10_00_00/vexv5\libv5rt.a(vex_brain.cpp.obj)
                0x038061fc                vex::brain::lcd::lcd()
                0x038061fc                vex::brain::lcd::lcd()
 .text._ZN3vex5brainC2Ev
                0x03806290       0x3c c:\Users\dan\AppData\Roaming\Code\User\globalStorage\vexrobotics.vexcode\sdk\cpp\V5\V5_20220726_10_00_00/vexv5\libv5rt.a(vex_brain.cpp.obj)
                0x03806290                vex::brain::brain()
                0x03806290                vex::brain::brain()
 .text._ZN3vex5brain3lcd10rowToPixelEl
                0x038062cc       0x34 c:\Users\dan\AppData\Roaming\Code\User\globalStorage\vexrobotics.vexcode\sdk\cpp\V5\V5_20220726_10_00_00/vexv5\libv5rt.a(vex_brain.cpp.obj)
                0x038062cc                vex::brain::lcd::rowToPixel(long)
 .text._ZN3vex5brain3lcd9clearLineEv
                0x03806300       0x38 c:\Users\dan\AppData\Roaming\Code\User\globalStorage\vexrobotics.vexcode\sdk\cpp\V5\V5_20220726_10_00_00/vexv5\libv5rt.a(vex_brain.cpp.obj)
                0x03806300                vex::brain::lcd::clearLine()
 .text._ZN3vex5brain3lcd5printEPKcz
                0x03806338       0xb8 c:\Users\dan\AppData\Roaming\Code\User\globalStorage\vexrobotics.vexcode\sdk\cpp\V5\V5_20220726_10_00_00/vexv5\libv5rt.a(vex_brain.cpp.obj)
                0x03806338                vex::brain::lcd::print(char const*, ...)
 .text._ZN3vex5brainD2Ev
                0x038063f0       0x20 c:\Users\dan\AppData\Roaming\Code\User\globalStorage\vexrobotics.vexcode\sdk\cpp\V5\V5_20220726_10_00_00/vexv5\libv5rt.a(vex_brain.cpp.obj)
                0x038063f0                vex::brain::~brain()
                0x038063f0                vex::brain::~brain()
 .text._ZN3vex11competition8_disableEPv
                0x03806410       0xa4 c:\Users\dan\AppData\Roaming\Code\User\globalStorage\vexrobotics.vexcode\sdk\cpp\V5\V5_20220726_10_00_00/vexv5\libv5rt.a(vex_competition.cpp.obj)
                0x03806410                vex::competition::_disable(void*)
 .text._ZN3vex11competition11_autonomousEv
                0x038064b4       0x80 c:\Users\dan\AppData\Roaming\Code\User\globalStorage\vexrobotics.vexcode\sdk\cpp\V5\V5_20220726_10_00_00/vexv5\libv5rt.a(vex_competition.cpp.obj)
                0x038064b4                vex::competition::_autonomous()
 .text._ZN3vex11competition14_drivercontrolEv
                0x03806534       0x80 c:\Users\dan\AppData\Roaming\Code\User\globalStorage\vexrobotics.vexcode\sdk\cpp\V5\V5_20220726_10_00_00/vexv5\libv5rt.a(vex_competition.cpp.obj)
                0x03806534                vex::competition::_drivercontrol()
 .text._ZN3vex11competitionC2Ev
                0x038065b4      0x13c c:\Users\dan\AppData\Roaming\Code\User\globalStorage\vexrobotics.vexcode\sdk\cpp\V5\V5_20220726_10_00_00/vexv5\libv5rt.a(vex_competition.cpp.obj)
                0x038065b4                vex::competition::competition()
                0x038065b4                vex::competition::competition()
 .text._ZN3vex11competitionD2Ev
                0x038066f0        0x4 c:\Users\dan\AppData\Roaming\Code\User\globalStorage\vexrobotics.vexcode\sdk\cpp\V5\V5_20220726_10_00_00/vexv5\libv5rt.a(vex_competition.cpp.obj)
                0x038066f0                vex::competition::~competition()
                0x038066f0                vex::competition::~competition()
 .text._ZN3vex11competition10autonomousEPFvvE
                0x038066f4       0x44 c:\Users\dan\AppData\Roaming\Code\User\globalStorage\vexrobotics.vexcode\sdk\cpp\V5\V5_20220726_10_00_00/vexv5\libv5rt.a(vex_competition.cpp.obj)
                0x038066f4                vex::competition::autonomous(void (*)())
 .text._ZN3vex11competition13drivercontrolEPFvvE
                0x03806738       0x44 c:\Users\dan\AppData\Roaming\Code\User\globalStorage\vexrobotics.vexcode\sdk\cpp\V5\V5_20220726_10_00_00/vexv5\libv5rt.a(vex_competition.cpp.obj)
                0x03806738                vex::competition::drivercontrol(void (*)())
 .text._ZN3vex7triportD2Ev
                0x0380677c       0x38 c:\Users\dan\AppData\Roaming\Code\User\globalStorage\vexrobotics.vexcode\sdk\cpp\V5\V5_20220726_10_00_00/vexv5\libv5rt.a(vex_triport.cpp.obj)
                0x0380677c                vex::triport::~triport()
                0x0380677c                vex::triport::~triport()
 .text._ZN3vex7triportD0Ev
                0x038067b4       0x1c c:\Users\dan\AppData\Roaming\Code\User\globalStorage\vexrobotics.vexcode\sdk\cpp\V5\V5_20220726_10_00_00/vexv5\libv5rt.a(vex_triport.cpp.obj)
                0x038067b4                vex::triport::~triport()
 .text._ZN3vex7triport9installedEv
                0x038067d0       0x18 c:\Users\dan\AppData\Roaming\Code\User\globalStorage\vexrobotics.vexcode\sdk\cpp\V5\V5_20220726_10_00_00/vexv5\libv5rt.a(vex_triport.cpp.obj)
                0x038067d0                vex::triport::installed()
 .text._ZN3vex7triport4portC2ElPS0_
                0x038067e8       0x74 c:\Users\dan\AppData\Roaming\Code\User\globalStorage\vexrobotics.vexcode\sdk\cpp\V5\V5_20220726_10_00_00/vexv5\libv5rt.a(vex_triport.cpp.obj)
                0x038067e8                vex::triport::port::port(long, vex::triport*)
                0x038067e8                vex::triport::port::port(long, vex::triport*)
 .text._ZN3vex7triportC2El
                0x0380685c       0xf0 c:\Users\dan\AppData\Roaming\Code\User\globalStorage\vexrobotics.vexcode\sdk\cpp\V5\V5_20220726_10_00_00/vexv5\libv5rt.a(vex_triport.cpp.obj)
                0x0380685c                vex::triport::triport(long)
                0x0380685c                vex::triport::triport(long)
 .text._ZN3vex7triport4port4typeENS_11triportTypeE
                0x0380694c       0x30 c:\Users\dan\AppData\Roaming\Code\User\globalStorage\vexrobotics.vexcode\sdk\cpp\V5\V5_20220726_10_00_00/vexv5\libv5rt.a(vex_triport.cpp.obj)
                0x0380694c                vex::triport::port::type(vex::triportType)
 .text._ZN3vex7triport4port4typeEv
                0x0380697c       0x38 c:\Users\dan\AppData\Roaming\Code\User\globalStorage\vexrobotics.vexcode\sdk\cpp\V5\V5_20220726_10_00_00/vexv5\libv5rt.a(vex_triport.cpp.obj)
                0x0380697c                vex::triport::port::type()
 .text._ZN3vex7triport4port5valueEv
                0x038069b4       0x14 c:\Users\dan\AppData\Roaming\Code\User\globalStorage\vexrobotics.vexcode\sdk\cpp\V5\V5_20220726_10_00_00/vexv5\libv5rt.a(vex_triport.cpp.obj)
                0x038069b4                vex::triport::port::value()
 .text._ZN3vex7triport4port5valueEl
                0x038069c8       0x18 c:\Users\dan\AppData\Roaming\Code\User\globalStorage\vexrobotics.vexcode\sdk\cpp\V5\V5_20220726_10_00_00/vexv5\libv5rt.a(vex_triport.cpp.obj)
                0x038069c8                vex::triport::port::value(long)
 .text._ZN3vex11__trideviceC2ERNS_7triport4portENS_11triportTypeE
                0x038069e0       0x5c c:\Users\dan\AppData\Roaming\Code\User\globalStorage\vexrobotics.vexcode\sdk\cpp\V5\V5_20220726_10_00_00/vexv5\libv5rt.a(vex_triport.cpp.obj)
                0x038069e0                vex::__tridevice::__tridevice(vex::triport::port&, vex::triportType)
                0x038069e0                vex::__tridevice::__tridevice(vex::triport::port&, vex::triportType)
 .text._ZN3vex11digital_outC2ERNS_7triport4portE
                0x03806a3c       0x18 c:\Users\dan\AppData\Roaming\Code\User\globalStorage\vexrobotics.vexcode\sdk\cpp\V5\V5_20220726_10_00_00/vexv5\libv5rt.a(vex_triport.cpp.obj)
                0x03806a3c                vex::digital_out::digital_out(vex::triport::port&)
                0x03806a3c                vex::digital_out::digital_out(vex::triport::port&)
 .text._ZN3vex11digital_out5valueEv
                0x03806a54        0x8 c:\Users\dan\AppData\Roaming\Code\User\globalStorage\vexrobotics.vexcode\sdk\cpp\V5\V5_20220726_10_00_00/vexv5\libv5rt.a(vex_triport.cpp.obj)
                0x03806a54                vex::digital_out::value()
 .text._ZN3vex11digital_out3setEb
                0x03806a5c        0x8 c:\Users\dan\AppData\Roaming\Code\User\globalStorage\vexrobotics.vexcode\sdk\cpp\V5\V5_20220726_10_00_00/vexv5\libv5rt.a(vex_triport.cpp.obj)
                0x03806a5c                vex::digital_out::set(bool)
 .text._ZN3vex10pneumaticsC2ERNS_7triport4portE
                0x03806a64       0x14 c:\Users\dan\AppData\Roaming\Code\User\globalStorage\vexrobotics.vexcode\sdk\cpp\V5\V5_20220726_10_00_00/vexv5\libv5rt.a(vex_triport.cpp.obj)
                0x03806a64                vex::pneumatics::pneumatics(vex::triport::port&)
                0x03806a64                vex::pneumatics::pneumatics(vex::triport::port&)
 .text._ZN3vex10pneumaticsD2Ev
                0x03806a78        0x4 c:\Users\dan\AppData\Roaming\Code\User\globalStorage\vexrobotics.vexcode\sdk\cpp\V5\V5_20220726_10_00_00/vexv5\libv5rt.a(vex_triport.cpp.obj)
                0x03806a78                vex::pneumatics::~pneumatics()
                0x03806a78                vex::pneumatics::~pneumatics()
 .text._ZN3vex5colorD2Ev
                0x03806a7c        0x4 c:\Users\dan\AppData\Roaming\Code\User\globalStorage\vexrobotics.vexcode\sdk\cpp\V5\V5_20220726_10_00_00/vexv5\libv5rt.a(vex_color.cpp.obj)
                0x03806a7c                vex::color::~color()
                0x03806a7c                vex::color::~color()
 .text.startup._GLOBAL__sub_I__ZN3vex5color5blackE
                0x03806a80      0x164 c:\Users\dan\AppData\Roaming\Code\User\globalStorage\vexrobotics.vexcode\sdk\cpp\V5\V5_20220726_10_00_00/vexv5\libv5rt.a(vex_color.cpp.obj)
 .text._ZN3vex5timerD2Ev
                0x03806be4        0x4 c:\Users\dan\AppData\Roaming\Code\User\globalStorage\vexrobotics.vexcode\sdk\cpp\V5\V5_20220726_10_00_00/vexv5\libv5rt.a(vex_timer.cpp.obj)
                0x03806be4                vex::timer::~timer()
                0x03806be4                vex::timer::~timer()
 .text._ZN3vex5timer5clearEv
                0x03806be8       0x1c c:\Users\dan\AppData\Roaming\Code\User\globalStorage\vexrobotics.vexcode\sdk\cpp\V5\V5_20220726_10_00_00/vexv5\libv5rt.a(vex_timer.cpp.obj)
                0x03806be8                vex::timer::clear()
 .text._ZN3vex5timerC2Ev
                0x03806c04       0x14 c:\Users\dan\AppData\Roaming\Code\User\globalStorage\vexrobotics.vexcode\sdk\cpp\V5\V5_20220726_10_00_00/vexv5\libv5rt.a(vex_timer.cpp.obj)
                0x03806c04                vex::timer::timer()
                0x03806c04                vex::timer::timer()
 .text._ZN3vex5timer6systemEv
                0x03806c18        0x4 c:\Users\dan\AppData\Roaming\Code\User\globalStorage\vexrobotics.vexcode\sdk\cpp\V5\V5_20220726_10_00_00/vexv5\libv5rt.a(vex_timer.cpp.obj)
                0x03806c18                vex::timer::system()
 .text._ZN3vex11motor_group18motor_group_motorsC2Ev
                0x03806c1c       0x28 c:\Users\dan\AppData\Roaming\Code\User\globalStorage\vexrobotics.vexcode\sdk\cpp\V5\V5_20220726_10_00_00/vexv5\libv5rt.a(vex_motorgroup.cpp.obj)
                0x03806c1c                vex::motor_group::motor_group_motors::motor_group_motors()
                0x03806c1c                vex::motor_group::motor_group_motors::motor_group_motors()
 .text._ZN3vex11motor_groupC2Ev
                0x03806c44       0x1c c:\Users\dan\AppData\Roaming\Code\User\globalStorage\vexrobotics.vexcode\sdk\cpp\V5\V5_20220726_10_00_00/vexv5\libv5rt.a(vex_motorgroup.cpp.obj)
                0x03806c44                vex::motor_group::motor_group()
                0x03806c44                vex::motor_group::motor_group()
 .text._ZN3vex11motor_groupD2Ev
                0x03806c60        0x4 c:\Users\dan\AppData\Roaming\Code\User\globalStorage\vexrobotics.vexcode\sdk\cpp\V5\V5_20220726_10_00_00/vexv5\libv5rt.a(vex_motorgroup.cpp.obj)
                0x03806c60                vex::motor_group::~motor_group()
                0x03806c60                vex::motor_group::~motor_group()
 .text._ZN3vex11motor_group9_addMotorERNS_5motorE
                0x03806c64       0x20 c:\Users\dan\AppData\Roaming\Code\User\globalStorage\vexrobotics.vexcode\sdk\cpp\V5\V5_20220726_10_00_00/vexv5\libv5rt.a(vex_motorgroup.cpp.obj)
                0x03806c64                vex::motor_group::_addMotor(vex::motor&)
 .text._ZN3vex11motor_group11setVelocityEdNS_13velocityUnitsE
                0x03806c84       0x4c c:\Users\dan\AppData\Roaming\Code\User\globalStorage\vexrobotics.vexcode\sdk\cpp\V5\V5_20220726_10_00_00/vexv5\libv5rt.a(vex_motorgroup.cpp.obj)
                0x03806c84                vex::motor_group::setVelocity(double, vex::velocityUnits)
 .text._ZN3vex11motor_group11setStoppingENS_9brakeTypeE
                0x03806cd0       0x38 c:\Users\dan\AppData\Roaming\Code\User\globalStorage\vexrobotics.vexcode\sdk\cpp\V5\V5_20220726_10_00_00/vexv5\libv5rt.a(vex_motorgroup.cpp.obj)
                0x03806cd0                vex::motor_group::setStopping(vex::brakeType)
 .text._ZN3vex11motor_group4spinENS_13directionTypeE
                0x03806d08       0x38 c:\Users\dan\AppData\Roaming\Code\User\globalStorage\vexrobotics.vexcode\sdk\cpp\V5\V5_20220726_10_00_00/vexv5\libv5rt.a(vex_motorgroup.cpp.obj)
                0x03806d08                vex::motor_group::spin(vex::directionType)
 .text._ZN3vex11motor_group4spinENS_13directionTypeEdNS_13velocityUnitsE
                0x03806d40       0x54 c:\Users\dan\AppData\Roaming\Code\User\globalStorage\vexrobotics.vexcode\sdk\cpp\V5\V5_20220726_10_00_00/vexv5\libv5rt.a(vex_motorgroup.cpp.obj)
                0x03806d40                vex::motor_group::spin(vex::directionType, double, vex::velocityUnits)
 .text._ZN3vex11motor_group10isSpinningEv
                0x03806d94       0x40 c:\Users\dan\AppData\Roaming\Code\User\globalStorage\vexrobotics.vexcode\sdk\cpp\V5\V5_20220726_10_00_00/vexv5\libv5rt.a(vex_motorgroup.cpp.obj)
                0x03806d94                vex::motor_group::isSpinning()
 .text._ZN3vex11motor_group6isDoneEv
                0x03806dd4       0x14 c:\Users\dan\AppData\Roaming\Code\User\globalStorage\vexrobotics.vexcode\sdk\cpp\V5\V5_20220726_10_00_00/vexv5\libv5rt.a(vex_motorgroup.cpp.obj)
                0x03806dd4                vex::motor_group::isDone()
 .text._ZN3vex11motor_group4stopEv
                0x03806de8       0x30 c:\Users\dan\AppData\Roaming\Code\User\globalStorage\vexrobotics.vexcode\sdk\cpp\V5\V5_20220726_10_00_00/vexv5\libv5rt.a(vex_motorgroup.cpp.obj)
                0x03806de8                vex::motor_group::stop()
 .text._ZN3vex11motor_group8velocityENS_13velocityUnitsE
                0x03806e18        0xc c:\Users\dan\AppData\Roaming\Code\User\globalStorage\vexrobotics.vexcode\sdk\cpp\V5\V5_20220726_10_00_00/vexv5\libv5rt.a(vex_motorgroup.cpp.obj)
                0x03806e18                vex::motor_group::velocity(vex::velocityUnits)
 .text._ZN3vex11motor_group20waitForCompletionAllEv
                0x03806e24       0x60 c:\Users\dan\AppData\Roaming\Code\User\globalStorage\vexrobotics.vexcode\sdk\cpp\V5\V5_20220726_10_00_00/vexv5\libv5rt.a(vex_motorgroup.cpp.obj)
                0x03806e24                vex::motor_group::waitForCompletionAll()
 .text._ZN3vex11motor_group7spinForENS_13directionTypeEdNS_13rotationUnitsEdNS_13velocityUnitsEb
                0x03806e84       0xa8 c:\Users\dan\AppData\Roaming\Code\User\globalStorage\vexrobotics.vexcode\sdk\cpp\V5\V5_20220726_10_00_00/vexv5\libv5rt.a(vex_motorgroup.cpp.obj)
                0x03806e84                vex::motor_group::spinFor(vex::directionType, double, vex::rotationUnits, double, vex::velocityUnits, bool)
 .text._ZN3vex11motor_group7spinForEdNS_13rotationUnitsEb
                0x03806f2c       0x78 c:\Users\dan\AppData\Roaming\Code\User\globalStorage\vexrobotics.vexcode\sdk\cpp\V5\V5_20220726_10_00_00/vexv5\libv5rt.a(vex_motorgroup.cpp.obj)
                0x03806f2c                vex::motor_group::spinFor(double, vex::rotationUnits, bool)
 .text.vexAdiPortConfigSet
                0x03806fa4       0x28 c:\Users\dan\AppData\Roaming\Code\User\globalStorage\vexrobotics.vexcode\sdk\cpp\V5\V5_20220726_10_00_00/vexv5\libv5rt.a(v5_apiuser.c.obj)
                0x03806fa4                vexAdiPortConfigSet
 .text.vexAdiPortConfigGet
                0x03806fcc       0x28 c:\Users\dan\AppData\Roaming\Code\User\globalStorage\vexrobotics.vexcode\sdk\cpp\V5\V5_20220726_10_00_00/vexv5\libv5rt.a(v5_apiuser.c.obj)
                0x03806fcc                vexAdiPortConfigGet
 .text.vexAdiValueSet
                0x03806ff4       0x28 c:\Users\dan\AppData\Roaming\Code\User\globalStorage\vexrobotics.vexcode\sdk\cpp\V5\V5_20220726_10_00_00/vexv5\libv5rt.a(v5_apiuser.c.obj)
                0x03806ff4                vexAdiValueSet
 .text.vexAdiValueGet
                0x0380701c       0x20 c:\Users\dan\AppData\Roaming\Code\User\globalStorage\vexrobotics.vexcode\sdk\cpp\V5\V5_20220726_10_00_00/vexv5\libv5rt.a(v5_apiuser.c.obj)
                0x0380701c                vexAdiValueGet
 .text.vexMotorVelocitySet
                0x0380703c       0x20 c:\Users\dan\AppData\Roaming\Code\User\globalStorage\vexrobotics.vexcode\sdk\cpp\V5\V5_20220726_10_00_00/vexv5\libv5rt.a(v5_apiuser.c.obj)
                0x0380703c                vexMotorVelocitySet
 .text.vexMotorVelocityGet
                0x0380705c       0x18 c:\Users\dan\AppData\Roaming\Code\User\globalStorage\vexrobotics.vexcode\sdk\cpp\V5\V5_20220726_10_00_00/vexv5\libv5rt.a(v5_apiuser.c.obj)
                0x0380705c                vexMotorVelocityGet
 .text.vexMotorActualVelocityGet
                0x03807074       0x24 c:\Users\dan\AppData\Roaming\Code\User\globalStorage\vexrobotics.vexcode\sdk\cpp\V5\V5_20220726_10_00_00/vexv5\libv5rt.a(v5_apiuser.c.obj)
                0x03807074                vexMotorActualVelocityGet
 .text.vexMotorModeGet
                0x03807098       0x18 c:\Users\dan\AppData\Roaming\Code\User\globalStorage\vexrobotics.vexcode\sdk\cpp\V5\V5_20220726_10_00_00/vexv5\libv5rt.a(v5_apiuser.c.obj)
                0x03807098                vexMotorModeGet
 .text.vexMotorZeroPositionFlagGet
                0x038070b0       0x18 c:\Users\dan\AppData\Roaming\Code\User\globalStorage\vexrobotics.vexcode\sdk\cpp\V5\V5_20220726_10_00_00/vexv5\libv5rt.a(v5_apiuser.c.obj)
                0x038070b0                vexMotorZeroPositionFlagGet
 .text.vexMotorReverseFlagSet
                0x038070c8       0x20 c:\Users\dan\AppData\Roaming\Code\User\globalStorage\vexrobotics.vexcode\sdk\cpp\V5\V5_20220726_10_00_00/vexv5\libv5rt.a(v5_apiuser.c.obj)
                0x038070c8                vexMotorReverseFlagSet
 .text.vexMotorEncoderUnitsSet
                0x038070e8       0x20 c:\Users\dan\AppData\Roaming\Code\User\globalStorage\vexrobotics.vexcode\sdk\cpp\V5\V5_20220726_10_00_00/vexv5\libv5rt.a(v5_apiuser.c.obj)
                0x038070e8                vexMotorEncoderUnitsSet
 .text.vexMotorBrakeModeSet
                0x03807108       0x20 c:\Users\dan\AppData\Roaming\Code\User\globalStorage\vexrobotics.vexcode\sdk\cpp\V5\V5_20220726_10_00_00/vexv5\libv5rt.a(v5_apiuser.c.obj)
                0x03807108                vexMotorBrakeModeSet
 .text.vexMotorPositionSet
                0x03807128       0x28 c:\Users\dan\AppData\Roaming\Code\User\globalStorage\vexrobotics.vexcode\sdk\cpp\V5\V5_20220726_10_00_00/vexv5\libv5rt.a(v5_apiuser.c.obj)
                0x03807128                vexMotorPositionSet
 .text.vexMotorRelativeTargetSet
                0x03807150       0x30 c:\Users\dan\AppData\Roaming\Code\User\globalStorage\vexrobotics.vexcode\sdk\cpp\V5\V5_20220726_10_00_00/vexv5\libv5rt.a(v5_apiuser.c.obj)
                0x03807150                vexMotorRelativeTargetSet
 .text.vexMotorGearingSet
                0x03807180       0x20 c:\Users\dan\AppData\Roaming\Code\User\globalStorage\vexrobotics.vexcode\sdk\cpp\V5\V5_20220726_10_00_00/vexv5\libv5rt.a(v5_apiuser.c.obj)
                0x03807180                vexMotorGearingSet
 .text.vexMotorGearingGet
                0x038071a0       0x18 c:\Users\dan\AppData\Roaming\Code\User\globalStorage\vexrobotics.vexcode\sdk\cpp\V5\V5_20220726_10_00_00/vexv5\libv5rt.a(v5_apiuser.c.obj)
                0x038071a0                vexMotorGearingGet
 .text.vexImuReset
                0x038071b8       0x10 c:\Users\dan\AppData\Roaming\Code\User\globalStorage\vexrobotics.vexcode\sdk\cpp\V5\V5_20220726_10_00_00/vexv5\libv5rt.a(v5_apiuser.c.obj)
                0x038071b8                vexImuReset
 .text.vexImuHeadingGet
                0x038071c8       0x10 c:\Users\dan\AppData\Roaming\Code\User\globalStorage\vexrobotics.vexcode\sdk\cpp\V5\V5_20220726_10_00_00/vexv5\libv5rt.a(v5_apiuser.c.obj)
                0x038071c8                vexImuHeadingGet
 .text.vexImuDegreesGet
                0x038071d8       0x10 c:\Users\dan\AppData\Roaming\Code\User\globalStorage\vexrobotics.vexcode\sdk\cpp\V5\V5_20220726_10_00_00/vexv5\libv5rt.a(v5_apiuser.c.obj)
                0x038071d8                vexImuDegreesGet
 .text.vexImuStatusGet
                0x038071e8       0x10 c:\Users\dan\AppData\Roaming\Code\User\globalStorage\vexrobotics.vexcode\sdk\cpp\V5\V5_20220726_10_00_00/vexv5\libv5rt.a(v5_apiuser.c.obj)
                0x038071e8                vexImuStatusGet
 .text.vexAbsEncPositionGet
                0x038071f8       0x10 c:\Users\dan\AppData\Roaming\Code\User\globalStorage\vexrobotics.vexcode\sdk\cpp\V5\V5_20220726_10_00_00/vexv5\libv5rt.a(v5_apiuser.c.obj)
                0x038071f8                vexAbsEncPositionGet
 .text.vexAbsEncAngleGet
                0x03807208       0x10 c:\Users\dan\AppData\Roaming\Code\User\globalStorage\vexrobotics.vexcode\sdk\cpp\V5\V5_20220726_10_00_00/vexv5\libv5rt.a(v5_apiuser.c.obj)
                0x03807208                vexAbsEncAngleGet
 .text.vexAbsEncReverseFlagSet
                0x03807218       0x18 c:\Users\dan\AppData\Roaming\Code\User\globalStorage\vexrobotics.vexcode\sdk\cpp\V5\V5_20220726_10_00_00/vexv5\libv5rt.a(v5_apiuser.c.obj)
                0x03807218                vexAbsEncReverseFlagSet
 .text.vexEventMaskSet
                0x03807230       0x28 c:\Users\dan\AppData\Roaming\Code\User\globalStorage\vexrobotics.vexcode\sdk\cpp\V5\V5_20220726_10_00_00/vexv5\libv5rt.a(v5_apiuser.c.obj)
                0x03807230                vexEventMaskSet
 .text.vexEventMaskGet
                0x03807258       0x18 c:\Users\dan\AppData\Roaming\Code\User\globalStorage\vexrobotics.vexcode\sdk\cpp\V5\V5_20220726_10_00_00/vexv5\libv5rt.a(v5_apiuser.c.obj)
                0x03807258                vexEventMaskGet
 .text._ZN3vex6deviceD2Ev
                0x03807270        0x4 c:\Users\dan\AppData\Roaming\Code\User\globalStorage\vexrobotics.vexcode\sdk\cpp\V5\V5_20220726_10_00_00/vexv5\libv5rt.a(vex_device.cpp.obj)
                0x03807270                vex::device::~device()
                0x03807270                vex::device::~device()
 .text._ZN3vex6device5valueEv
                0x03807274        0x8 c:\Users\dan\AppData\Roaming\Code\User\globalStorage\vexrobotics.vexcode\sdk\cpp\V5\V5_20220726_10_00_00/vexv5\libv5rt.a(vex_device.cpp.obj)
                0x03807274                vex::device::value()
 .text._ZN3vex6deviceD0Ev
                0x0380727c       0x14 c:\Users\dan\AppData\Roaming\Code\User\globalStorage\vexrobotics.vexcode\sdk\cpp\V5\V5_20220726_10_00_00/vexv5\libv5rt.a(vex_device.cpp.obj)
                0x0380727c                vex::device::~device()
 .text._ZN3vex6device4initEl
                0x03807290       0x30 c:\Users\dan\AppData\Roaming\Code\User\globalStorage\vexrobotics.vexcode\sdk\cpp\V5\V5_20220726_10_00_00/vexv5\libv5rt.a(vex_device.cpp.obj)
                0x03807290                vex::device::init(long)
 .text._ZN3vex6deviceC2El
                0x038072c0       0x20 c:\Users\dan\AppData\Roaming\Code\User\globalStorage\vexrobotics.vexcode\sdk\cpp\V5\V5_20220726_10_00_00/vexv5\libv5rt.a(vex_device.cpp.obj)
                0x038072c0                vex::device::device(long)
                0x038072c0                vex::device::device(long)
 .text._ZN3vex6device4typeEv
                0x038072e0       0x10 c:\Users\dan\AppData\Roaming\Code\User\globalStorage\vexrobotics.vexcode\sdk\cpp\V5\V5_20220726_10_00_00/vexv5\libv5rt.a(vex_device.cpp.obj)
                0x038072e0                vex::device::type()
 .text._ZN3vex6device9installedEv
                0x038072f0       0x14 c:\Users\dan\AppData\Roaming\Code\User\globalStorage\vexrobotics.vexcode\sdk\cpp\V5\V5_20220726_10_00_00/vexv5\libv5rt.a(vex_device.cpp.obj)
                0x038072f0                vex::device::installed()
 .text.__aeabi_memclr
                0x03807304        0x8 c:\Users\dan\AppData\Roaming\Code\User\globalStorage\vexrobotics.vexcode\sdk\cpp\V5\V5_20220726_10_00_00/vexv5/gcc/libs\libc.a(lib_a-aeabi_memclr.o)
                0x03807304                __aeabi_memclr4
                0x03807304                __aeabi_memclr
                0x03807304                __aeabi_memclr8
 .text.__libc_fini_array
                0x0380730c       0x30 c:\Users\dan\AppData\Roaming\Code\User\globalStorage\vexrobotics.vexcode\sdk\cpp\V5\V5_20220726_10_00_00/vexv5/gcc/libs\libc.a(lib_a-fini.o)
                0x0380730c                __libc_fini_array
 .text.__libc_init_array
                0x0380733c       0x58 c:\Users\dan\AppData\Roaming\Code\User\globalStorage\vexrobotics.vexcode\sdk\cpp\V5\V5_20220726_10_00_00/vexv5/gcc/libs\libc.a(lib_a-init.o)
                0x0380733c                __libc_init_array
 .text._puts_r  0x03807394       0x68 c:\Users\dan\AppData\Roaming\Code\User\globalStorage\vexrobotics.vexcode\sdk\cpp\V5\V5_20220726_10_00_00/vexv5/gcc/libs\libc.a(lib_a-puts.o)
                0x03807394                _puts_r
 .text.puts     0x038073fc       0x10 c:\Users\dan\AppData\Roaming\Code\User\globalStorage\vexrobotics.vexcode\sdk\cpp\V5\V5_20220726_10_00_00/vexv5/gcc/libs\libc.a(lib_a-puts.o)
                0x038073fc                puts
 .text.fmax     0x0380740c       0x4c c:\Users\dan\AppData\Roaming\Code\User\globalStorage\vexrobotics.vexcode\sdk\cpp\V5\V5_20220726_10_00_00/vexv5/gcc/libs\libm.a(lib_a-s_fmax.o)
                0x0380740c                fmax
 .text.round    0x03807458       0x94 c:\Users\dan\AppData\Roaming\Code\User\globalStorage\vexrobotics.vexcode\sdk\cpp\V5\V5_20220726_10_00_00/vexv5/gcc/libs\libm.a(lib_a-s_round.o)
                0x03807458                round
 *fill*         0x038074ec        0x4 
 .text.round.__stub
                0x038074f0       0x20 linker stubs
 *(.gnu.linkonce.t.*)
 *(.plt)
 *(.gnu_warning)
 *(.gcc_except_table)
 *(.glue_7)
 .glue_7        0x00000000        0x0 linker stubs
 *(.glue_7t)
 .glue_7t       0x00000000        0x0 linker stubs
 *(.vfp11_veneer)
 .vfp11_veneer  0x00000000        0x0 linker stubs
 *(.ARM.extab)
 *(.gnu.linkonce.armextab.*)

.v4_bx          0x03807510        0x0
 .v4_bx         0x00000000        0x0 linker stubs

.iplt           0x03807510        0x0
 .iplt          0x00000000        0x0 build/src/main.o

.init
 *(.init)

.fini
 *(.fini)

.rodata         0x03807510      0x2c0
                0x03807510                __rodata_start = .
 *(.rodata)
 *(.rodata.*)
 .rodata.str1.1
                0x03807510       0x6f build/src/main.o
 *fill*         0x0380757f        0x1 
 .rodata._ZTVN5sylib6DeviceE
                0x03807580        0xc build/src/sylib/system.o
                0x03807580                vtable for sylib::Device
 .rodata.str1.1
                0x0380758c       0x32 build/src/sylib/system.o
 *fill*         0x038075be        0x2 
 .rodata._ZTVN5sylib7AddrledE
                0x038075c0        0xc build/src/sylib/addrled.o
                0x038075c0                vtable for sylib::Addrled
 .rodata.str1.1
                0x038075cc       0x1a build/src/sylib/addrled.o
                                 0x36 (size before relaxing)
 .rodata.str1.1
                0x038075e6       0x2e c:\Users\dan\AppData\Roaming\Code\User\globalStorage\vexrobotics.vexcode\sdk\cpp\V5\V5_20220726_10_00_00/vexv5\libv5rt.a(v5_startup.c.obj)
 .rodata._ZN3vex6PORT20E
                0x03807614        0x4 c:\Users\dan\AppData\Roaming\Code\User\globalStorage\vexrobotics.vexcode\sdk\cpp\V5\V5_20220726_10_00_00/vexv5\libv5rt.a(vex_global.cpp.obj)
                0x03807614                vex::PORT20
 .rodata._ZN3vex3fwdE